Component: ARM Compiler 5.06 update 6 (build 750) Tool: armlink [4d35ed]

==============================================================================

Section Cross References

    main.o(i.main) refers to task_sysinit.o(i.system_init) for system_init
    main.o(i.main) refers to delay.o(i.delay_ms) for delay_ms
    main.o(i.main) refers to tasks.o(i.xTaskCreate) for xTaskCreate
    main.o(i.main) refers to tasks.o(i.vTaskStartScheduler) for vTaskStartScheduler
    main.o(i.main) refers to main.o(.data) for g_start_task_handler
    main.o(i.main) refers to main.o(i.start_task) for start_task
    main.o(i.start_task) refers to port.o(i.vPortEnterCritical) for vPortEnterCritical
    main.o(i.start_task) refers to tasks.o(i.xTaskCreate) for xTaskCreate
    main.o(i.start_task) refers to tasks.o(i.vTaskDelete) for vTaskDelete
    main.o(i.start_task) refers to port.o(i.vPortExitCritical) for vPortExitCritical
    main.o(i.start_task) refers to task_imu.o(i.imu_task) for imu_task
    main.o(i.start_task) refers to task_control.o(i.control_task) for control_task
    main.o(i.start_task) refers to task_chassis.o(i.chassis_task) for chassis_task
    main.o(i.start_task) refers to task_gimbal.o(i.gimbal_task) for gimbal_task
    main.o(i.start_task) refers to task_vision.o(.data) for xHandleTaskPCParse
    main.o(i.start_task) refers to task_vision.o(i.vision_task) for vision_task
    main.o(i.start_task) refers to main.o(.data) for g_start_task_handler
    stm32f4xx_it.o(i.CAN1_RX0_IRQHandler) refers to stm32f4xx_can.o(i.CAN_Receive) for CAN_Receive
    stm32f4xx_it.o(i.CAN1_RX0_IRQHandler) refers to driver_edcoder.o(i.encoder_data_handler) for encoder_data_handler
    stm32f4xx_it.o(i.CAN1_RX0_IRQHandler) refers to stm32f4xx_it.o(.bss) for g_can1_receive_str
    stm32f4xx_it.o(i.CAN1_RX0_IRQHandler) refers to task_chassis.o(.bss) for g_chassis_move
    stm32f4xx_it.o(i.CAN1_RX0_IRQHandler) refers to task_imu.o(.bss) for g_cloud_gyroscope
    stm32f4xx_it.o(i.CAN1_RX0_IRQHandler) refers to task_gimbal.o(.bss) for g_gimbal_control
    stm32f4xx_it.o(i.CAN1_RX0_IRQHandler) refers to driver_dial.o(.bss) for g_dial_2006_motor
    stm32f4xx_it.o(i.CAN1_TX_IRQHandler) refers to stm32f4xx_can.o(i.CAN_GetITStatus) for CAN_GetITStatus
    stm32f4xx_it.o(i.CAN1_TX_IRQHandler) refers to stm32f4xx_can.o(i.CAN_ClearITPendingBit) for CAN_ClearITPendingBit
    stm32f4xx_it.o(i.CAN2_RX1_IRQHandler) refers to stm32f4xx_can.o(i.CAN_Receive) for CAN_Receive
    stm32f4xx_it.o(i.CAN2_RX1_IRQHandler) refers to driver_edcoder.o(i.encoder_data_handler) for encoder_data_handler
    stm32f4xx_it.o(i.CAN2_RX1_IRQHandler) refers to stm32f4xx_it.o(.bss) for g_can2_receive_str
    stm32f4xx_it.o(i.CAN2_RX1_IRQHandler) refers to driver_dial.o(.bss) for g_dial_2006_motor_assist
    stm32f4xx_it.o(i.DMA1_Stream0_IRQHandler) refers to stm32f4xx_dma.o(i.DMA_GetITStatus) for DMA_GetITStatus
    stm32f4xx_it.o(i.DMA1_Stream0_IRQHandler) refers to stm32f4xx_dma.o(i.DMA_ClearITPendingBit) for DMA_ClearITPendingBit
    stm32f4xx_it.o(i.DMA1_Stream0_IRQHandler) refers to stm32f4xx_dma.o(i.DMA_Cmd) for DMA_Cmd
    stm32f4xx_it.o(i.DMA2_Stream5_IRQHandler) refers to stm32f4xx_dma.o(i.DMA_GetITStatus) for DMA_GetITStatus
    stm32f4xx_it.o(i.DMA2_Stream5_IRQHandler) refers to stm32f4xx_dma.o(i.DMA_ClearFlag) for DMA_ClearFlag
    stm32f4xx_it.o(i.DMA2_Stream5_IRQHandler) refers to stm32f4xx_dma.o(i.DMA_ClearITPendingBit) for DMA_ClearITPendingBit
    stm32f4xx_it.o(i.DMA2_Stream5_IRQHandler) refers to driver_dbus.o(.bss) for g_sbus_rx_buffer
    stm32f4xx_it.o(i.DMA2_Stream7_IRQHandler) refers to stm32f4xx_dma.o(i.DMA_GetFlagStatus) for DMA_GetFlagStatus
    stm32f4xx_it.o(i.DMA2_Stream7_IRQHandler) refers to stm32f4xx_dma.o(i.DMA_ClearFlag) for DMA_ClearFlag
    stm32f4xx_it.o(i.UART8_IRQHandler) refers to stm32f4xx_usart.o(i.USART_GetITStatus) for USART_GetITStatus
    stm32f4xx_it.o(i.UART8_IRQHandler) refers to stm32f4xx_dma.o(i.DMA_Cmd) for DMA_Cmd
    stm32f4xx_it.o(i.UART8_IRQHandler) refers to stm32f4xx_dma.o(i.DMA_GetCurrDataCounter) for DMA_GetCurrDataCounter
    stm32f4xx_it.o(i.UART8_IRQHandler) refers to stm32f4xx_dma.o(i.DMA_GetCmdStatus) for DMA_GetCmdStatus
    stm32f4xx_it.o(i.UART8_IRQHandler) refers to stm32f4xx_dma.o(i.DMA_SetCurrDataCounter) for DMA_SetCurrDataCounter
    stm32f4xx_it.o(i.UART8_IRQHandler) refers to stm32f4xx_dma.o(i.DMA_ClearFlag) for DMA_ClearFlag
    stm32f4xx_it.o(i.UART8_IRQHandler) refers to bsp_dma.o(.constdata) for DMA_MINIPC_REVE_BUFF_SIZE
    stm32f4xx_it.o(i.USART6_DMA_SendData) refers to stm32f4xx_dma.o(i.DMA_Cmd) for DMA_Cmd
    stm32f4xx_it.o(i.USART6_DMA_SendData) refers to stm32f4xx_dma.o(i.DMA_GetCmdStatus) for DMA_GetCmdStatus
    stm32f4xx_it.o(i.USART6_DMA_SendData) refers to stm32f4xx_dma.o(i.DMA_SetCurrDataCounter) for DMA_SetCurrDataCounter
    stm32f4xx_it.o(i.USART6_DMA_SendData) refers to stm32f4xx_dma.o(i.DMA_ClearFlag) for DMA_ClearFlag
[...]
    mid_target                               0x200000d8   Data           4  task_gimbal.o(.data)
    deadhand                                 0x200000dc   Data           4  task_gimbal.o(.data)
    xHandleTaskPCParse                       0x200000e8   Data           4  task_vision.o(.data)
    vision_memory                            0x200000ec   Data           4  task_vision.o(.data)
    vision_send_memory                       0x200000f0   Data           4  task_vision.o(.data)
    vision_state                             0x200000f4   Data           1  task_vision.o(.data)
    Control_Device_Div_LPF_Parameter         0x20000100   Data          24  driver_filter.o(.data)
    Control_Device_Err_LPF_Parameter         0x20000118   Data          24  driver_filter.o(.data)
    NUM                                      0x20000130   Data         144  driver_filter.o(.data)
    DEN                                      0x200001c0   Data         144  driver_filter.o(.data)
    mpl_key                                  0x20000250   Data           4  inv_mpu.o(.data)
    g_can1_receive_str                       0x200002a0   Data          20  stm32f4xx_it.o(.bss)
    g_can2_receive_str                       0x200002b4   Data          20  stm32f4xx_it.o(.bss)
    moto_yaw                                 0x200002c8   Data          32  stm32f4xx_it.o(.bss)
    moto_pitch                               0x200002e8   Data          32  stm32f4xx_it.o(.bss)
    moto_2006_dial1                          0x20000308   Data          32  stm32f4xx_it.o(.bss)
    moto_2006_dial2                          0x20000328   Data          32  stm32f4xx_it.o(.bss)
    moto_chassis                             0x20000348   Data         128  stm32f4xx_it.o(.bss)
    USART_RX_BUF                             0x200003c8   Data         200  usart.o(.bss)
    xQueueRegistry                           0x20000490   Data          64  queue.o(.bss)
    g_dma_judge_receive_buff                 0x200131c0   Data        1000  bsp_dma.o(.bss)
    g_dma_judge_send_buff                    0x200135a8   Data        1000  bsp_dma.o(.bss)
    g_dma_minipc_send_buff                   0x20013990   Data          30  bsp_dma.o(.bss)
    g_dma_minipc_receice_buff                0x200139ae   Data          30  bsp_dma.o(.bss)
    g_cloud_gyroscope                        0x200139d0   Data          36  task_imu.o(.bss)
    g_chassis_gyroscope                      0x200139f4   Data          36  task_imu.o(.bss)
    g_chebyshev_filter                       0x20013a18   Data         304  task_imu.o(.bss)
    g_chassis_move                           0x20013b48   Data         836  task_chassis.o(.bss)
    g_gimbal_control                         0x20013e8c   Data         668  task_gimbal.o(.bss)
    g_vision_data                            0x20014128   Data          24  task_vision.o(.bss)
    state_data                               0x20014140   Data          15  driver_judge.o(.bss)
    g_dial_2006_motor                        0x20014150   Data         316  driver_dial.o(.bss)
    g_dial_2006_motor_assist                 0x2001428c   Data         316  driver_dial.o(.bss)
    shoot                                    0x200143c8   Data          32  driver_shoot.o(.bss)
    fric_ramp1                               0x200143e8   Data          24  driver_shoot.o(.bss)
    fric_ramp2                               0x20014400   Data          24  driver_shoot.o(.bss)
    super_fric_ramp1                         0x20014418   Data          24  driver_shoot.o(.bss)
    super_fric_ramp2                         0x20014430   Data          24  driver_shoot.o(.bss)
    g_sbus_rx_buffer                         0x20014448   Data          25  driver_dbus.o(.bss)
    RC_Ctl                                   0x20014462   Data          20  driver_dbus.o(.bss)
    cb                                       0x20014ac0   Data         232  compass_vec_cal.o(.bss)
    cb_test                                  0x20014ba8   Data         232  compass_vec_cal.o(.bss)
    cb_sim                                   0x20014c90   Data         232  compass_vec_cal.o(.bss)
    vc                                       0x20014d78   Data         424  compass_vec_cal.o(.bss)
    fnm                                      0x20014f20   Data         608  fast_no_motion.o(.bss)
    s9axis                                   0x200151c0   Data         312  fusion_9axis.o(.bss)
    mag_disturb                              0x200154bc   Data         184  mag_disturb.o(.bss)
    __libspace_start                         0x20015a98   Data          96  libspace.o(.bss)
    __temporary_stack_top$libspace           0x20015af8   Data           0  libspace.o(.bss)



==============================================================================

Memory Map of the image

  Image Entry point : 0x080001ad

  Load Region LR_IROM1 (Base: 0x08000000, Size: 0x00016b90, Max: 0x00200000, ABSOLUTE, COMPRESSED[0x00016a5c])

    Execution Region ER_IROM1 (Exec base: 0x08000000, Load base: 0x08000000, Size: 0x000168f0, Max: 0x00200000, ABSOLUTE)

    Exec Addr    Load Addr    Size         Type   Attr      Idx    E Section Name        Object

    0x08000000   0x08000000   0x000001ac   Data   RO          581    RESET               startup_stm32f427xx.o
    0x080001ac   0x080001ac   0x00000008   Code   RO         6927  * !!!main             c_w.l(__main.o)
    0x080001b4   0x080001b4   0x00000034   Code   RO         7540    !!!scatter          c_w.l(__scatter.o)
    0x080001e8   0x080001e8   0x0000005a   Code   RO         7538    !!dczerorl2         c_w.l(__dczerorl2.o)
    0x08000242   0x08000242   0x00000002   PAD
    0x08000244   0x08000244   0x0000001c   Code   RO         7542    !!handler_zi        c_w.l(__scatter_zi.o)
    0x08000260   0x08000260   0x00000000   Code   RO         6910    .ARM.Collect$$_printf_percent$$00000000  c_w.l(_printf_percent.o)
    0x08000260   0x08000260   0x00000006   Code   RO         7213    .ARM.Collect$$_printf_percent$$00000001  c_w.l(_printf_n.o)
    0x08000266   0x08000266   0x00000006   Code   RO         7214    .ARM.Collect$$_printf_percent$$00000002  c_w.l(_printf_p.o)
    0x0800026c   0x0800026c   0x00000006   Code   RO         6909    .ARM.Collect$$_printf_percent$$00000003  c_w.l(_printf_f.o)
    0x08000272   0x08000272   0x00000006   Code   RO         7218    .ARM.Collect$$_printf_percent$$00000004  c_w.l(_printf_e.o)
    0x08000278   0x08000278   0x00000006   Code   RO         7219    .ARM.Collect$$_printf_percent$$00000005  c_w.l(_printf_g.o)
    0x0800027e   0x0800027e   0x00000006   Code   RO         7220    .ARM.Collect$$_printf_percent$$00000006  c_w.l(_printf_a.o)
    0x08000284   0x08000284   0x0000000a   Code   RO         7225    .ARM.Collect$$_printf_percent$$00000007  c_w.l(_printf_ll.o)
    0x0800028e   0x0800028e   0x00000006   Code   RO         7216    .ARM.Collect$$_printf_percent$$00000008  c_w.l(_printf_i.o)
    0x08000294   0x08000294   0x00000006   Code   RO         6908    .ARM.Collect$$_printf_percent$$00000009  c_w.l(_printf_d.o)
    0x0800029a   0x0800029a   0x00000006   Code   RO         7217    .ARM.Collect$$_printf_percent$$0000000A  c_w.l(_printf_u.o)
    0x080002a0   0x080002a0   0x00000006   Code   RO         7215    .ARM.Collect$$_printf_percent$$0000000B  c_w.l(_printf_o.o)
    0x080002a6   0x080002a6   0x00000006   Code   RO         6907    .ARM.Collect$$_printf_percent$$0000000C  c_w.l(_printf_x.o)
    0x080002ac   0x080002ac   0x00000006   Code   RO         7222    .ARM.Collect$$_printf_percent$$0000000D  c_w.l(_printf_lli.o)
    0x080002b2   0x080002b2   0x00000006   Code   RO         7223    .ARM.Collect$$_printf_percent$$0000000E  c_w.l(_printf_lld.o)
    0x080002b8   0x080002b8   0x00000006   Code   RO         7224    .ARM.Collect$$_printf_percent$$0000000F  c_w.l(_printf_llu.o)
    0x080002be   0x080002be   0x00000006   Code   RO         7229    .ARM.Collect$$_printf_percent$$00000010  c_w.l(_printf_llo.o)
    0x080002c4   0x080002c4   0x00000006   Code   RO         7230    .ARM.Collect$$_printf_percent$$00000011  c_w.l(_printf_llx.o)
    0x080002ca   0x080002ca   0x0000000a   Code   RO         7226    .ARM.Collect$$_printf_percent$$00000012  c_w.l(_printf_l.o)
    0x080002d4   0x080002d4   0x00000006   Code   RO         7211    .ARM.Collect$$_printf_percent$$00000013  c_w.l(_printf_c.o)
    0x080002da   0x080002da   0x00000006   Code   RO         7212    .ARM.Collect$$_printf_percent$$00000014  c_w.l(_printf_s.o)
    0x080002e0   0x080002e0   0x00000006   Code   RO         7227    .ARM.Collect$$_printf_percent$$00000015  c_w.l(_printf_lc.o)
    0x080002e6   0x080002e6   0x00000006   Code   RO         7228    .ARM.Collect$$_printf_percent$$00000016  c_w.l(_printf_ls.o)
    0x080002ec   0x080002ec   0x00000004   Code   RO         7221    .ARM.Collect$$_printf_percent$$00000017  c_w.l(_printf_percent_end.o)
    0x080002f0   0x080002f0   0x00000002   Code   RO         7404    .ARM.Collect$$libinit$$00000000  c_w.l(libinit.o)
    0x080002f2   0x080002f2   0x00000004   Code   RO         7405    .ARM.Collect$$libinit$$00000001  c_w.l(libinit2.o)
    0x080002f6   0x080002f6   0x00000000   Code   RO         7408    .ARM.Collect$$libinit$$00000004  c_w.l(libinit2.o)
    0x080002f6   0x080002f6   0x00000000   Code   RO         7411    .ARM.Collect$$libinit$$0000000A  c_w.l(libinit2.o)
    0x080002f6   0x080002f6   0x00000000   Code   RO         7413    .ARM.Collect$$libinit$$0000000C  c_w.l(libinit2.o)
    0x080002f6   0x080002f6   0x00000000   Code   RO         7415    .ARM.Collect$$libinit$$0000000E  c_w.l(libinit2.o)
    0x080002f6   0x080002f6   0x00000006   Code   RO         7416    .ARM.Collect$$libinit$$0000000F  c_w.l(libinit2.o)
    0x080002fc   0x080002fc   0x00000000   Code   RO         7418    .ARM.Collect$$libinit$$00000011  c_w.l(libinit2.o)
    0x080002fc   0x080002fc   0x0000000c   Code   RO         7419    .ARM.Collect$$libinit$$00000012  c_w.l(libinit2.o)
    0x08000308   0x08000308   0x00000000   Code   RO         7420    .ARM.Collect$$libinit$$00000013  c_w.l(libinit2.o)
    0x08000308   0x08000308   0x00000000   Code   RO         7422    .ARM.Collect$$libinit$$00000015  c_w.l(libinit2.o)
    0x08000308   0x08000308   0x0000000a   Code   RO         7423    .ARM.Collect$$libinit$$00000016  c_w.l(libinit2.o)
    0x08000312   0x08000312   0x00000000   Code   RO         7424    .ARM.Collect$$libinit$$00000017  c_w.l(libinit2.o)
    0x08000312   0x08000312   0x00000000   Code   RO         7426    .ARM.Collect$$libinit$$00000019  c_w.l(libinit2.o)
    0x08000312   0x08000312   0x00000000   Code   RO         7428    .ARM.Collect$$libinit$$0000001B  c_w.l(libinit2.o)
    0x08000312   0x08000312   0x00000000   Code   RO         7430    .ARM.Collect$$libinit$$0000001D  c_w.l(libinit2.o)
    0x08000312   0x08000312   0x00000000   Code   RO         7432    .ARM.Collect$$libinit$$0000001F  c_w.l(libinit2.o)
    0x08000312   0x08000312   0x00000000   Code   RO         7434    .ARM.Collect$$libinit$$00000021  c_w.l(libinit2.o)
    0x08000312   0x08000312   0x00000000   Code   RO         7436    .ARM.Collect$$libinit$$00000023  c_w.l(libinit2.o)
    0x08000312   0x08000312   0x00000000   Code   RO         7438    .ARM.Collect$$libinit$$00000025  c_w.l(libinit2.o)
    0x08000312   0x08000312   0x00000000   Code   RO         7442    .ARM.Collect$$libinit$$0000002C  c_w.l(libinit2.o)
    0x08000312   0x08000312   0x00000000   Code   RO         7444    .ARM.Collect$$libinit$$0000002E  c_w.l(libinit2.o)
    0x08000312   0x08000312   0x00000000   Code   RO         7446    .ARM.Collect$$libinit$$00000030  c_w.l(libinit2.o)
    0x08000312   0x08000312   0x00000000   Code   RO         7448    .ARM.Collect$$libinit$$00000032  c_w.l(libinit2.o)
    0x08000312   0x08000312   0x00000002   Code   RO         7449    .ARM.Collect$$libinit$$00000033  c_w.l(libinit2.o)
    0x08000314   0x08000314   0x00000002   Code   RO         7498    .ARM.Collect$$libshutdown$$00000000  c_w.l(libshutdown.o)
    0x08000316   0x08000316   0x00000000   Code   RO         7507    .ARM.Collect$$libshutdown$$00000002  c_w.l(libshutdown2.o)
    0x08000316   0x08000316   0x00000000   Code   RO         7509    .ARM.Collect$$libshutdown$$00000004  c_w.l(libshutdown2.o)
    0x08000316   0x08000316   0x00000000   Code   RO         7512    .ARM.Collect$$libshutdown$$00000007  c_w.l(libshutdown2.o)
    0x08000316   0x08000316   0x00000000   Code   RO         7515    .ARM.Collect$$libshutdown$$0000000A  c_w.l(libshutdown2.o)
    0x08000316   0x08000316   0x00000000   Code   RO         7517    .ARM.Collect$$libshutdown$$0000000C  c_w.l(libshutdown2.o)
    0x08000316   0x08000316   0x00000000   Code   RO         7520    .ARM.Collect$$libshutdown$$0000000F  c_w.l(libshutdown2.o)
    0x08000316   0x08000316   0x00000002   Code   RO         7521    .ARM.Collect$$libshutdown$$00000010  c_w.l(libshutdown2.o)
    0x08000318   0x08000318   0x00000000   Code   RO         7179    .ARM.Collect$$rtentry$$00000000  c_w.l(__rtentry.o)
    0x08000318   0x08000318   0x00000000   Code   RO         7307    .ARM.Collect$$rtentry$$00000002  c_w.l(__rtentry2.o)
    0x08000318   0x08000318   0x00000006   Code   RO         7319    .ARM.Collect$$rtentry$$00000004  c_w.l(__rtentry4.o)
    0x0800031e   0x0800031e   0x00000000   Code   RO         7309    .ARM.Collect$$rtentry$$00000009  c_w.l(__rtentry2.o)
    0x0800031e   0x0800031e   0x00000004   Code   RO         7310    .ARM.Collect$$rtentry$$0000000A  c_w.l(__rtentry2.o)
    0x08000322   0x08000322   0x00000000   Code   RO         7312    .ARM.Collect$$rtentry$$0000000C  c_w.l(__rtentry2.o)
    0x08000322   0x08000322   0x00000008   Code   RO         7313    .ARM.Collect$$rtentry$$0000000D  c_w.l(__rtentry2.o)
    0x0800032a   0x0800032a   0x00000002   Code   RO         7452    .ARM.Collect$$rtexit$$00000000  c_w.l(rtexit.o)
    0x0800032c   0x0800032c   0x00000000   Code   RO         7468    .ARM.Collect$$rtexit$$00000002  c_w.l(rtexit2.o)
    0x0800032c   0x0800032c   0x00000004   Code   RO         7469    .ARM.Collect$$rtexit$$00000003  c_w.l(rtexit2.o)
    0x08000330   0x08000330   0x00000006   Code   RO         7470    .ARM.Collect$$rtexit$$00000004  c_w.l(rtexit2.o)
    0x08000336   0x08000336   0x00000002   PAD
    0x08000338   0x08000338   0x000000be   Code   RO         3471    .emb_text           port.o
    0x080003f6   0x080003f6   0x00000002   PAD
    0x080003f8   0x080003f8   0x00000040   Code   RO          582    .text               startup_stm32f427xx.o
    0x08000438   0x08000438   0x000024f0   Code   RO         6612    .text               libmpllib.lib(compass_vec_cal.o)
    0x08002928   0x08002928   0x00000a18   Code   RO         6702    .text               libmpllib.lib(fast_no_motion.o)
    0x08003340   0x08003340   0x000006b0   Code   RO         6735    .text               libmpllib.lib(fusion_9axis.o)
    0x080039f0   0x080039f0   0x000004c4   Code   RO         6757    .text               libmpllib.lib(gyro_tc.o)
    0x08003eb4   0x08003eb4   0x000005c0   Code   RO         6775    .text               libmpllib.lib(mag_disturb.o)
    0x08004474   0x08004474   0x00000994   Code   RO         6797    .text               libmpllib.lib(quaternion_supervisor.o)
    0x08004e08   0x08004e08   0x00000c44   Code   RO         6815    .text               libmpllib.lib(accel_auto_cal.o)
    0x08005a4c   0x08005a4c   0x00000002   Code   RO         6846    .text               c_w.l(use_no_semi_2.o)
    0x08005a4e   0x08005a4e   0x00000026   Code   RO         6848    .text               c_w.l(llshl.o)
    0x08005a74   0x08005a74   0x00000026   Code   RO         6850    .text               c_w.l(llsshr.o)
    0x08005a9a   0x08005a9a   0x00000048   Code   RO         6852    .text               c_w.l(llsdiv.o)
    0x08005ae2   0x08005ae2   0x00000002   PAD
    0x08005ae4   0x08005ae4   0x00000024   Code   RO         6854    .text               c_w.l(vsprintf.o)
    0x08005b08   0x08005b08   0x00000018   Code   RO         6856    .text               c_w.l(__2printf.o)
    0x08005b20   0x08005b20   0x0000004e   Code   RO         6862    .text               c_w.l(_printf_pad.o)
    0x08005b6e   0x08005b6e   0x00000002   PAD
    0x08005b70   0x08005b70   0x00000078   Code   RO         6864    .text               c_w.l(_printf_dec.o)
    0x08005be8   0x08005be8   0x00000094   Code   RO         6884    .text               c_w.l(_printf_hex_int_ll_ptr.o)
    0x08005c7c   0x08005c7c   0x00000188   Code   RO         6904    .text               c_w.l(__printf_flags_ss_wp.o)
    0x08005e04   0x08005e04   0x00000058   Code   RO         6911    .text               c_w.l(memcmp.o)
    0x08005e5c   0x08005e5c   0x0000008a   Code   RO         6913    .text               c_w.l(rt_memcpy_v6.o)
    0x08005ee6   0x08005ee6   0x00000064   Code   RO         6915    .text               c_w.l(rt_memcpy_w.o)
    0x08005f4a   0x08005f4a   0x0000007a   Code   RO         6917    .text               c_w.l(rt_memmove_w.o)
    0x08005fc4   0x08005fc4   0x00000010   Code   RO         6919    .text               c_w.l(aeabi_memset.o)
    0x08005fd4   0x08005fd4   0x00000044   Code   RO         6921    .text               c_w.l(rt_memclr.o)
    0x08006018   0x08006018   0x0000004e   Code   RO         6923    .text               c_w.l(rt_memclr_w.o)
    0x08006066   0x08006066   0x00000006   Code   RO         6925    .text               c_w.l(heapauxi.o)
    0x0800606c   0x0800606c   0x00000002   Code   RO         7177    .text               c_w.l(use_no_semi.o)
    0x0800606e   0x0800606e   0x000000ee   Code   RO         7180    .text               c_w.l(lludivv7m.o)
    0x0800615c   0x0800615c   0x00000016   Code   RO         7182    .text               c_w.l(_rserrno.o)
    0x08006172   0x08006172   0x00000024   Code   RO         7184    .text               c_w.l(_printf_truncate.o)
    0x08006196   0x08006196   0x00000052   Code   RO         7186    .text               c_w.l(_printf_str.o)
    0x080061e8   0x080061e8   0x000000b2   Code   RO         7188    .text               c_w.l(_printf_intcommon.o)
    0x0800629a   0x0800629a   0x00000028   Code   RO         7190    .text               c_w.l(_printf_charcount.o)
    0x080062c2   0x080062c2   0x0000041e   Code   RO         7192    .text               c_w.l(_printf_fp_dec.o)
    0x080066e0   0x080066e0   0x00000030   Code   RO         7194    .text               c_w.l(_printf_char_common.o)
    0x08006710   0x08006710   0x0000000a   Code   RO         7196    .text               c_w.l(_sputc.o)
    0x0800671a   0x0800671a   0x00000002   PAD
    0x0800671c   0x0800671c   0x00000024   Code   RO         7198    .text               c_w.l(_printf_char_file.o)
    0x08006740   0x08006740   0x000000bc   Code   RO         7200    .text               c_w.l(_printf_wctomb.o)
    0x080067fc   0x080067fc   0x0000007c   Code   RO         7203    .text               c_w.l(_printf_longlong_dec.o)
    0x08006878   0x08006878   0x00000070   Code   RO         7209    .text               c_w.l(_printf_oct_int_ll.o)
    0x080068e8   0x080068e8   0x00000008   Code   RO         7328    .text               c_w.l(rt_locale_intlibspace.o)
    0x080068f0   0x080068f0   0x00000008   Code   RO         7333    .text               c_w.l(rt_errno_addr_intlibspace.o)
    0x080068f8   0x080068f8   0x0000008a   Code   RO         7335    .text               c_w.l(lludiv10.o)
    0x08006982   0x08006982   0x00000002   PAD
    0x08006984   0x08006984   0x000002fc   Code   RO         7337    .text               c_w.l(_printf_fp_hex.o)
    0x08006c80   0x08006c80   0x00000080   Code   RO         7340    .text               c_w.l(_printf_fp_infnan.o)
    0x08006d00   0x08006d00   0x0000002c   Code   RO         7344    .text               c_w.l(_printf_char.o)
    0x08006d2c   0x08006d2c   0x0000002c   Code   RO         7346    .text               c_w.l(_printf_wchar.o)
    0x08006d58   0x08006d58   0x000000e4   Code   RO         7348    .text               c_w.l(bigflt0.o)
    0x08006e3c   0x08006e3c   0x00000008   Code   RO         7373    .text               c_w.l(ferror.o)
    0x08006e44   0x08006e44   0x00000040   Code   RO         7377    .text               c_w.l(_wcrtomb.o)
    0x08006e84   0x08006e84   0x00000008   Code   RO         7386    .text               c_w.l(libspace.o)
    0x08006e8c   0x08006e8c   0x0000004a   Code   RO         7389    .text               c_w.l(sys_stackheap_outer.o)
    0x08006ed6   0x08006ed6   0x00000002   PAD
    0x08006ed8   0x08006ed8   0x00000010   Code   RO         7391    .text               c_w.l(rt_ctype_table.o)
    0x08006ee8   0x08006ee8   0x00000012   Code   RO         7395    .text               c_w.l(exit.o)
    0x08006efa   0x08006efa   0x00000002   PAD
    0x08006efc   0x08006efc   0x00000080   Code   RO         7397    .text               c_w.l(strcmpv7m.o)
    0x08006f7c   0x08006f7c   0x0000003e   Code   RO         7351    CL$$btod_d2e        c_w.l(btod.o)
    0x08006fba   0x08006fba   0x00000046   Code   RO         7353    CL$$btod_d2e_denorm_low  c_w.l(btod.o)
    0x08007000   0x08007000   0x00000060   Code   RO         7352    CL$$btod_d2e_norm_op1  c_w.l(btod.o)
    0x08007060   0x08007060   0x00000338   Code   RO         7361    CL$$btod_div_common  c_w.l(btod.o)
    0x08007398   0x08007398   0x000000dc   Code   RO         7358    CL$$btod_e2e        c_w.l(btod.o)
    0x08007474   0x08007474   0x0000002a   Code   RO         7355    CL$$btod_ediv       c_w.l(btod.o)
    0x0800749e   0x0800749e   0x0000002a   Code   RO         7354    CL$$btod_emul       c_w.l(btod.o)
    0x080074c8   0x080074c8   0x00000244   Code   RO         7360    CL$$btod_mult_common  c_w.l(btod.o)
    0x0800770c   0x0800770c   0x00000104   Code   RO         3637    i.BSP_CAN_Init      bsp_can.o
    0x08007810   0x08007810   0x00000218   Code   RO         3610    i.BSP_DMA_Init      bsp_dma.o
    0x08007a28   0x08007a28   0x000002d4   Code   RO         3550    i.BSP_GPIO_Init     bsp_gpio.o
    0x08007cfc   0x08007cfc   0x0000007c   Code   RO         4013    i.BSP_IMU_Init      driver_imu.o
    0x08007d78   0x08007d78   0x00000144   Code   RO         3590    i.BSP_NVIC_Init     bsp_nvic.o
    0x08007ebc   0x08007ebc   0x000000a0   Code   RO         3657    i.BSP_TIM_Init      bsp_tim.o
    0x08007f5c   0x08007f5c   0x000000f4   Code   RO         3570    i.BSP_UART_Init     bsp_uart.o
    0x08008050   0x08008050   0x00000004   Code   RO          255    i.BusFault_Handler  stm32f4xx_it.o
    0x08008054   0x08008054   0x000001e8   Code   RO          256    i.CAN1_RX0_IRQHandler  stm32f4xx_it.o
    0x0800823c   0x0800823c   0x0000001c   Code   RO          257    i.CAN1_TX_IRQHandler  stm32f4xx_it.o
    0x08008258   0x08008258   0x0000007c   Code   RO          258    i.CAN2_RX1_IRQHandler  stm32f4xx_it.o
    0x080082d4   0x080082d4   0x000000a8   Code   RO         1872    i.CAN_ClearITPendingBit  stm32f4xx_can.o
    0x0800837c   0x0800837c   0x00000108   Code   RO         1876    i.CAN_FilterInit    stm32f4xx_can.o
    0x08008484   0x08008484   0x00000120   Code   RO         1878    i.CAN_GetITStatus   stm32f4xx_can.o
    0x080085a4   0x080085a4   0x00000012   Code   RO         1882    i.CAN_ITConfig      stm32f4xx_can.o
    0x080085b6   0x080085b6   0x00000114   Code   RO         1883    i.CAN_Init          stm32f4xx_can.o
    0x080086ca   0x080086ca   0x000000f0   Code   RO         1886    i.CAN_Receive       stm32f4xx_can.o
    0x080087ba   0x080087ba   0x00000126   Code   RO         1891    i.CAN_Transmit      stm32f4xx_can.o
    0x080088e0   0x080088e0   0x00000012   Code   RO         1894    i.CheckITStatus     stm32f4xx_can.o
    0x080088f2   0x080088f2   0x0000006e   Code   RO         4390    i.Control_Device_LPF  driver_filter.o
    0x08008960   0x08008960   0x00000028   Code   RO          259    i.DMA1_Stream0_IRQHandler  stm32f4xx_it.o
    0x08008988   0x08008988   0x00000130   Code   RO          260    i.DMA2_Stream5_IRQHandler  stm32f4xx_it.o
    0x08008ab8   0x08008ab8   0x00000020   Code   RO          261    i.DMA2_Stream7_IRQHandler  stm32f4xx_it.o
    0x08008ad8   0x08008ad8   0x00000034   Code   RO         2033    i.DMA_ClearFlag     stm32f4xx_dma.o
    0x08008b0c   0x08008b0c   0x00000034   Code   RO         2034    i.DMA_ClearITPendingBit  stm32f4xx_dma.o
    0x08008b40   0x08008b40   0x00000016   Code   RO         2035    i.DMA_Cmd           stm32f4xx_dma.o
    0x08008b56   0x08008b56   0x00000002   PAD
    0x08008b58   0x08008b58   0x00000158   Code   RO         2036    i.DMA_DeInit        stm32f4xx_dma.o
    0x08008cb0   0x08008cb0   0x00000014   Code   RO         2040    i.DMA_GetCmdStatus  stm32f4xx_dma.o
    0x08008cc4   0x08008cc4   0x00000008   Code   RO         2041    i.DMA_GetCurrDataCounter  stm32f4xx_dma.o
    0x08008ccc   0x08008ccc   0x00000044   Code   RO         2044    i.DMA_GetFlagStatus  stm32f4xx_dma.o
    0x08008d10   0x08008d10   0x00000064   Code   RO         2045    i.DMA_GetITStatus   stm32f4xx_dma.o
    0x08008d74   0x08008d74   0x0000003a   Code   RO         2046    i.DMA_ITConfig      stm32f4xx_dma.o
    0x08008dae   0x08008dae   0x00000002   PAD
    0x08008db0   0x08008db0   0x00000058   Code   RO         2047    i.DMA_Init          stm32f4xx_dma.o
    0x08008e08   0x08008e08   0x00000004   Code   RO         2050    i.DMA_SetCurrDataCounter  stm32f4xx_dma.o
    0x08008e0c   0x08008e0c   0x00000002   Code   RO          262    i.DebugMon_Handler  stm32f4xx_it.o
    0x08008e0e   0x08008e0e   0x00000090   Code   RO          633    i.GPIO_Init         stm32f4xx_gpio.o
    0x08008e9e   0x08008e9e   0x00000046   Code   RO          634    i.GPIO_PinAFConfig  stm32f4xx_gpio.o
    0x08008ee4   0x08008ee4   0x00000004   Code   RO          640    i.GPIO_ResetBits    stm32f4xx_gpio.o
    0x08008ee8   0x08008ee8   0x00000004   Code   RO          641    i.GPIO_SetBits      stm32f4xx_gpio.o
    0x08008eec   0x08008eec   0x00000004   Code   RO          263    i.HardFault_Handler  stm32f4xx_it.o
    0x08008ef0   0x08008ef0   0x00000050   Code   RO         4415    i.IIC_Ack           driver_iic.o
    0x08008f40   0x08008f40   0x00000050   Code   RO         4417    i.IIC_NAck          driver_iic.o
    0x08008f90   0x08008f90   0x0000006c   Code   RO         4418    i.IIC_Read_Byte     driver_iic.o
    0x08008ffc   0x08008ffc   0x00000068   Code   RO         4419    i.IIC_Send_Byte     driver_iic.o
    0x08009064   0x08009064   0x0000004c   Code   RO         4420    i.IIC_Start         driver_iic.o
    0x080090b0   0x080090b0   0x0000004c   Code   RO         4421    i.IIC_Stop          driver_iic.o
    0x080090fc   0x080090fc   0x00000060   Code   RO         4422    i.IIC_Wait_Ack      driver_iic.o
    0x0800915c   0x0800915c   0x00000050   Code   RO         4015    i.MPU_Get_Gyroscope  driver_imu.o
    0x080091ac   0x080091ac   0x0000003a   Code   RO         4017    i.MPU_Read_Byte     driver_imu.o
    0x080091e6   0x080091e6   0x00000074   Code   RO         4018    i.MPU_Read_Len      driver_imu.o
    0x0800925a   0x0800925a   0x00000010   Code   RO         4019    i.MPU_Set_Accel_Fsr  driver_imu.o
    0x0800926a   0x0800926a   0x00000010   Code   RO         4020    i.MPU_Set_Gyro_Fsr  driver_imu.o
    0x0800927a   0x0800927a   0x0000003a   Code   RO         4021    i.MPU_Set_LPF       driver_imu.o
    0x080092b4   0x080092b4   0x0000003a   Code   RO         4022    i.MPU_Set_Rate      driver_imu.o
    0x080092ee   0x080092ee   0x00000044   Code   RO         4023    i.MPU_Write_Byte    driver_imu.o
    0x08009332   0x08009332   0x00000060   Code   RO         4024    i.MPU_Write_Len     driver_imu.o
    0x08009392   0x08009392   0x00000004   Code   RO          264    i.MemManage_Handler  stm32f4xx_it.o
    0x08009396   0x08009396   0x00000002   Code   RO          265    i.NMI_Handler       stm32f4xx_it.o
    0x08009398   0x08009398   0x00000078   Code   RO          588    i.NVIC_Init         misc.o
    0x08009410   0x08009410   0x00000014   Code   RO          589    i.NVIC_PriorityGroupConfig  misc.o
    0x08009424   0x08009424   0x00000020   Code   RO          730    i.RCC_AHB1PeriphClockCmd  stm32f4xx_rcc.o
    0x08009444   0x08009444   0x00000020   Code   RO          739    i.RCC_APB1PeriphClockCmd  stm32f4xx_rcc.o
    0x08009464   0x08009464   0x00000020   Code   RO          741    i.RCC_APB1PeriphResetCmd  stm32f4xx_rcc.o
    0x08009484   0x08009484   0x00000020   Code   RO          742    i.RCC_APB2PeriphClockCmd  stm32f4xx_rcc.o
    0x080094a4   0x080094a4   0x00000020   Code   RO          744    i.RCC_APB2PeriphResetCmd  stm32f4xx_rcc.o
    0x080094c4   0x080094c4   0x000000e8   Code   RO          751    i.RCC_GetClocksFreq  stm32f4xx_rcc.o
    0x080095ac   0x080095ac   0x00000120   Code   RO          425    i.SetSysClock       system_stm32f4xx.o
    0x080096cc   0x080096cc   0x00000028   Code   RO          592    i.SysTick_CLKSourceConfig  misc.o
    0x080096f4   0x080096f4   0x00000010   Code   RO          462    i.SysTick_Handler   delay.o
    0x08009704   0x08009704   0x00000068   Code   RO          427    i.SystemInit        system_stm32f4xx.o
    0x0800976c   0x0800976c   0x00000018   Code   RO         1312    i.TIM_ARRPreloadConfig  stm32f4xx_tim.o
    0x08009784   0x08009784   0x00000018   Code   RO         1324    i.TIM_Cmd           stm32f4xx_tim.o
    0x0800979c   0x0800979c   0x0000007c   Code   RO         1353    i.TIM_OC1Init       stm32f4xx_tim.o
    0x08009818   0x08009818   0x00000012   Code   RO         1356    i.TIM_OC1PreloadConfig  stm32f4xx_tim.o
    0x0800982a   0x0800982a   0x00000002   PAD
    0x0800982c   0x0800982c   0x000000a4   Code   RO         1358    i.TIM_OC2Init       stm32f4xx_tim.o
    0x080098d0   0x080098d0   0x0000001a   Code   RO         1361    i.TIM_OC2PreloadConfig  stm32f4xx_tim.o
    0x080098ea   0x080098ea   0x00000002   PAD
    0x080098ec   0x080098ec   0x000000a0   Code   RO         1363    i.TIM_OC3Init       stm32f4xx_tim.o
    0x0800998c   0x0800998c   0x00000012   Code   RO         1366    i.TIM_OC3PreloadConfig  stm32f4xx_tim.o
    0x0800999e   0x0800999e   0x00000002   PAD
    0x080099a0   0x080099a0   0x00000078   Code   RO         1368    i.TIM_OC4Init       stm32f4xx_tim.o
    0x08009a18   0x08009a18   0x0000001a   Code   RO         1370    i.TIM_OC4PreloadConfig  stm32f4xx_tim.o
    0x08009a32   0x08009a32   0x00000004   Code   RO         1386    i.TIM_SetCompare1   stm32f4xx_tim.o
    0x08009a36   0x08009a36   0x00000004   Code   RO         1387    i.TIM_SetCompare2   stm32f4xx_tim.o
    0x08009a3a   0x08009a3a   0x00000004   Code   RO         1388    i.TIM_SetCompare3   stm32f4xx_tim.o
    0x08009a3e   0x08009a3e   0x00000004   Code   RO         1389    i.TIM_SetCompare4   stm32f4xx_tim.o
    0x08009a42   0x08009a42   0x00000002   PAD
    0x08009a44   0x08009a44   0x00000084   Code   RO         1396    i.TIM_TimeBaseInit  stm32f4xx_tim.o
    0x08009ac8   0x08009ac8   0x0000006c   Code   RO          266    i.UART8_IRQHandler  stm32f4xx_it.o
    0x08009b34   0x08009b34   0x00000088   Code   RO          526    i.USART3_IRQHandler  usart.o
    0x08009bbc   0x08009bbc   0x00000038   Code   RO          267    i.USART6_DMA_SendData  stm32f4xx_it.o
    0x08009bf4   0x08009bf4   0x00000088   Code   RO          268    i.USART6_IRQHandler  stm32f4xx_it.o
    0x08009c7c   0x08009c7c   0x00000018   Code   RO         1124    i.USART_Cmd         stm32f4xx_usart.o
    0x08009c94   0x08009c94   0x00000012   Code   RO         1125    i.USART_DMACmd      stm32f4xx_usart.o
    0x08009ca6   0x08009ca6   0x00000002   PAD
    0x08009ca8   0x08009ca8   0x000000f0   Code   RO         1126    i.USART_DeInit      stm32f4xx_usart.o
    0x08009d98   0x08009d98   0x00000054   Code   RO         1128    i.USART_GetITStatus  stm32f4xx_usart.o
    0x08009dec   0x08009dec   0x0000004a   Code   RO         1130    i.USART_ITConfig    stm32f4xx_usart.o
    0x08009e36   0x08009e36   0x00000002   PAD
    0x08009e38   0x08009e38   0x000000d4   Code   RO         1131    i.USART_Init        stm32f4xx_usart.o
    0x08009f0c   0x08009f0c   0x0000000a   Code   RO         1138    i.USART_ReceiveData  stm32f4xx_usart.o
    0x08009f16   0x08009f16   0x00000004   Code   RO          269    i.UsageFault_Handler  stm32f4xx_it.o
    0x08009f1a   0x08009f1a   0x000000ca   Code   RO         5215    i._MLPrintLog       log_stm32.o
    0x08009fe4   0x08009fe4   0x00000030   Code   RO         7271    i.__ARM_fpclassify  m_wm.l(fpclassify.o)
    0x0800a014   0x0800a014   0x00000026   Code   RO         7273    i.__ARM_fpclassifyf  m_wm.l(fpclassifyf.o)
    0x0800a03a   0x0800a03a   0x00000002   PAD
    0x0800a03c   0x0800a03c   0x00000118   Code   RO         6983    i.__hardfp_acosf    m_wm.l(acosf.o)
    0x0800a154   0x0800a154   0x00000250   Code   RO         7047    i.__hardfp_atan2f   m_wm.l(atan2f.o)
    0x0800a3a4   0x0800a3a4   0x00000004   PAD
    0x0800a3a8   0x0800a3a8   0x000000c8   Code   RO         7065    i.__hardfp_cos      m_wm.l(cos.o)
    0x0800a470   0x0800a470   0x00000150   Code   RO         7077    i.__hardfp_cosf     m_wm.l(cosf.o)
    0x0800a5c0   0x0800a5c0   0x00000014   Code   RO         7089    i.__hardfp_fabs     m_wm.l(fabs.o)
    0x0800a5d4   0x0800a5d4   0x00000004   PAD
    0x0800a5d8   0x0800a5d8   0x000003c4   Code   RO         7101    i.__hardfp_log      m_wm.l(log.o)
    0x0800a99c   0x0800a99c   0x00000190   Code   RO         7141    i.__hardfp_sinf     m_wm.l(sinf.o)
    0x0800ab2c   0x0800ab2c   0x0000007a   Code   RO         7153    i.__hardfp_sqrt     m_wm.l(sqrt.o)
    0x0800aba6   0x0800aba6   0x0000003a   Code   RO         7165    i.__hardfp_sqrtf    m_wm.l(sqrtf.o)
    0x0800abe0   0x0800abe0   0x00000438   Code   RO         7292    i.__ieee754_rem_pio2  m_wm.l(rred.o)
    0x0800b018   0x0800b018   0x00000170   Code   RO         7254    i.__kernel_cos      m_wm.l(cos_i.o)
    0x0800b188   0x0800b188   0x000000f8   Code   RO         7289    i.__kernel_poly     m_wm.l(poly.o)
    0x0800b280   0x0800b280   0x00000130   Code   RO         7300    i.__kernel_sin      m_wm.l(sin_i.o)
    0x0800b3b0   0x0800b3b0   0x00000030   Code   RO         7257    i.__mathlib_dbl_divzero  m_wm.l(dunder.o)
    0x0800b3e0   0x0800b3e0   0x00000014   Code   RO         7258    i.__mathlib_dbl_infnan  m_wm.l(dunder.o)
    0x0800b3f4   0x0800b3f4   0x00000004   PAD
    0x0800b3f8   0x0800b3f8   0x00000020   Code   RO         7260    i.__mathlib_dbl_invalid  m_wm.l(dunder.o)
    0x0800b418   0x0800b418   0x00000020   Code   RO         7263    i.__mathlib_dbl_underflow  m_wm.l(dunder.o)
    0x0800b438   0x0800b438   0x00000006   Code   RO         7276    i.__mathlib_flt_infnan  m_wm.l(funder.o)
    0x0800b43e   0x0800b43e   0x00000006   Code   RO         7277    i.__mathlib_flt_infnan2  m_wm.l(funder.o)
    0x0800b444   0x0800b444   0x00000010   Code   RO         7278    i.__mathlib_flt_invalid  m_wm.l(funder.o)
    0x0800b454   0x0800b454   0x00000010   Code   RO         7281    i.__mathlib_flt_underflow  m_wm.l(funder.o)
    0x0800b464   0x0800b464   0x00000154   Code   RO         7297    i.__mathlib_rredf2  m_wm.l(rredf.o)
    0x0800b5b8   0x0800b5b8   0x00000034   Code   RO         6264    i.__print_result_location  mpl.o
    0x0800b5ec   0x0800b5ec   0x0000000e   Code   RO         6897    i._is_digit         c_w.l(__printf_wp.o)
    0x0800b5fa   0x0800b5fa   0x00000004   Code   RO          527    i._sys_exit         usart.o
    0x0800b5fe   0x0800b5fe   0x0000002e   Code   RO         4298    i.abs_limit         driver_control.o
    0x0800b62c   0x0800b62c   0x00000614   Code   RO         4561    i.accel_6500_self_test  inv_mpu.o
    0x0800bc40   0x0800bc40   0x00000048   Code   RO         4529    i.add_dead_limit    user_math.o
    0x0800bc88   0x0800bc88   0x00000024   Code   RO         4476    i.append_crc8_check_sum  driver_crc.o
    0x0800bcac   0x0800bcac   0x00000088   Code   RO         3778    i.chassis_control_set  task_chassis.o
    0x0800bd34   0x0800bd34   0x00000078   Code   RO         3779    i.chassis_init      task_chassis.o
    0x0800bdac   0x0800bdac   0x000000b8   Code   RO         3780    i.chassis_pid_calculate  task_chassis.o
    0x0800be64   0x0800be64   0x000000ac   Code   RO         3781    i.chassis_rc_to_target  task_chassis.o
    0x0800bf10   0x0800bf10   0x00000030   Code   RO         3782    i.chassis_set_mode  task_chassis.o
    0x0800bf40   0x0800bf40   0x0000008c   Code   RO         3783    i.chassis_set_target  task_chassis.o
    0x0800bfcc   0x0800bfcc   0x000000c0   Code   RO         3784    i.chassis_task      task_chassis.o
    0x0800c08c   0x0800c08c   0x000000aa   Code   RO         3785    i.chassis_updata_data  task_chassis.o
    0x0800c136   0x0800c136   0x00000002   PAD
    0x0800c138   0x0800c138   0x0000010c   Code   RO         4105    i.continuous_shoot  driver_dial.o
    0x0800c244   0x0800c244   0x00000064   Code   RO         3786    i.control_chassis_motor  task_chassis.o
    0x0800c2a8   0x0800c2a8   0x00000064   Code   RO         3857    i.control_gimbal_motor  task_gimbal.o
    0x0800c30c   0x0800c30c   0x00000050   Code   RO         4160    i.control_shoot_motor  driver_shoot.o
    0x0800c35c   0x0800c35c   0x00000044   Code   RO         3723    i.control_task      task_control.o
    0x0800c3a0   0x0800c3a0   0x00000060   Code   RO         3974    i.data_judge        driver_judge.o
    0x0800c400   0x0800c400   0x00000040   Code   RO         4300    i.dead_limit        driver_control.o
    0x0800c440   0x0800c440   0x00000064   Code   RO         5025    i.decode_gesture    inv_mpu_dmp_motion_driver.o
    0x0800c4a4   0x0800c4a4   0x00000044   Code   RO          463    i.delay_init        delay.o
    0x0800c4e8   0x0800c4e8   0x00000040   Code   RO          464    i.delay_ms          delay.o
    0x0800c528   0x0800c528   0x00000048   Code   RO          465    i.delay_us          delay.o
    0x0800c570   0x0800c570   0x0000009c   Code   RO         4106    i.dial_init         driver_dial.o
    0x0800c60c   0x0800c60c   0x0000003c   Code   RO         5026    i.dmp_enable_6x_lp_quat  inv_mpu_dmp_motion_driver.o
    0x0800c648   0x0800c648   0x0000021c   Code   RO         5027    i.dmp_enable_feature  inv_mpu_dmp_motion_driver.o
    0x0800c864   0x0800c864   0x00000058   Code   RO         5028    i.dmp_enable_gyro_cal  inv_mpu_dmp_motion_driver.o
    0x0800c8bc   0x0800c8bc   0x0000003c   Code   RO         5029    i.dmp_enable_lp_quat  inv_mpu_dmp_motion_driver.o
    0x0800c8f8   0x0800c8f8   0x00000018   Code   RO         5034    i.dmp_load_motion_driver_firmware  inv_mpu_dmp_motion_driver.o
    0x0800c910   0x0800c910   0x000001cc   Code   RO         5035    i.dmp_read_fifo     inv_mpu_dmp_motion_driver.o
    0x0800cadc   0x0800cadc   0x00000130   Code   RO         5038    i.dmp_set_accel_bias  inv_mpu_dmp_motion_driver.o
    0x0800cc0c   0x0800cc0c   0x00000070   Code   RO         5039    i.dmp_set_fifo_rate  inv_mpu_dmp_motion_driver.o
    0x0800cc7c   0x0800cc7c   0x00000130   Code   RO         5040    i.dmp_set_gyro_bias  inv_mpu_dmp_motion_driver.o
    0x0800cdac   0x0800cdac   0x00000138   Code   RO         5042    i.dmp_set_orientation  inv_mpu_dmp_motion_driver.o
    0x0800cee4   0x0800cee4   0x00000038   Code   RO         5045    i.dmp_set_shake_reject_thresh  inv_mpu_dmp_motion_driver.o
    0x0800cf1c   0x0800cf1c   0x00000026   Code   RO         5046    i.dmp_set_shake_reject_time  inv_mpu_dmp_motion_driver.o
    0x0800cf42   0x0800cf42   0x00000026   Code   RO         5047    i.dmp_set_shake_reject_timeout  inv_mpu_dmp_motion_driver.o
    0x0800cf68   0x0800cf68   0x00000046   Code   RO         5048    i.dmp_set_tap_axes  inv_mpu_dmp_motion_driver.o
    0x0800cfae   0x0800cfae   0x00000026   Code   RO         5049    i.dmp_set_tap_count  inv_mpu_dmp_motion_driver.o
    0x0800cfd4   0x0800cfd4   0x000001c0   Code   RO         5050    i.dmp_set_tap_thresh  inv_mpu_dmp_motion_driver.o
    0x0800d194   0x0800d194   0x00000026   Code   RO         5051    i.dmp_set_tap_time  inv_mpu_dmp_motion_driver.o
    0x0800d1ba   0x0800d1ba   0x00000026   Code   RO         5052    i.dmp_set_tap_time_multi  inv_mpu_dmp_motion_driver.o
    0x0800d1e0   0x0800d1e0   0x0000008c   Code   RO         4371    i.encoder_data_handler  driver_edcoder.o
    0x0800d26c   0x0800d26c   0x00000018   Code   RO         7091    i.fabs              m_wm.l(fabs.o)
    0x0800d284   0x0800d284   0x0000001c   Code   RO          528    i.fputc             usart.o
    0x0800d2a0   0x0800d2a0   0x0000001c   Code   RO         4208    i.fricmotor_off     driver_fricmotor.o
    0x0800d2bc   0x0800d2bc   0x0000001c   Code   RO         4209    i.fricmotor_on      driver_fricmotor.o
    0x0800d2d8   0x0800d2d8   0x0000001c   Code   RO         4477    i.get_check_sum     driver_crc.o
    0x0800d2f4   0x0800d2f4   0x00000034   Code   RO         4478    i.get_crc16_check_sum  driver_crc.o
    0x0800d328   0x0800d328   0x00000008   Code   RO         4272    i.get_remote_control_point  driver_dbus.o
    0x0800d330   0x0800d330   0x00000670   Code   RO         4562    i.get_st_6500_biases  inv_mpu.o
    0x0800d9a0   0x0800d9a0   0x000000cc   Code   RO         3858    i.gimbal_init       task_gimbal.o
    0x0800da6c   0x0800da6c   0x00000098   Code   RO         3859    i.gimbal_motor_angle_limit  task_gimbal.o
    0x0800db04   0x0800db04   0x000001c8   Code   RO         3860    i.gimbal_motor_angle_limit_gyro  task_gimbal.o
    0x0800dccc   0x0800dccc   0x00000174   Code   RO         3861    i.gimbal_pid_calculate  task_gimbal.o
    0x0800de40   0x0800de40   0x00000084   Code   RO         3862    i.gimbal_set_control  task_gimbal.o
    0x0800dec4   0x0800dec4   0x00000064   Code   RO         3863    i.gimbal_set_target  task_gimbal.o
    0x0800df28   0x0800df28   0x0000008c   Code   RO         3864    i.gimbal_task       task_gimbal.o
    0x0800dfb4   0x0800dfb4   0x00000022   Code   RO         3865    i.gimbal_update     task_gimbal.o
    0x0800dfd6   0x0800dfd6   0x00000002   PAD
    0x0800dfd8   0x0800dfd8   0x000005bc   Code   RO         4564    i.gyro_6500_self_test  inv_mpu.o
    0x0800e594   0x0800e594   0x000001d4   Code   RO         3751    i.imu_task          task_imu.o
    0x0800e768   0x0800e768   0x00000058   Code   RO         4302    i.integral_separation  driver_control.o
    0x0800e7c0   0x0800e7c0   0x0000006a   Code   RO         5331    i.inv_apply_calibration  data_builder.o
    0x0800e82a   0x0800e82a   0x00000002   PAD
    0x0800e82c   0x0800e82c   0x0000008c   Code   RO         5332    i.inv_build_accel   data_builder.o
    0x0800e8b8   0x0800e8b8   0x00000038   Code   RO         5334    i.inv_build_gyro    data_builder.o
    0x0800e8f0   0x0800e8f0   0x0000002c   Code   RO         5336    i.inv_build_temp    data_builder.o
    0x0800e91c   0x0800e91c   0x000000b0   Code   RO         5907    i.inv_compass_angle  ml_math_func.o
    0x0800e9cc   0x0800e9cc   0x00000072   Code   RO         5909    i.inv_convert_to_body_with_scale  ml_math_func.o
    0x0800ea3e   0x0800ea3e   0x00000002   PAD
    0x0800ea40   0x0800ea40   0x00000050   Code   RO         5338    i.inv_db_load_func  data_builder.o
    0x0800ea90   0x0800ea90   0x00000018   Code   RO         5339    i.inv_db_save_func  data_builder.o
    0x0800eaa8   0x0800eaa8   0x00000010   Code   RO         5340    i.inv_disable_compass_soft_iron_matrix  data_builder.o
    0x0800eab8   0x0800eab8   0x0000001c   Code   RO         5246    i.inv_enable_eMPL_outputs  empl_outputs.o
    0x0800ead4   0x0800ead4   0x00000020   Code   RO         6302    i.inv_enable_results_holder  results_holder.o
    0x0800eaf4   0x0800eaf4   0x0000002c   Code   RO         6537    i.inv_execute_mpl_start_notification  start_manager.o
    0x0800eb20   0x0800eb20   0x000000a0   Code   RO         5342    i.inv_execute_on_data  data_builder.o
    0x0800ebc0   0x0800ebc0   0x000000f0   Code   RO         5247    i.inv_generate_eMPL_outputs  empl_outputs.o
    0x0800ecb0   0x0800ecb0   0x00000010   Code   RO         6303    i.inv_generate_results  results_holder.o
    0x0800ecc0   0x0800ecc0   0x00000018   Code   RO         6304    i.inv_get_6axis_quaternion  results_holder.o
    0x0800ecd8   0x0800ecd8   0x0000000c   Code   RO         6305    i.inv_get_acc_state  results_holder.o
    0x0800ece4   0x0800ece4   0x0000000c   Code   RO         5343    i.inv_get_accel_accuracy  data_builder.o
    0x0800ecf0   0x0800ecf0   0x00000010   Code   RO         5345    i.inv_get_accel_on  data_builder.o
    0x0800ed00   0x0800ed00   0x0000002c   Code   RO         5349    i.inv_get_accel_set  data_builder.o
    0x0800ed2c   0x0800ed2c   0x00000018   Code   RO         5350    i.inv_get_compass_bias  data_builder.o
    0x0800ed44   0x0800ed44   0x00000018   Code   RO         6309    i.inv_get_compass_correction  results_holder.o
    0x0800ed5c   0x0800ed5c   0x00000010   Code   RO         5352    i.inv_get_compass_on  data_builder.o
    0x0800ed6c   0x0800ed6c   0x0000000c   Code   RO         6310    i.inv_get_compass_state  results_holder.o
    0x0800ed78   0x0800ed78   0x00000060   Code   RO         6311    i.inv_get_gravity   results_holder.o
    0x0800edd8   0x0800edd8   0x00000010   Code   RO         5360    i.inv_get_gyro      data_builder.o
    0x0800ede8   0x0800ede8   0x0000000c   Code   RO         5361    i.inv_get_gyro_accuracy  data_builder.o
    0x0800edf4   0x0800edf4   0x00000024   Code   RO         5362    i.inv_get_gyro_bias  data_builder.o
    0x0800ee18   0x0800ee18   0x00000020   Code   RO         5363    i.inv_get_gyro_bias_tc_set  data_builder.o
    0x0800ee38   0x0800ee38   0x00000010   Code   RO         5364    i.inv_get_gyro_on   data_builder.o
    0x0800ee48   0x0800ee48   0x0000001c   Code   RO         5913    i.inv_get_gyro_sum_of_sqr  ml_math_func.o
    0x0800ee64   0x0800ee64   0x0000000c   Code   RO         6314    i.inv_get_large_mag_field  results_holder.o
    0x0800ee70   0x0800ee70   0x00000068   Code   RO         5370    i.inv_get_last_timestamp  data_builder.o
    0x0800eed8   0x0800eed8   0x0000003c   Code   RO         6315    i.inv_get_linear_accel  results_holder.o
    0x0800ef14   0x0800ef14   0x00000044   Code   RO         6316    i.inv_get_linear_accel_float  results_holder.o
    0x0800ef58   0x0800ef58   0x00000010   Code   RO         6317    i.inv_get_local_field  results_holder.o
    0x0800ef68   0x0800ef68   0x0000001c   Code   RO         5371    i.inv_get_mag_accuracy  data_builder.o
    0x0800ef84   0x0800ef84   0x00000014   Code   RO         6319    i.inv_get_motion_state  results_holder.o
    0x0800ef98   0x0800ef98   0x0000003c   Code   RO         6320    i.inv_get_quaternion  results_holder.o
    0x0800efd4   0x0800efd4   0x00000044   Code   RO         6322    i.inv_get_quaternion_set  results_holder.o
    0x0800f018   0x0800f018   0x00000268   Code   RO         5250    i.inv_get_sensor_type_euler  empl_outputs.o
    0x0800f280   0x0800f280   0x00000070   Code   RO         5783    i.inv_get_sensor_type_gravity  hal_outputs.o
    0x0800f2f0   0x0800f2f0   0x0000000c   Code   RO         6324    i.inv_got_compass_bias  results_holder.o
    0x0800f2fc   0x0800f2fc   0x0000003c   Code   RO         5374    i.inv_init_data_builder  data_builder.o
    0x0800f338   0x0800f338   0x00000014   Code   RO         5255    i.inv_init_eMPL_outputs  empl_outputs.o
    0x0800f34c   0x0800f34c   0x00000084   Code   RO         6266    i.inv_init_mpl      mpl.o
    0x0800f3d0   0x0800f3d0   0x0000003c   Code   RO         6325    i.inv_init_results_holder  results_holder.o
    0x0800f40c   0x0800f40c   0x00000014   Code   RO         6538    i.inv_init_start_manager  start_manager.o
    0x0800f420   0x0800f420   0x00000018   Code   RO         6571    i.inv_init_storage_manager  storage_manager.o
    0x0800f438   0x0800f438   0x00000028   Code   RO         5922    i.inv_orientation_matrix_to_scalar  ml_math_func.o
    0x0800f460   0x0800f460   0x00000012   Code   RO         5923    i.inv_q29_mult      ml_math_func.o
    0x0800f472   0x0800f472   0x00000012   Code   RO         5925    i.inv_q30_mult      ml_math_func.o
    0x0800f484   0x0800f484   0x00000018   Code   RO         5927    i.inv_q30_to_float  ml_math_func.o
    0x0800f49c   0x0800f49c   0x00000024   Code   RO         5928    i.inv_q_add         ml_math_func.o
    0x0800f4c0   0x0800f4c0   0x00000042   Code   RO         5929    i.inv_q_addf        ml_math_func.o
    0x0800f502   0x0800f502   0x00000018   Code   RO         5930    i.inv_q_invert      ml_math_func.o
    0x0800f51a   0x0800f51a   0x0000002e   Code   RO         5931    i.inv_q_invertf     ml_math_func.o
    0x0800f548   0x0800f548   0x000000b2   Code   RO         5932    i.inv_q_mult        ml_math_func.o
    0x0800f5fa   0x0800f5fa   0x000000d2   Code   RO         5933    i.inv_q_multf       ml_math_func.o
    0x0800f6cc   0x0800f6cc   0x000000a8   Code   RO         5934    i.inv_q_norm4       ml_math_func.o
    0x0800f774   0x0800f774   0x00000134   Code   RO         5936    i.inv_q_normalizef  ml_math_func.o
    0x0800f8a8   0x0800f8a8   0x00000042   Code   RO         5937    i.inv_q_rotate      ml_math_func.o
    0x0800f8ea   0x0800f8ea   0x000000da   Code   RO         5939    i.inv_quaternion_to_rotation  ml_math_func.o
    0x0800f9c4   0x0800f9c4   0x000000f8   Code   RO         5377    i.inv_register_data_cb  data_builder.o
    0x0800fabc   0x0800fabc   0x00000090   Code   RO         6573    i.inv_register_load_store  storage_manager.o
    0x0800fb4c   0x0800fb4c   0x0000002c   Code   RO         6539    i.inv_register_mpl_start_notification  start_manager.o
    0x0800fb78   0x0800fb78   0x00000058   Code   RO         5378    i.inv_reset_compass_soft_iron_matrix  data_builder.o
    0x0800fbd0   0x0800fbd0   0x0000004e   Code   RO         5941    i.inv_row_2_scale   ml_math_func.o
    0x0800fc1e   0x0800fc1e   0x00000002   PAD
    0x0800fc20   0x0800fc20   0x00000024   Code   RO         5379    i.inv_set_accel_accuracy  data_builder.o
    0x0800fc44   0x0800fc44   0x0000000c   Code   RO         6328    i.inv_set_accel_bias_found  results_holder.o
    0x0800fc50   0x0800fc50   0x00000060   Code   RO         5382    i.inv_set_accel_bias_mask  data_builder.o
    0x0800fcb0   0x0800fcb0   0x00000018   Code   RO         5383    i.inv_set_accel_orientation_and_scale  data_builder.o
    0x0800fcc8   0x0800fcc8   0x0000002c   Code   RO         5384    i.inv_set_accel_sample_rate  data_builder.o
    0x0800fcf4   0x0800fcf4   0x0000004c   Code   RO         5386    i.inv_set_compass_bias  data_builder.o
    0x0800fd40   0x0800fd40   0x00000014   Code   RO         6329    i.inv_set_compass_bias_error  results_holder.o
    0x0800fd54   0x0800fd54   0x0000000c   Code   RO         6330    i.inv_set_compass_bias_found  results_holder.o
    0x0800fd60   0x0800fd60   0x00000024   Code   RO         6331    i.inv_set_compass_correction  results_holder.o
    0x0800fd84   0x0800fd84   0x0000000c   Code   RO         5387    i.inv_set_compass_disturbance  data_builder.o
    0x0800fd90   0x0800fd90   0x0000000c   Code   RO         6332    i.inv_set_compass_state  results_holder.o
    0x0800fd9c   0x0800fd9c   0x00000120   Code   RO         5393    i.inv_set_contiguous  data_builder.o
    0x0800febc   0x0800febc   0x00000074   Code   RO         5395    i.inv_set_gyro_bias  data_builder.o
    0x0800ff30   0x0800ff30   0x00000018   Code   RO         5396    i.inv_set_gyro_orientation_and_scale  data_builder.o
    0x0800ff48   0x0800ff48   0x00000028   Code   RO         5397    i.inv_set_gyro_sample_rate  data_builder.o
    0x0800ff70   0x0800ff70   0x0000001c   Code   RO         5882    i.inv_set_message   message_layer.o
    0x0800ff8c   0x0800ff8c   0x00000050   Code   RO         6337    i.inv_set_motion_state  results_holder.o
    0x0800ffdc   0x0800ffdc   0x00000014   Code   RO         5256    i.inv_start_eMPL_outputs  empl_outputs.o
    0x0800fff0   0x0800fff0   0x00000040   Code   RO         6267    i.inv_start_mpl     mpl.o
    0x08010030   0x08010030   0x00000018   Code   RO         6338    i.inv_start_results_holder  results_holder.o
    0x08010048   0x08010048   0x00000024   Code   RO         6339    i.inv_store_gaming_quaternion  results_holder.o
    0x0801006c   0x0801006c   0x00000064   Code   RO         5400    i.inv_unregister_data_cb  data_builder.o
    0x080100d0   0x080100d0   0x00000060   Code   RO         6540    i.inv_unregister_mpl_start_notification  start_manager.o
    0x08010130   0x08010130   0x0000003c   Code   RO            3    i.main              main.o
    0x0801016c   0x0801016c   0x00000040   Code   RO         3724    i.master_to_slave   task_control.o
    0x080101ac   0x080101ac   0x00000174   Code   RO         3787    i.mecanum_calculate  task_chassis.o
    0x08010320   0x08010320   0x00000002   Code   RO         4566    i.mget_ms           inv_mpu.o
    0x08010322   0x08010322   0x00000002   PAD
    0x08010324   0x08010324   0x00000070   Code   RO         4567    i.mpu_configure_fifo  inv_mpu.o
    0x08010394   0x08010394   0x00000130   Code   RO         4569    i.mpu_dmp_init      inv_mpu.o
    0x080104c4   0x080104c4   0x0000004c   Code   RO         4570    i.mpu_get_accel_fsr  inv_mpu.o
    0x08010510   0x08010510   0x00000054   Code   RO         4572    i.mpu_get_accel_sens  inv_mpu.o
    0x08010564   0x08010564   0x00000010   Code   RO         4577    i.mpu_get_fifo_config  inv_mpu.o
    0x08010574   0x08010574   0x00000044   Code   RO         4578    i.mpu_get_gyro_fsr  inv_mpu.o
    0x080105b8   0x080105b8   0x00000060   Code   RO         4580    i.mpu_get_gyro_sens  inv_mpu.o
    0x08010618   0x08010618   0x00000050   Code   RO         4582    i.mpu_get_lpf       inv_mpu.o
    0x08010668   0x08010668   0x00000020   Code   RO         4584    i.mpu_get_sample_rate  inv_mpu.o
    0x08010688   0x08010688   0x0000009c   Code   RO         4585    i.mpu_get_temperature  inv_mpu.o
    0x08010724   0x08010724   0x00000120   Code   RO         4586    i.mpu_init          inv_mpu.o
    0x08010844   0x08010844   0x000000b8   Code   RO         4587    i.mpu_load_firmware  inv_mpu.o
    0x080108fc   0x080108fc   0x0000011c   Code   RO         4588    i.mpu_lp_accel_mode  inv_mpu.o
    0x08010a18   0x08010a18   0x000000c8   Code   RO         4590    i.mpu_mpl_get_data  inv_mpu.o
    0x08010ae0   0x08010ae0   0x000000c0   Code   RO         4595    i.mpu_read_fifo_stream  inv_mpu.o
    0x08010ba0   0x08010ba0   0x00000080   Code   RO         4596    i.mpu_read_mem      inv_mpu.o
    0x08010c20   0x08010c20   0x000001c8   Code   RO         4599    i.mpu_reset_fifo    inv_mpu.o
    0x08010de8   0x08010de8   0x00000264   Code   RO         4600    i.mpu_run_6500_self_test  inv_mpu.o
    0x0801104c   0x0801104c   0x00000084   Code   RO         4604    i.mpu_set_accel_fsr  inv_mpu.o
    0x080110d0   0x080110d0   0x0000014c   Code   RO         4605    i.mpu_set_bypass    inv_mpu.o
    0x0801121c   0x0801121c   0x00000090   Code   RO         4607    i.mpu_set_dmp_state  inv_mpu.o
    0x080112ac   0x080112ac   0x00000088   Code   RO         4609    i.mpu_set_gyro_fsr  inv_mpu.o
    0x08011334   0x08011334   0x0000006c   Code   RO         4610    i.mpu_set_int_latched  inv_mpu.o
    0x080113a0   0x080113a0   0x00000084   Code   RO         4612    i.mpu_set_lpf       inv_mpu.o
    0x08011424   0x08011424   0x0000009c   Code   RO         4613    i.mpu_set_sample_rate  inv_mpu.o
    0x080114c0   0x080114c0   0x000000d0   Code   RO         4614    i.mpu_set_sensors   inv_mpu.o
    0x08011590   0x08011590   0x00000080   Code   RO         4615    i.mpu_write_mem     inv_mpu.o
    0x08011610   0x08011610   0x00000524   Code   RO         4303    i.pid_calculate     driver_control.o
    0x08011b34   0x08011b34   0x0000001e   Code   RO         4305    i.pid_param_init    driver_control.o
    0x08011b52   0x08011b52   0x0000000e   Code   RO         4306    i.pid_reset         driver_control.o
    0x08011b60   0x08011b60   0x0000005c   Code   RO         4307    i.pid_struct_init   driver_control.o
    0x08011bbc   0x08011bbc   0x00000098   Code   RO         2922    i.prvAddCurrentTaskToDelayedList  tasks.o
    0x08011c54   0x08011c54   0x000000b8   Code   RO         2923    i.prvAddNewTaskToReadyList  tasks.o
    0x08011d0c   0x08011d0c   0x00000064   Code   RO         3274    i.prvCheckForValidListAndQueue  timers.o
    0x08011d70   0x08011d70   0x00000048   Code   RO         2924    i.prvCheckTasksWaitingTermination  tasks.o
    0x08011db8   0x08011db8   0x0000002a   Code   RO         2704    i.prvCopyDataFromQueue  queue.o
    0x08011de2   0x08011de2   0x0000007e   Code   RO         2705    i.prvCopyDataToQueue  queue.o
    0x08011e60   0x08011e60   0x00000012   Code   RO         2925    i.prvDeleteTCB      tasks.o
    0x08011e72   0x08011e72   0x00000002   PAD
    0x08011e74   0x08011e74   0x00000028   Code   RO         3275    i.prvGetNextExpireTime  timers.o
    0x08011e9c   0x08011e9c   0x0000007c   Code   RO         3422    i.prvHeapInit       heap_4.o
    0x08011f18   0x08011f18   0x00000028   Code   RO         2926    i.prvIdleTask       tasks.o
    0x08011f40   0x08011f40   0x0000002a   Code   RO         2708    i.prvInitialiseNewQueue  queue.o
    0x08011f6a   0x08011f6a   0x000000cc   Code   RO         2927    i.prvInitialiseNewTask  tasks.o
    0x08012036   0x08012036   0x00000002   PAD
    0x08012038   0x08012038   0x00000068   Code   RO         2928    i.prvInitialiseTaskLists  tasks.o
    0x080120a0   0x080120a0   0x00000068   Code   RO         3423    i.prvInsertBlockIntoFreeList  heap_4.o
    0x08012108   0x08012108   0x00000058   Code   RO         3277    i.prvInsertTimerInActiveList  timers.o
    0x08012160   0x08012160   0x0000001a   Code   RO         2709    i.prvIsQueueEmpty   queue.o
    0x0801217a   0x0801217a   0x0000001e   Code   RO         2710    i.prvIsQueueFull    queue.o
    0x08012198   0x08012198   0x00000064   Code   RO         3278    i.prvProcessExpiredTimer  timers.o
    0x080121fc   0x080121fc   0x000000f4   Code   RO         3279    i.prvProcessReceivedCommands  timers.o
    0x080122f0   0x080122f0   0x00000074   Code   RO         3280    i.prvProcessTimerOrBlockTask  timers.o
    0x08012364   0x08012364   0x00000034   Code   RO         2930    i.prvResetNextTaskUnblockTime  tasks.o
    0x08012398   0x08012398   0x0000002c   Code   RO         3281    i.prvSampleTimeNow  timers.o
    0x080123c4   0x080123c4   0x000000a0   Code   RO         3282    i.prvSwitchTimerLists  timers.o
    0x08012464   0x08012464   0x00000040   Code   RO         3472    i.prvTaskExitError  port.o
    0x080124a4   0x080124a4   0x0000001a   Code   RO         3283    i.prvTimerTask      timers.o
    0x080124be   0x080124be   0x0000007e   Code   RO         2711    i.prvUnlockQueue    queue.o
    0x0801253c   0x0801253c   0x0000013c   Code   RO         3424    i.pvPortMalloc      heap_4.o
    0x08012678   0x08012678   0x0000002c   Code   RO         3473    i.pxPortInitialiseStack  port.o
    0x080126a4   0x080126a4   0x0000006a   Code   RO         4210    i.ramp_calculate    driver_fricmotor.o
    0x0801270e   0x0801270e   0x00000002   PAD
    0x08012710   0x08012710   0x00000020   Code   RO         4211    i.ramp_init         driver_fricmotor.o
    0x08012730   0x08012730   0x0000009c   Code   RO         4616    i.run_self_test     inv_mpu.o
    0x080127cc   0x080127cc   0x00000090   Code   RO         4617    i.set_int_enable    inv_mpu.o
    0x0801285c   0x0801285c   0x00000006   Code   RO         5401    i.set_sensor_orientation_and_scale  data_builder.o
    0x08012862   0x08012862   0x00000002   PAD
    0x08012864   0x08012864   0x000002f0   Code   RO         4161    i.shoot_control     driver_shoot.o
    0x08012b54   0x08012b54   0x000000c0   Code   RO         4162    i.shoot_data_update  driver_shoot.o
    0x08012c14   0x08012c14   0x00000088   Code   RO         4163    i.shoot_init        driver_shoot.o
    0x08012c9c   0x08012c9c   0x000000f4   Code   RO         4164    i.shoot_state_update  driver_shoot.o
    0x08012d90   0x08012d90   0x00000164   Code   RO         4110    i.singel_shoot      driver_dial.o
    0x08012ef4   0x08012ef4   0x0000003e   Code   RO         7167    i.sqrtf             m_wm.l(sqrtf.o)
    0x08012f32   0x08012f32   0x00000002   PAD
    0x08012f34   0x08012f34   0x000000dc   Code   RO            4    i.start_task        main.o
    0x08013010   0x08013010   0x0000001c   Code   RO         4212    i.super_fricmotor_off  driver_fricmotor.o
    0x0801302c   0x0801302c   0x0000001c   Code   RO         4213    i.super_fricmotor_on  driver_fricmotor.o
    0x08013048   0x08013048   0x00000048   Code   RO         3677    i.system_init       task_sysinit.o
    0x08013090   0x08013090   0x00000028   Code   RO         2664    i.uxListRemove      list.o
    0x080130b8   0x080130b8   0x0000001a   Code   RO         2665    i.vListInitialise   list.o
    0x080130d2   0x080130d2   0x00000006   Code   RO         2666    i.vListInitialiseItem  list.o
    0x080130d8   0x080130d8   0x00000034   Code   RO         2667    i.vListInsert       list.o
    0x0801310c   0x0801310c   0x00000018   Code   RO         2668    i.vListInsertEnd    list.o
    0x08013124   0x08013124   0x00000054   Code   RO         3475    i.vPortEnterCritical  port.o
    0x08013178   0x08013178   0x0000003c   Code   RO         3476    i.vPortExitCritical  port.o
    0x080131b4   0x080131b4   0x00000094   Code   RO         3425    i.vPortFree         heap_4.o
    0x08013248   0x08013248   0x00000028   Code   RO         3477    i.vPortSetupTimerInterrupt  port.o
    0x08013270   0x08013270   0x00000078   Code   RO         3478    i.vPortValidateInterruptPriority  port.o
    0x080132e8   0x080132e8   0x0000002c   Code   RO         2717    i.vQueueAddToRegistry  queue.o
    0x08013314   0x08013314   0x0000004a   Code   RO         2721    i.vQueueWaitForMessageRestricted  queue.o
    0x0801335e   0x0801335e   0x00000002   PAD
    0x08013360   0x08013360   0x0000005c   Code   RO         2941    i.vTaskDelay        tasks.o
    0x080133bc   0x080133bc   0x000000f4   Code   RO         2943    i.vTaskDelete       tasks.o
    0x080134b0   0x080134b0   0x00000018   Code   RO         2946    i.vTaskInternalSetTimeOutState  tasks.o
    0x080134c8   0x080134c8   0x0000000c   Code   RO         2947    i.vTaskMissedYield  tasks.o
    0x080134d4   0x080134d4   0x00000038   Code   RO         2949    i.vTaskPlaceOnEventList  tasks.o
    0x0801350c   0x0801350c   0x00000040   Code   RO         2950    i.vTaskPlaceOnEventListRestricted  tasks.o
    0x0801354c   0x0801354c   0x00000094   Code   RO         2958    i.vTaskStartScheduler  tasks.o
    0x080135e0   0x080135e0   0x00000010   Code   RO         2960    i.vTaskSuspendAll   tasks.o
    0x080135f0   0x080135f0   0x0000008c   Code   RO         2961    i.vTaskSwitchContext  tasks.o
    0x0801367c   0x0801367c   0x0000003c   Code   RO         4480    i.verify_crc16_check_sum  driver_crc.o
    0x080136b8   0x080136b8   0x0000002e   Code   RO         4481    i.verify_crc8_check_sum  driver_crc.o
    0x080136e6   0x080136e6   0x00000002   PAD
    0x080136e8   0x080136e8   0x000000bc   Code   RO         3928    i.vision_receive_data  task_vision.o
    0x080137a4   0x080137a4   0x000000f4   Code   RO         3929    i.vision_send_data  task_vision.o
    0x08013898   0x08013898   0x0000000e   Code   RO         3930    i.vision_task       task_vision.o
    0x080138a6   0x080138a6   0x00000002   PAD
    0x080138a8   0x080138a8   0x00000168   Code   RO         3479    i.xPortStartScheduler  port.o
    0x08013a10   0x08013a10   0x00000034   Code   RO         3480    i.xPortSysTickHandler  port.o
    0x08013a44   0x08013a44   0x0000005a   Code   RO         2724    i.xQueueGenericCreate  queue.o
    0x08013a9e   0x08013a9e   0x00000002   PAD
    0x08013aa0   0x08013aa0   0x00000098   Code   RO         2725    i.xQueueGenericReset  queue.o
    0x08013b38   0x08013b38   0x000001a8   Code   RO         2726    i.xQueueGenericSend  queue.o
    0x08013ce0   0x08013ce0   0x000000f8   Code   RO         2727    i.xQueueGenericSendFromISR  queue.o
    0x08013dd8   0x08013dd8   0x00000168   Code   RO         2734    i.xQueueReceive     queue.o
    0x08013f40   0x08013f40   0x0000008c   Code   RO         2962    i.xTaskCheckForTimeOut  tasks.o
    0x08013fcc   0x08013fcc   0x00000060   Code   RO         2963    i.xTaskCreate       tasks.o
    0x0801402c   0x0801402c   0x00000020   Code   RO         2967    i.xTaskGetSchedulerState  tasks.o
    0x0801404c   0x0801404c   0x0000000c   Code   RO         2968    i.xTaskGetTickCount  tasks.o
    0x08014058   0x08014058   0x00000148   Code   RO         2970    i.xTaskIncrementTick  tasks.o
    0x080141a0   0x080141a0   0x000000c8   Code   RO         2973    i.xTaskPriorityDisinherit  tasks.o
    0x08014268   0x08014268   0x00000098   Code   RO         2975    i.xTaskRemoveFromEventList  tasks.o
    0x08014300   0x08014300   0x00000104   Code   RO         2976    i.xTaskResumeAll    tasks.o
    0x08014404   0x08014404   0x00000058   Code   RO         3289    i.xTimerCreateTimerTask  timers.o
    0x0801445c   0x0801445c   0x00000084   Code   RO         3290    i.xTimerGenericCommand  timers.o
    0x080144e0   0x080144e0   0x0000002c   Code   RO         7380    locale$$code        c_w.l(lc_numeric_c.o)
    0x0801450c   0x0801450c   0x0000002c   Code   RO         7455    locale$$code        c_w.l(lc_ctype_c.o)
    0x08014538   0x08014538   0x00000018   Code   RO         7231    x$fpl$basic         fz_wm.l(basic.o)
    0x08014550   0x08014550   0x00000062   Code   RO         6929    x$fpl$d2f           fz_wm.l(d2f.o)
    0x080145b2   0x080145b2   0x00000002   PAD
    0x080145b4   0x080145b4   0x00000150   Code   RO         6931    x$fpl$dadd          fz_wm.l(daddsub_clz.o)
    0x08014704   0x08014704   0x00000018   Code   RO         7233    x$fpl$dcmpinf       fz_wm.l(dcmpi.o)
    0x0801471c   0x0801471c   0x000002b0   Code   RO         6938    x$fpl$ddiv          fz_wm.l(ddiv.o)
    0x080149cc   0x080149cc   0x00000078   Code   RO         6941    x$fpl$deqf          fz_wm.l(deqf.o)
    0x08014a44   0x08014a44   0x0000005e   Code   RO         6943    x$fpl$dfix          fz_wm.l(dfix.o)
    0x08014aa2   0x08014aa2   0x0000002e   Code   RO         6948    x$fpl$dflt          fz_wm.l(dflt_clz.o)
    0x08014ad0   0x08014ad0   0x00000026   Code   RO         6947    x$fpl$dfltu         fz_wm.l(dflt_clz.o)
    0x08014af6   0x08014af6   0x00000002   PAD
    0x08014af8   0x08014af8   0x00000078   Code   RO         6953    x$fpl$dleqf         fz_wm.l(dleqf.o)
    0x08014b70   0x08014b70   0x00000154   Code   RO         6955    x$fpl$dmul          fz_wm.l(dmul.o)
    0x08014cc4   0x08014cc4   0x0000009c   Code   RO         7235    x$fpl$dnaninf       fz_wm.l(dnaninf.o)
    0x08014d60   0x08014d60   0x0000000c   Code   RO         7237    x$fpl$dretinf       fz_wm.l(dretinf.o)
    0x08014d6c   0x08014d6c   0x0000006c   Code   RO         6957    x$fpl$drleqf        fz_wm.l(drleqf.o)
    0x08014dd8   0x08014dd8   0x00000016   Code   RO         6932    x$fpl$drsb          fz_wm.l(daddsub_clz.o)
    0x08014dee   0x08014dee   0x00000002   PAD
    0x08014df0   0x08014df0   0x00000198   Code   RO         7239    x$fpl$dsqrt         fz_wm.l(dsqrt_umaal.o)
    0x08014f88   0x08014f88   0x000001d4   Code   RO         6933    x$fpl$dsub          fz_wm.l(daddsub_clz.o)
    0x0801515c   0x0801515c   0x00000056   Code   RO         6959    x$fpl$f2d           fz_wm.l(f2d.o)
    0x080151b2   0x080151b2   0x00000060   Code   RO         6965    x$fpl$ffltll        fz_wm.l(ffltll_clz.o)
    0x08015212   0x08015212   0x0000008c   Code   RO         7241    x$fpl$fnaninf       fz_wm.l(fnaninf.o)
    0x0801529e   0x0801529e   0x0000000a   Code   RO         7463    x$fpl$fpinit        fz_wm.l(fpinit.o)
    0x080152a8   0x080152a8   0x0000000a   Code   RO         7243    x$fpl$fretinf       fz_wm.l(fretinf.o)
    0x080152b2   0x080152b2   0x00000002   PAD
    0x080152b4   0x080152b4   0x00000086   Code   RO         6961    x$fpl$llsfromf      fz_wm.l(ffixll.o)
    0x0801533a   0x0801533a   0x00000004   Code   RO         6967    x$fpl$printf1       fz_wm.l(printf1.o)
    0x0801533e   0x0801533e   0x00000004   Code   RO         7245    x$fpl$printf2       fz_wm.l(printf2.o)
    0x08015342   0x08015342   0x00000000   Code   RO         7253    x$fpl$usenofp       fz_wm.l(usenofp.o)
    0x08015342   0x08015342   0x00000008   Data   RO         3612    .constdata          bsp_dma.o
    0x0801534a   0x0801534a   0x00000304   Data   RO         4482    .constdata          driver_crc.o
    0x0801564e   0x0801564e   0x00000002   PAD
    0x08015650   0x08015650   0x0000025c   Data   RO         4618    .constdata          inv_mpu.o
    0x080158ac   0x080158ac   0x00000bf6   Data   RO         5054    .constdata          inv_mpu_dmp_motion_driver.o
    0x080164a2   0x080164a2   0x0000002f   Data   RO         6268    .constdata          mpl.o
    0x080164d1   0x080164d1   0x00000028   Data   RO         6885    .constdata          c_w.l(_printf_hex_int_ll_ptr.o)
    0x080164f9   0x080164f9   0x00000011   Data   RO         6905    .constdata          c_w.l(__printf_flags_ss_wp.o)
    0x0801650a   0x0801650a   0x00000006   PAD
    0x08016510   0x08016510   0x00000038   Data   RO         7104    .constdata          m_wm.l(log.o)
    0x08016548   0x08016548   0x00000008   Data   RO         7201    .constdata          c_w.l(_printf_wctomb.o)
    0x08016550   0x08016550   0x00000030   Data   RO         7255    .constdata          m_wm.l(cos_i.o)
    0x08016580   0x08016580   0x00000008   Data   RO         7291    .constdata          m_wm.l(qnan.o)
    0x08016588   0x08016588   0x000000c8   Data   RO         7294    .constdata          m_wm.l(rred.o)
    0x08016650   0x08016650   0x00000020   Data   RO         7298    .constdata          m_wm.l(rredf.o)
    0x08016670   0x08016670   0x00000028   Data   RO         7301    .constdata          m_wm.l(sin_i.o)
    0x08016698   0x08016698   0x00000026   Data   RO         7338    .constdata          c_w.l(_printf_fp_hex.o)
    0x080166be   0x080166be   0x00000002   PAD
    0x080166c0   0x080166c0   0x00000094   Data   RO         7349    .constdata          c_w.l(bigflt0.o)
    0x08016754   0x08016754   0x00000009   Data   RO         4619    .conststring        inv_mpu.o
    0x0801675d   0x0801675d   0x00000003   PAD
    0x08016760   0x08016760   0x00000044   Data   RO         5403    .conststring        data_builder.o
    0x080167a4   0x080167a4   0x00000020   Data   RO         7536    Region$$Table       anon$$obj.o
    0x080167c4   0x080167c4   0x0000001c   Data   RO         7379    locale$$data        c_w.l(lc_numeric_c.o)
    0x080167e0   0x080167e0   0x00000110   Data   RO         7454    locale$$data        c_w.l(lc_ctype_c.o)


    Execution Region RW_IRAM1 (Exec base: 0x20000000, Load base: 0x080168f0, Size: 0x00016ef8, Max: 0x00030000, ABSOLUTE, COMPRESSED[0x0000016c])

    Exec Addr    Load Addr    Size         Type   Attr      Idx    E Section Name        Object

    0x20000000   COMPRESSED   0x00000004   Data   RW            5    .data               main.o
    0x20000004   COMPRESSED   0x00000002   Data   RW          271    .data               stm32f4xx_it.o
    0x20000006   COMPRESSED   0x00000002   PAD
    0x20000008   COMPRESSED   0x00000014   Data   RW          428    .data               system_stm32f4xx.o
    0x2000001c   COMPRESSED   0x00000004   Data   RW          467    .data               delay.o
    0x20000020   COMPRESSED   0x00000006   Data   RW          531    .data               usart.o
    0x20000026   COMPRESSED   0x00000010   Data   RW          783    .data               stm32f4xx_rcc.o
    0x20000036   COMPRESSED   0x00000002   PAD
    0x20000038   COMPRESSED   0x0000003c   Data   RW         2979    .data               tasks.o
    0x20000074   COMPRESSED   0x00000014   Data   RW         3296    .data               timers.o
    0x20000088   COMPRESSED   0x00000018   Data   RW         3430    .data               heap_4.o
    0x200000a0   COMPRESSED   0x0000000c   Data   RW         3481    .data               port.o
    0x200000ac   COMPRESSED   0x00000008   Data   RW         3725    .data               task_control.o
    0x200000b4   COMPRESSED   0x00000014   Data   RW         3789    .data               task_chassis.o
    0x200000c8   COMPRESSED   0x00000020   Data   RW         3867    .data               task_gimbal.o
    0x200000e8   COMPRESSED   0x0000000d   Data   RW         3932    .data               task_vision.o
    0x200000f5   COMPRESSED   0x00000003   PAD
    0x200000f8   COMPRESSED   0x00000006   Data   RW         4166    .data               driver_shoot.o
    0x200000fe   COMPRESSED   0x00000002   PAD
    0x20000100   COMPRESSED   0x00000150   Data   RW         4391    .data               driver_filter.o
    0x20000250   COMPRESSED   0x00000039   Data   RW         4620    .data               inv_mpu.o
    0x20000289   COMPRESSED   0x00000003   PAD
    0x2000028c   COMPRESSED   0x00000004   Data   RW         5883    .data               message_layer.o
    0x20000290   COMPRESSED   0x00000010   Data   RW         6614    .data               libmpllib.lib(compass_vec_cal.o)
    0x200002a0        -       0x00000128   Zero   RW          270    .bss                stm32f4xx_it.o
    0x200003c8        -       0x000000c8   Zero   RW          530    .bss                usart.o
    0x20000490        -       0x00000040   Zero   RW         2738    .bss                queue.o
    0x200004d0        -       0x000000c8   Zero   RW         2978    .bss                tasks.o
    0x20000598        -       0x00000028   Zero   RW         3295    .bss                timers.o
    0x200005c0        -       0x00012c00   Zero   RW         3429    .bss                heap_4.o
    0x200131c0        -       0x0000080c   Zero   RW         3611    .bss                bsp_dma.o
    0x200139cc   COMPRESSED   0x00000004   PAD
    0x200139d0        -       0x00000178   Zero   RW         3752    .bss                task_imu.o
    0x20013b48        -       0x00000344   Zero   RW         3788    .bss                task_chassis.o
    0x20013e8c        -       0x0000029c   Zero   RW         3866    .bss                task_gimbal.o
    0x20014128        -       0x00000018   Zero   RW         3931    .bss                task_vision.o
    0x20014140        -       0x0000000f   Zero   RW         3975    .bss                driver_judge.o
    0x2001414f   COMPRESSED   0x00000001   PAD
    0x20014150        -       0x00000278   Zero   RW         4111    .bss                driver_dial.o
    0x200143c8        -       0x00000080   Zero   RW         4165    .bss                driver_shoot.o
    0x20014448        -       0x0000002e   Zero   RW         4273    .bss                driver_dbus.o
    0x20014476   COMPRESSED   0x00000002   PAD
    0x20014478        -       0x00000010   Zero   RW         5053    .bss                inv_mpu_dmp_motion_driver.o
    0x20014488        -       0x00000028   Zero   RW         5258    .bss                empl_outputs.o
    0x200144b0        -       0x000002d8   Zero   RW         5402    .bss                data_builder.o
    0x20014788        -       0x000000c4   Zero   RW         5793    .bss                hal_outputs.o
    0x2001484c        -       0x00000088   Zero   RW         6340    .bss                results_holder.o
    0x200148d4        -       0x00000054   Zero   RW         6541    .bss                start_manager.o
    0x20014928        -       0x00000198   Zero   RW         6575    .bss                storage_manager.o
    0x20014ac0        -       0x00000460   Zero   RW         6613    .bss                libmpllib.lib(compass_vec_cal.o)
    0x20014f20        -       0x000002a0   Zero   RW         6703    .bss                libmpllib.lib(fast_no_motion.o)
    0x200151c0        -       0x00000138   Zero   RW         6736    .bss                libmpllib.lib(fusion_9axis.o)
    0x200152f8        -       0x000001c4   Zero   RW         6758    .bss                libmpllib.lib(gyro_tc.o)
    0x200154bc        -       0x000000b8   Zero   RW         6776    .bss                libmpllib.lib(mag_disturb.o)
    0x20015574        -       0x0000006c   Zero   RW         6798    .bss                libmpllib.lib(quaternion_supervisor.o)
    0x200155e0        -       0x000004b8   Zero   RW         6816    .bss                libmpllib.lib(accel_auto_cal.o)
    0x20015a98        -       0x00000060   Zero   RW         7387    .bss                c_w.l(libspace.o)
    0x20015af8        -       0x00001000   Zero   RW          580    HEAP                startup_stm32f427xx.o
    0x20016af8        -       0x00000400   Zero   RW          579    STACK               startup_stm32f427xx.o


==============================================================================

Image component sizes


      Code (inc. data)   RO Data    RW Data    ZI Data      Debug   Object Name

       260         10          0          0          0        767   bsp_can.o
       536         40          8          0       2060       2004   bsp_dma.o
       724         30          0          0          0        924   bsp_gpio.o
       324         30          0          0          0        696   bsp_nvic.o
       160         10          0          0          0        695   bsp_tim.o
       244         16          0          0          0        664   bsp_uart.o
      2240        250         68          0        728      23579   data_builder.o
       220         18          0          4          0       2597   delay.o
      1650         28          0          0          0       5817   driver_control.o
       222          6        772          0          0       4777   driver_crc.o
         8          4          0          0         46       2385   driver_dbus.o
       780         82          0          0        632       3559   driver_dial.o
       140          6          0          0          0        955   driver_edcoder.o
       110          0          0        336          0       2081   driver_filter.o
       250         22          0          0          0       3999   driver_fricmotor.o
       620         96          0          0          0       4143   driver_iic.o
       690          0          0          0          0       7367   driver_imu.o
        96         12          0          0         15       1239   driver_judge.o
      1404        120          0          6        128       5305   driver_shoot.o
       924         48          0          0         40       6946   empl_outputs.o
         0          0          0          0          0       9464   event_groups.o
       112          8          0          0        196       2066   hal_outputs.o
       692         62          0         24      76800       4475   heap_4.o
      9818       1462        613         57          0      40190   inv_mpu.o
      3128        138       3062          0         16      21554   inv_mpu_dmp_motion_driver.o
       148          0          0          0          0       3306   list.o
       202         10          0          0          0       1162   log_stm32.o
       280        116          0          4          0     323962   main.o
        28          4          0          4          0       1246   message_layer.o
       180         24          0          0          0       2129   misc.o
      1816         24          0          0          0      13684   ml_math_func.o
       248         76         47          0          0       2604   mpl.o
      1014         92          0         12          0      11657   port.o
      1784         20          0          0         64      15942   queue.o
       824        128          0          0        136      16081   results_holder.o
       204         20          0          0         84       3388   start_manager.o
        64         26        428          0       5120        852   startup_stm32f427xx.o
      1566         16          0          0          0       6542   stm32f4xx_can.o
       816         86          0          0          0       8452   stm32f4xx_dma.o
       222          0          0          0          0       2943   stm32f4xx_gpio.o
      1336        172          0          2        296     254521   stm32f4xx_it.o
       392         48          0         16          0       5913   stm32f4xx_rcc.o
       852         66          0          0          0      10176   stm32f4xx_tim.o
       662         42          0          0          0       5652   stm32f4xx_usart.o
       168         10          0          0        408       2505   storage_manager.o
       392         32          0         20          0       1833   system_stm32f4xx.o
      1634        104          0         20        836       9231   task_chassis.o
       132         14          0          8          0       2055   task_control.o
      1690        168          0         32        668       9013   task_gimbal.o
       468         36          0          0        376       1654   task_imu.o
        72          6          0          0          0        606   task_sysinit.o
       446         36          0         13         24       3112   task_vision.o
      2842        390          0         60        200      25156   tasks.o
      1138        116          0         20         40      22283   timers.o
       168         18          0          6        200       3608   usart.o
        72          6          0          0          0        641   user_math.o

    ----------------------------------------------------------------------
     47258       4404       5035        656      89120     930157   Object Totals
         0          0         32          0          0          0   (incl. Generated)
        46          0          5         12          7          0   (incl. Padding)

    ----------------------------------------------------------------------

      Code (inc. data)   RO Data    RW Data    ZI Data      Debug   Library Member Name

        24          4          0          0          0         84   __2printf.o
        90          0          0          0          0          0   __dczerorl2.o
         8          0          0          0          0         68   __main.o
       392          4         17          0          0         92   __printf_flags_ss_wp.o
        14          0          0          0          0         68   __printf_wp.o
         0          0          0          0          0          0   __rtentry.o
        12          0          0          0          0          0   __rtentry2.o
         6          0          0          0          0          0   __rtentry4.o
        52          8          0          0          0          0   __scatter.o
        28          0          0          0          0          0   __scatter_zi.o
         6          0          0          0          0          0   _printf_a.o
         6          0          0          0          0          0   _printf_c.o
        44          0          0          0          0        108   _printf_char.o
        48          6          0          0          0         96   _printf_char_common.o
        36          4          0          0          0         80   _printf_char_file.o
        40          0          0          0          0         68   _printf_charcount.o
         6          0          0          0          0          0   _printf_d.o
       120         16          0          0          0         92   _printf_dec.o
         6          0          0          0          0          0   _printf_e.o
         6          0          0          0          0          0   _printf_f.o
      1054          0          0          0          0        216   _printf_fp_dec.o
       764          8         38          0          0        100   _printf_fp_hex.o
       128         16          0          0          0         84   _printf_fp_infnan.o
         6          0          0          0          0          0   _printf_g.o
       148          4         40          0          0        160   _printf_hex_int_ll_ptr.o
         6          0          0          0          0          0   _printf_i.o
       178          0          0          0          0         88   _printf_intcommon.o
        10          0          0          0          0          0   _printf_l.o
         6          0          0          0          0          0   _printf_lc.o
        10          0          0          0          0          0   _printf_ll.o
         6          0          0          0          0          0   _printf_lld.o
         6          0          0          0          0          0   _printf_lli.o
         6          0          0          0          0          0   _printf_llo.o
         6          0          0          0          0          0   _printf_llu.o
         6          0          0          0          0          0   _printf_llx.o
       124         16          0          0          0         92   _printf_longlong_dec.o
         6          0          0          0          0          0   _printf_ls.o
         6          0          0          0          0          0   _printf_n.o
         6          0          0          0          0          0   _printf_o.o
       112         10          0          0          0        124   _printf_oct_int_ll.o
         6          0          0          0          0          0   _printf_p.o
        78          0          0          0          0        108   _printf_pad.o
         0          0          0          0          0          0   _printf_percent.o
         4          0          0          0          0          0   _printf_percent_end.o
         6          0          0          0          0          0   _printf_s.o
        82          0          0          0          0         80   _printf_str.o
        36          0          0          0          0         84   _printf_truncate.o
         6          0          0          0          0          0   _printf_u.o
        44          0          0          0          0        108   _printf_wchar.o
       188          6          8          0          0         92   _printf_wctomb.o
         6          0          0          0          0          0   _printf_x.o
        22          0          0          0          0        100   _rserrno.o
        10          0          0          0          0         68   _sputc.o
        64          0          0          0          0         92   _wcrtomb.o
        16          0          0          0          0         68   aeabi_memset.o
       228          4        148          0          0         96   bigflt0.o
      1936        128          0          0          0        672   btod.o
        18          0          0          0          0         80   exit.o
         8          0          0          0          0         68   ferror.o
         6          0          0          0          0        152   heapauxi.o
        44         10        272          0          0         76   lc_ctype_c.o
        44         10         28          0          0         76   lc_numeric_c.o
         2          0          0          0          0          0   libinit.o
        34          0          0          0          0          0   libinit2.o
         2          0          0          0          0          0   libshutdown.o
         2          0          0          0          0          0   libshutdown2.o
         8          4          0          0         96         68   libspace.o
        72          0          0          0          0         76   llsdiv.o
        38          0          0          0          0         68   llshl.o
        38          0          0          0          0         68   llsshr.o
       138          0          0          0          0         80   lludiv10.o
       238          0          0          0          0        100   lludivv7m.o
        88          0          0          0          0         76   memcmp.o
        16          4          0          0          0         76   rt_ctype_table.o
         8          4          0          0          0         68   rt_errno_addr_intlibspace.o
         8          4          0          0          0         68   rt_locale_intlibspace.o
        68          0          0          0          0         68   rt_memclr.o
        78          0          0          0          0         80   rt_memclr_w.o
       138          0          0          0          0         68   rt_memcpy_v6.o
       100          0          0          0          0         80   rt_memcpy_w.o
       122          0          0          0          0         80   rt_memmove_w.o
         2          0          0          0          0          0   rtexit.o
        10          0          0          0          0          0   rtexit2.o
       128          0          0          0          0         68   strcmpv7m.o
        74          0          0          0          0         80   sys_stackheap_outer.o
         2          0          0          0          0         68   use_no_semi.o
         2          0          0          0          0         68   use_no_semi_2.o
        36          4          0          0          0         76   vsprintf.o
        24          0          0          0          0        164   basic.o
        98          4          0          0          0        140   d2f.o
       826         16          0          0          0        492   daddsub_clz.o
        24          0          0          0          0        116   dcmpi.o
       688        140          0          0          0        256   ddiv.o
       120          4          0          0          0        140   deqf.o
        94          4          0          0          0        140   dfix.o
        84          0          0          0          0        232   dflt_clz.o
       120          4          0          0          0        140   dleqf.o
       340         12          0          0          0        152   dmul.o
       156          4          0          0          0        140   dnaninf.o
        12          0          0          0          0        116   dretinf.o
       108          0          0          0          0        128   drleqf.o
       408         56          0          0          0        168   dsqrt_umaal.o
        86          4          0          0          0        132   f2d.o
       134          4          0          0          0        132   ffixll.o
        96          0          0          0          0        132   ffltll_clz.o
       140          4          0          0          0        132   fnaninf.o
        10          0          0          0          0        116   fpinit.o
        10          0          0          0          0        116   fretinf.o
         4          0          0          0          0        116   printf1.o
         4          0          0          0          0        116   printf2.o
         0          0          0          0          0          0   usenofp.o
      3140        190          0          0       1208       9672   accel_auto_cal.o
      9456        298          0         16       1120      19892   compass_vec_cal.o
      2584         42          0          0        672      13744   fast_no_motion.o
      1712         72          0          0        312       5636   fusion_9axis.o
      1220         32          0          0        452       5735   gyro_tc.o
      1472         48          0          0        184       7614   mag_disturb.o
      2452        130          0          0        108       5637   quaternion_supervisor.o
       280         46          0          0          0        176   acosf.o
       592         90          0          0          0        184   atan2f.o
       200         20          0          0          0        164   cos.o
       368         46         48          0          0        200   cos_i.o
       336         56          0          0          0        136   cosf.o
       132         36          0          0          0        496   dunder.o
        44          0          0          0          0        248   fabs.o
        48          0          0          0          0        124   fpclassify.o
        38          0          0          0          0        116   fpclassifyf.o
        44         12          0          0          0        464   funder.o
       964         92         56          0          0        316   log.o
       248          0          0          0          0        152   poly.o
         0          0          8          0          0          0   qnan.o
      1080        142        200          0          0        188   rred.o
       340         24         32          0          0        160   rredf.o
       304         24         40          0          0        208   sin_i.o
       400         56          0          0          0        212   sinf.o
       122          0          0          0          0        148   sqrt.o
       120          0          0          0          0        272   sqrtf.o

    ----------------------------------------------------------------------
     39164       1990        943         16       4152      80534   Library Totals
        40          4          8          0          0          0   (incl. Padding)

    ----------------------------------------------------------------------

      Code (inc. data)   RO Data    RW Data    ZI Data      Debug   Library Name

      7842        274        551          0         96       5124   c_w.l
      3586        256          0          0          0       3516   fz_wm.l
     22036        812          0         16       4056      67930   libmpllib.lib
      5660        644        384          0          0       3964   m_wm.l

    ----------------------------------------------------------------------
     39164       1990        943         16       4152      80534   Library Totals

    ----------------------------------------------------------------------

==============================================================================


      Code (inc. data)   RO Data    RW Data    ZI Data      Debug   

     86422       6394       5978        672      93272     964879   Grand Totals
     86422       6394       5978        364      93272     964879   ELF Image Totals (compressed)
     86422       6394       5978        364          0          0   ROM Totals

==============================================================================

    Total RO  Size (Code + RO Data)                92400 (  90.23kB)
    Total RW  Size (RW Data + ZI Data)             93944 (  91.74kB)
    Total ROM Size (Code + RO Data + RW Data)      92764 (  90.59kB)

==============================================================================

