Component: ARM Compiler 5.06 update 6 (build 750) Tool: armlink [4d35ed]

==============================================================================

Section Cross References

    main.o(i.main) refers to task_sysinit.o(i.system_init) for system_init
    main.o(i.main) refers to delay.o(i.delay_ms) for delay_ms
    main.o(i.main) refers to tasks.o(i.xTaskCreate) for xTaskCreate
    main.o(i.main) refers to tasks.o(i.vTaskStartScheduler) for vTaskStartScheduler
    main.o(i.main) refers to main.o(.data) for g_start_task_handler
    main.o(i.main) refers to main.o(i.start_task) for start_task
    main.o(i.start_task) refers to port.o(i.vPortEnterCritical) for vPortEnterCritical
    main.o(i.start_task) refers to tasks.o(i.xTaskCreate) for xTaskCreate
    main.o(i.start_task) refers to tasks.o(i.vTaskDelete) for vTaskDelete
    main.o(i.start_task) refers to port.o(i.vPortExitCritical) for vPortExitCritical
    main.o(i.start_task) refers to task_imu.o(i.imu_task) for imu_task
    main.o(i.start_task) refers to task_gimbal.o(i.gimbal_task) for gimbal_task
    main.o(i.start_task) refers to main.o(.data) for g_start_task_handler
    stm32f4xx_it.o(i.CAN1_RX0_IRQHandler) refers to stm32f4xx_can.o(i.CAN_Receive) for CAN_Receive
    stm32f4xx_it.o(i.CAN1_RX0_IRQHandler) refers to driver_edcoder.o(i.encoder_data_handler) for encoder_data_handler
    stm32f4xx_it.o(i.CAN1_RX0_IRQHandler) refers to __2printf.o(.text) for __2printf
    stm32f4xx_it.o(i.CAN1_RX0_IRQHandler) refers to stm32f4xx_it.o(.bss) for g_can1_receive_str
    stm32f4xx_it.o(i.CAN1_RX0_IRQHandler) refers to task_chassis.o(.bss) for g_chassis_move
    stm32f4xx_it.o(i.CAN1_RX0_IRQHandler) refers to task_imu.o(.bss) for g_cloud_gyroscope
    stm32f4xx_it.o(i.CAN1_RX0_IRQHandler) refers to task_gimbal.o(.bss) for g_gimbal_control
    stm32f4xx_it.o(i.CAN1_RX0_IRQHandler) refers to driver_dial.o(.bss) for g_dial_2006_motor
    stm32f4xx_it.o(i.CAN1_TX_IRQHandler) refers to stm32f4xx_can.o(i.CAN_GetITStatus) for CAN_GetITStatus
    stm32f4xx_it.o(i.CAN1_TX_IRQHandler) refers to stm32f4xx_can.o(i.CAN_ClearITPendingBit) for CAN_ClearITPendingBit
    stm32f4xx_it.o(i.CAN2_RX1_IRQHandler) refers to stm32f4xx_can.o(i.CAN_Receive) for CAN_Receive
    stm32f4xx_it.o(i.CAN2_RX1_IRQHandler) refers to stm32f4xx_it.o(.bss) for CAN2_ReceiveBuffer
    stm32f4xx_it.o(i.DMA2_Stream5_IRQHandler) refers to stm32f4xx_dma.o(i.DMA_GetITStatus) for DMA_GetITStatus
    stm32f4xx_it.o(i.DMA2_Stream5_IRQHandler) refers to stm32f4xx_dma.o(i.DMA_ClearFlag) for DMA_ClearFlag
    stm32f4xx_it.o(i.DMA2_Stream5_IRQHandler) refers to stm32f4xx_dma.o(i.DMA_ClearITPendingBit) for DMA_ClearITPendingBit
    stm32f4xx_it.o(i.DMA2_Stream5_IRQHandler) refers to driver_dbus.o(.bss) for g_sbus_rx_buffer
    stm32f4xx_it.o(i.DMA2_Stream7_IRQHandler) refers to stm32f4xx_dma.o(i.DMA_GetFlagStatus) for DMA_GetFlagStatus
    stm32f4xx_it.o(i.DMA2_Stream7_IRQHandler) refers to stm32f4xx_dma.o(i.DMA_ClearFlag) for DMA_ClearFlag
    stm32f4xx_it.o(i.USART6_DMA_SendData) refers to stm32f4xx_dma.o(i.DMA_Cmd) for DMA_Cmd
    stm32f4xx_it.o(i.USART6_DMA_SendData) refers to stm32f4xx_dma.o(i.DMA_GetCmdStatus) for DMA_GetCmdStatus
    stm32f4xx_it.o(i.USART6_DMA_SendData) refers to stm32f4xx_dma.o(i.DMA_SetCurrDataCounter) for DMA_SetCurrDataCounter
    stm32f4xx_it.o(i.USART6_DMA_SendData) refers to stm32f4xx_dma.o(i.DMA_ClearFlag) for DMA_ClearFlag
    stm32f4xx_it.o(i.USART6_IRQHandler) refers to stm32f4xx_usart.o(i.USART_GetITStatus) for USART_GetITStatus
    stm32f4xx_it.o(i.USART6_IRQHandler) refers to stm32f4xx_dma.o(i.DMA_Cmd) for DMA_Cmd
    stm32f4xx_it.o(i.USART6_IRQHandler) refers to stm32f4xx_dma.o(i.DMA_GetCurrDataCounter) for DMA_GetCurrDataCounter
    stm32f4xx_it.o(i.USART6_IRQHandler) refers to stm32f4xx_dma.o(i.DMA_SetCurrDataCounter) for DMA_SetCurrDataCounter
    stm32f4xx_it.o(i.USART6_IRQHandler) refers to stm32f4xx_dma.o(i.DMA_ClearFlag) for DMA_ClearFlag
    stm32f4xx_it.o(i.USART6_IRQHandler) refers to stm32f4xx_it.o(i.USART6_DMA_SendData) for USART6_DMA_SendData
    stm32f4xx_it.o(i.USART6_IRQHandler) refers to bsp_dma.o(.constdata) for RECEIVE_BUF_SIZE
    stm32f4xx_it.o(i.USART6_IRQHandler) refers to stm32f4xx_it.o(.data) for USART6_RXCnt
    stm32f4xx_it.o(i.USART6_IRQHandler) refers to bsp_dma.o(.bss) for g_receive_buff
    system_stm32f4xx.o(i.SystemCoreClockUpdate) refers to system_stm32f4xx.o(.data) for SystemCoreClock
    system_stm32f4xx.o(i.SystemInit) refers to system_stm32f4xx.o(i.SetSysClock) for SetSysClock
    delay.o(i.SysTick_Handler) refers to tasks.o(i.xTaskGetSchedulerState) for xTaskGetSchedulerState
    delay.o(i.SysTick_Handler) refers to port.o(i.xPortSysTickHandler) for xPortSysTickHandler
    delay.o(i.delay_init) refers to misc.o(i.SysTick_CLKSourceConfig) for SysTick_CLKSourceConfig
    delay.o(i.delay_init) refers to delay.o(.data) for fac_us
    delay.o(i.delay_ms) refers to tasks.o(i.xTaskGetSchedulerState) for xTaskGetSchedulerState
[...]
    xTaskCreate                              0x0801275d   Thumb Code    96  tasks.o(i.xTaskCreate)
    xTaskGetSchedulerState                   0x080127bd   Thumb Code    24  tasks.o(i.xTaskGetSchedulerState)
    xTaskGetTickCount                        0x080127dd   Thumb Code     6  tasks.o(i.xTaskGetTickCount)
    xTaskIncrementTick                       0x080127e9   Thumb Code   282  tasks.o(i.xTaskIncrementTick)
    xTaskPriorityDisinherit                  0x08012931   Thumb Code   188  tasks.o(i.xTaskPriorityDisinherit)
    xTaskRemoveFromEventList                 0x080129f9   Thumb Code   128  tasks.o(i.xTaskRemoveFromEventList)
    xTaskResumeAll                           0x08012a91   Thumb Code   224  tasks.o(i.xTaskResumeAll)
    xTimerCreateTimerTask                    0x08012b95   Thumb Code    66  timers.o(i.xTimerCreateTimerTask)
    xTimerGenericCommand                     0x08012bed   Thumb Code   126  timers.o(i.xTimerGenericCommand)
    _get_lc_numeric                          0x08012c71   Thumb Code    44  lc_numeric_c.o(locale$$code)
    _get_lc_ctype                            0x08012c9d   Thumb Code    44  lc_ctype_c.o(locale$$code)
    __aeabi_dneg                             0x08012cc9   Thumb Code     0  basic.o(x$fpl$basic)
    _dneg                                    0x08012cc9   Thumb Code     6  basic.o(x$fpl$basic)
    __aeabi_fneg                             0x08012ccf   Thumb Code     0  basic.o(x$fpl$basic)
    _fneg                                    0x08012ccf   Thumb Code     6  basic.o(x$fpl$basic)
    _dabs                                    0x08012cd5   Thumb Code     6  basic.o(x$fpl$basic)
    _fabs                                    0x08012cdb   Thumb Code     6  basic.o(x$fpl$basic)
    __aeabi_d2f                              0x08012ce1   Thumb Code     0  d2f.o(x$fpl$d2f)
    _d2f                                     0x08012ce1   Thumb Code    98  d2f.o(x$fpl$d2f)
    __aeabi_dadd                             0x08012d45   Thumb Code     0  daddsub_clz.o(x$fpl$dadd)
    _dadd                                    0x08012d45   Thumb Code   332  daddsub_clz.o(x$fpl$dadd)
    __fpl_dcmp_Inf                           0x08012e95   Thumb Code    24  dcmpi.o(x$fpl$dcmpinf)
    __aeabi_ddiv                             0x08012ead   Thumb Code     0  ddiv.o(x$fpl$ddiv)
    _ddiv                                    0x08012ead   Thumb Code   552  ddiv.o(x$fpl$ddiv)
    __aeabi_cdcmpeq                          0x0801315d   Thumb Code     0  deqf.o(x$fpl$deqf)
    _dcmpeq                                  0x0801315d   Thumb Code   120  deqf.o(x$fpl$deqf)
    __aeabi_d2iz                             0x080131d5   Thumb Code     0  dfix.o(x$fpl$dfix)
    _dfix                                    0x080131d5   Thumb Code    94  dfix.o(x$fpl$dfix)
    __aeabi_i2d                              0x08013233   Thumb Code     0  dflt_clz.o(x$fpl$dflt)
    _dflt                                    0x08013233   Thumb Code    46  dflt_clz.o(x$fpl$dflt)
    __aeabi_ui2d                             0x08013261   Thumb Code     0  dflt_clz.o(x$fpl$dfltu)
    _dfltu                                   0x08013261   Thumb Code    38  dflt_clz.o(x$fpl$dfltu)
    __aeabi_cdcmple                          0x08013289   Thumb Code     0  dleqf.o(x$fpl$dleqf)
    _dcmple                                  0x08013289   Thumb Code   120  dleqf.o(x$fpl$dleqf)
    __fpl_dcmple_InfNaN                      0x080132eb   Thumb Code     0  dleqf.o(x$fpl$dleqf)
    __aeabi_dmul                             0x08013301   Thumb Code     0  dmul.o(x$fpl$dmul)
    _dmul                                    0x08013301   Thumb Code   332  dmul.o(x$fpl$dmul)
    __fpl_dnaninf                            0x08013455   Thumb Code   156  dnaninf.o(x$fpl$dnaninf)
    __fpl_dretinf                            0x080134f1   Thumb Code    12  dretinf.o(x$fpl$dretinf)
    __aeabi_cdrcmple                         0x080134fd   Thumb Code     0  drleqf.o(x$fpl$drleqf)
    _drcmple                                 0x080134fd   Thumb Code   108  drleqf.o(x$fpl$drleqf)
    __aeabi_drsub                            0x08013569   Thumb Code     0  daddsub_clz.o(x$fpl$drsb)
    _drsb                                    0x08013569   Thumb Code    22  daddsub_clz.o(x$fpl$drsb)
    _dsqrt                                   0x08013581   Thumb Code   404  dsqrt_umaal.o(x$fpl$dsqrt)
    __aeabi_dsub                             0x08013719   Thumb Code     0  daddsub_clz.o(x$fpl$dsub)
    _dsub                                    0x08013719   Thumb Code   464  daddsub_clz.o(x$fpl$dsub)
    __aeabi_f2d                              0x080138ed   Thumb Code     0  f2d.o(x$fpl$f2d)
    _f2d                                     0x080138ed   Thumb Code    86  f2d.o(x$fpl$f2d)
    __aeabi_ul2f                             0x08013943   Thumb Code     0  ffltll_clz.o(x$fpl$ffltll)
    _ll_uto_f                                0x08013943   Thumb Code     6  ffltll_clz.o(x$fpl$ffltll)
    __aeabi_l2f                              0x08013949   Thumb Code     0  ffltll_clz.o(x$fpl$ffltll)
    _ll_sto_f                                0x08013949   Thumb Code    90  ffltll_clz.o(x$fpl$ffltll)
    __fpl_fnaninf                            0x080139a3   Thumb Code   140  fnaninf.o(x$fpl$fnaninf)
    _fp_init                                 0x08013a2f   Thumb Code    10  fpinit.o(x$fpl$fpinit)
    __fplib_config_fpu_vfp                   0x08013a37   Thumb Code     0  fpinit.o(x$fpl$fpinit)
    __fplib_config_pureend_doubles           0x08013a37   Thumb Code     0  fpinit.o(x$fpl$fpinit)
    __fpl_fretinf                            0x08013a39   Thumb Code    10  fretinf.o(x$fpl$fretinf)
    __aeabi_f2lz                             0x08013a45   Thumb Code     0  ffixll.o(x$fpl$llsfromf)
    _ll_sfrom_f                              0x08013a45   Thumb Code   134  ffixll.o(x$fpl$llsfromf)
    _printf_fp_dec                           0x08013acb   Thumb Code     4  printf1.o(x$fpl$printf1)
    _printf_fp_hex                           0x08013acf   Thumb Code     4  printf2.o(x$fpl$printf2)
    RECEIVE_BUF_SIZE                         0x08013ad2   Data           2  bsp_dma.o(.constdata)
    __I$use$fp                               0x08013ad2   Number         0  usenofp.o(x$fpl$usenofp)
    SEND_BUF_SIZE                            0x08013ad4   Data           2  bsp_dma.o(.constdata)
    reg                                      0x08013ad8   Data          30  inv_mpu.o(.constdata)
    hw                                       0x08013af6   Data          12  inv_mpu.o(.constdata)
    test                                     0x08013b04   Data          48  inv_mpu.o(.constdata)
    ml_ver                                   0x0801492a   Data          20  mpl.o(.constdata)
    __mathlib_zero                           0x08014af0   Data           8  qnan.o(.constdata)
    Region$$Table$$Base                      0x08014d14   Number         0  anon$$obj.o(Region$$Table)
    Region$$Table$$Limit                     0x08014d34   Number         0  anon$$obj.o(Region$$Table)
    __ctype                                  0x08014d5d   Data           0  lc_ctype_c.o(locale$$data)
    g_start_task_handler                     0x20000000   Data           4  main.o(.data)
    USART6_RXCnt                             0x20000004   Data           2  stm32f4xx_it.o(.data)
    SystemCoreClock                          0x20000008   Data           4  system_stm32f4xx.o(.data)
    AHBPrescTable                            0x2000000c   Data          16  system_stm32f4xx.o(.data)
    __stdout                                 0x20000020   Data           4  usart.o(.data)
    USART_RX_STA                             0x20000024   Data           2  usart.o(.data)
    pxCurrentTCB                             0x20000038   Data           4  tasks.o(.data)
    NUM                                      0x200000b0   Data         144  driver_filter.o(.data)
    DEN                                      0x20000140   Data         144  driver_filter.o(.data)
    mpl_key                                  0x200001d0   Data           4  inv_mpu.o(.data)
    g_can1_receive_str                       0x20000228   Data          20  stm32f4xx_it.o(.bss)
    moto_yaw                                 0x2000023c   Data          32  stm32f4xx_it.o(.bss)
    moto_pitch                               0x2000025c   Data          32  stm32f4xx_it.o(.bss)
    moto_2006_dial                           0x2000027c   Data          32  stm32f4xx_it.o(.bss)
    moto_3510_dial                           0x2000029c   Data          32  stm32f4xx_it.o(.bss)
    moto_chassis                             0x200002bc   Data         128  stm32f4xx_it.o(.bss)
    CAN2_ReceiveBuffer                       0x2000033c   Data          64  stm32f4xx_it.o(.bss)
    USART_RX_BUF                             0x2000037c   Data         200  usart.o(.bss)
    xQueueRegistry                           0x20000444   Data          64  queue.o(.bss)
    g_receive_buff                           0x20013174   Data        1000  bsp_dma.o(.bss)
    g_send_buff                              0x2001355c   Data        1000  bsp_dma.o(.bss)
    g_cloud_gyroscope                        0x20013948   Data          20  task_imu.o(.bss)
    g_chassis_gyroscope                      0x2001395c   Data          20  task_imu.o(.bss)
    g_chebyshev_filter                       0x20013970   Data         304  task_imu.o(.bss)
    g_chassis_move                           0x20013aa0   Data         944  task_chassis.o(.bss)
    g_gimbal_control                         0x20013e50   Data         528  task_gimbal.o(.bss)
    g_dial_2006_motor                        0x20014060   Data         264  driver_dial.o(.bss)
    fric_ramp1                               0x20014168   Data          20  driver_shoot.o(.bss)
    fric_ramp2                               0x2001417c   Data          20  driver_shoot.o(.bss)
    g_sbus_rx_buffer                         0x20014190   Data          25  driver_dbus.o(.bss)
    RC_Ctl                                   0x200141aa   Data          20  driver_dbus.o(.bss)
    cb                                       0x20014808   Data         232  compass_vec_cal.o(.bss)
    cb_test                                  0x200148f0   Data         232  compass_vec_cal.o(.bss)
    cb_sim                                   0x200149d8   Data         232  compass_vec_cal.o(.bss)
    vc                                       0x20014ac0   Data         424  compass_vec_cal.o(.bss)
    fnm                                      0x20014c68   Data         608  fast_no_motion.o(.bss)
    s9axis                                   0x20014f08   Data         312  fusion_9axis.o(.bss)
    mag_disturb                              0x20015204   Data         184  mag_disturb.o(.bss)
    __libspace_start                         0x200157e0   Data          96  libspace.o(.bss)
    __temporary_stack_top$libspace           0x20015840   Data           0  libspace.o(.bss)



==============================================================================

Memory Map of the image

  Image Entry point : 0x080001ad

  Load Region LR_IROM1 (Base: 0x08000000, Size: 0x00015088, Max: 0x00200000, ABSOLUTE, COMPRESSED[0x00014f90])

    Execution Region ER_IROM1 (Exec base: 0x08000000, Load base: 0x08000000, Size: 0x00014e60, Max: 0x00200000, ABSOLUTE)

    Exec Addr    Load Addr    Size         Type   Attr      Idx    E Section Name        Object

    0x08000000   0x08000000   0x000001ac   Data   RO          718    RESET               startup_stm32f427xx.o
    0x080001ac   0x080001ac   0x00000008   Code   RO         6843  * !!!main             c_w.l(__main.o)
    0x080001b4   0x080001b4   0x00000034   Code   RO         7456    !!!scatter          c_w.l(__scatter.o)
    0x080001e8   0x080001e8   0x0000005a   Code   RO         7454    !!dczerorl2         c_w.l(__dczerorl2.o)
    0x08000242   0x08000242   0x00000002   PAD
    0x08000244   0x08000244   0x0000001c   Code   RO         7458    !!handler_zi        c_w.l(__scatter_zi.o)
    0x08000260   0x08000260   0x00000000   Code   RO         6826    .ARM.Collect$$_printf_percent$$00000000  c_w.l(_printf_percent.o)
    0x08000260   0x08000260   0x00000006   Code   RO         7129    .ARM.Collect$$_printf_percent$$00000001  c_w.l(_printf_n.o)
    0x08000266   0x08000266   0x00000006   Code   RO         7130    .ARM.Collect$$_printf_percent$$00000002  c_w.l(_printf_p.o)
    0x0800026c   0x0800026c   0x00000006   Code   RO         6825    .ARM.Collect$$_printf_percent$$00000003  c_w.l(_printf_f.o)
    0x08000272   0x08000272   0x00000006   Code   RO         7134    .ARM.Collect$$_printf_percent$$00000004  c_w.l(_printf_e.o)
    0x08000278   0x08000278   0x00000006   Code   RO         7135    .ARM.Collect$$_printf_percent$$00000005  c_w.l(_printf_g.o)
    0x0800027e   0x0800027e   0x00000006   Code   RO         7136    .ARM.Collect$$_printf_percent$$00000006  c_w.l(_printf_a.o)
    0x08000284   0x08000284   0x0000000a   Code   RO         7141    .ARM.Collect$$_printf_percent$$00000007  c_w.l(_printf_ll.o)
    0x0800028e   0x0800028e   0x00000006   Code   RO         7132    .ARM.Collect$$_printf_percent$$00000008  c_w.l(_printf_i.o)
    0x08000294   0x08000294   0x00000006   Code   RO         6824    .ARM.Collect$$_printf_percent$$00000009  c_w.l(_printf_d.o)
    0x0800029a   0x0800029a   0x00000006   Code   RO         7133    .ARM.Collect$$_printf_percent$$0000000A  c_w.l(_printf_u.o)
    0x080002a0   0x080002a0   0x00000006   Code   RO         7131    .ARM.Collect$$_printf_percent$$0000000B  c_w.l(_printf_o.o)
    0x080002a6   0x080002a6   0x00000006   Code   RO         6823    .ARM.Collect$$_printf_percent$$0000000C  c_w.l(_printf_x.o)
    0x080002ac   0x080002ac   0x00000006   Code   RO         7138    .ARM.Collect$$_printf_percent$$0000000D  c_w.l(_printf_lli.o)
    0x080002b2   0x080002b2   0x00000006   Code   RO         7139    .ARM.Collect$$_printf_percent$$0000000E  c_w.l(_printf_lld.o)
    0x080002b8   0x080002b8   0x00000006   Code   RO         7140    .ARM.Collect$$_printf_percent$$0000000F  c_w.l(_printf_llu.o)
    0x080002be   0x080002be   0x00000006   Code   RO         7145    .ARM.Collect$$_printf_percent$$00000010  c_w.l(_printf_llo.o)
    0x080002c4   0x080002c4   0x00000006   Code   RO         7146    .ARM.Collect$$_printf_percent$$00000011  c_w.l(_printf_llx.o)
    0x080002ca   0x080002ca   0x0000000a   Code   RO         7142    .ARM.Collect$$_printf_percent$$00000012  c_w.l(_printf_l.o)
    0x080002d4   0x080002d4   0x00000006   Code   RO         7127    .ARM.Collect$$_printf_percent$$00000013  c_w.l(_printf_c.o)
    0x080002da   0x080002da   0x00000006   Code   RO         7128    .ARM.Collect$$_printf_percent$$00000014  c_w.l(_printf_s.o)
    0x080002e0   0x080002e0   0x00000006   Code   RO         7143    .ARM.Collect$$_printf_percent$$00000015  c_w.l(_printf_lc.o)
    0x080002e6   0x080002e6   0x00000006   Code   RO         7144    .ARM.Collect$$_printf_percent$$00000016  c_w.l(_printf_ls.o)
    0x080002ec   0x080002ec   0x00000004   Code   RO         7137    .ARM.Collect$$_printf_percent$$00000017  c_w.l(_printf_percent_end.o)
    0x080002f0   0x080002f0   0x00000002   Code   RO         7320    .ARM.Collect$$libinit$$00000000  c_w.l(libinit.o)
    0x080002f2   0x080002f2   0x00000004   Code   RO         7321    .ARM.Collect$$libinit$$00000001  c_w.l(libinit2.o)
    0x080002f6   0x080002f6   0x00000000   Code   RO         7324    .ARM.Collect$$libinit$$00000004  c_w.l(libinit2.o)
    0x080002f6   0x080002f6   0x00000000   Code   RO         7327    .ARM.Collect$$libinit$$0000000A  c_w.l(libinit2.o)
    0x080002f6   0x080002f6   0x00000000   Code   RO         7329    .ARM.Collect$$libinit$$0000000C  c_w.l(libinit2.o)
    0x080002f6   0x080002f6   0x00000000   Code   RO         7331    .ARM.Collect$$libinit$$0000000E  c_w.l(libinit2.o)
    0x080002f6   0x080002f6   0x00000006   Code   RO         7332    .ARM.Collect$$libinit$$0000000F  c_w.l(libinit2.o)
    0x080002fc   0x080002fc   0x00000000   Code   RO         7334    .ARM.Collect$$libinit$$00000011  c_w.l(libinit2.o)
    0x080002fc   0x080002fc   0x0000000c   Code   RO         7335    .ARM.Collect$$libinit$$00000012  c_w.l(libinit2.o)
    0x08000308   0x08000308   0x00000000   Code   RO         7336    .ARM.Collect$$libinit$$00000013  c_w.l(libinit2.o)
    0x08000308   0x08000308   0x00000000   Code   RO         7338    .ARM.Collect$$libinit$$00000015  c_w.l(libinit2.o)
    0x08000308   0x08000308   0x0000000a   Code   RO         7339    .ARM.Collect$$libinit$$00000016  c_w.l(libinit2.o)
    0x08000312   0x08000312   0x00000000   Code   RO         7340    .ARM.Collect$$libinit$$00000017  c_w.l(libinit2.o)
    0x08000312   0x08000312   0x00000000   Code   RO         7342    .ARM.Collect$$libinit$$00000019  c_w.l(libinit2.o)
    0x08000312   0x08000312   0x00000000   Code   RO         7344    .ARM.Collect$$libinit$$0000001B  c_w.l(libinit2.o)
    0x08000312   0x08000312   0x00000000   Code   RO         7346    .ARM.Collect$$libinit$$0000001D  c_w.l(libinit2.o)
    0x08000312   0x08000312   0x00000000   Code   RO         7348    .ARM.Collect$$libinit$$0000001F  c_w.l(libinit2.o)
    0x08000312   0x08000312   0x00000000   Code   RO         7350    .ARM.Collect$$libinit$$00000021  c_w.l(libinit2.o)
    0x08000312   0x08000312   0x00000000   Code   RO         7352    .ARM.Collect$$libinit$$00000023  c_w.l(libinit2.o)
    0x08000312   0x08000312   0x00000000   Code   RO         7354    .ARM.Collect$$libinit$$00000025  c_w.l(libinit2.o)
    0x08000312   0x08000312   0x00000000   Code   RO         7358    .ARM.Collect$$libinit$$0000002C  c_w.l(libinit2.o)
    0x08000312   0x08000312   0x00000000   Code   RO         7360    .ARM.Collect$$libinit$$0000002E  c_w.l(libinit2.o)
    0x08000312   0x08000312   0x00000000   Code   RO         7362    .ARM.Collect$$libinit$$00000030  c_w.l(libinit2.o)
    0x08000312   0x08000312   0x00000000   Code   RO         7364    .ARM.Collect$$libinit$$00000032  c_w.l(libinit2.o)
    0x08000312   0x08000312   0x00000002   Code   RO         7365    .ARM.Collect$$libinit$$00000033  c_w.l(libinit2.o)
    0x08000314   0x08000314   0x00000002   Code   RO         7414    .ARM.Collect$$libshutdown$$00000000  c_w.l(libshutdown.o)
    0x08000316   0x08000316   0x00000000   Code   RO         7423    .ARM.Collect$$libshutdown$$00000002  c_w.l(libshutdown2.o)
    0x08000316   0x08000316   0x00000000   Code   RO         7425    .ARM.Collect$$libshutdown$$00000004  c_w.l(libshutdown2.o)
    0x08000316   0x08000316   0x00000000   Code   RO         7428    .ARM.Collect$$libshutdown$$00000007  c_w.l(libshutdown2.o)
    0x08000316   0x08000316   0x00000000   Code   RO         7431    .ARM.Collect$$libshutdown$$0000000A  c_w.l(libshutdown2.o)
    0x08000316   0x08000316   0x00000000   Code   RO         7433    .ARM.Collect$$libshutdown$$0000000C  c_w.l(libshutdown2.o)
    0x08000316   0x08000316   0x00000000   Code   RO         7436    .ARM.Collect$$libshutdown$$0000000F  c_w.l(libshutdown2.o)
    0x08000316   0x08000316   0x00000002   Code   RO         7437    .ARM.Collect$$libshutdown$$00000010  c_w.l(libshutdown2.o)
    0x08000318   0x08000318   0x00000000   Code   RO         7095    .ARM.Collect$$rtentry$$00000000  c_w.l(__rtentry.o)
    0x08000318   0x08000318   0x00000000   Code   RO         7223    .ARM.Collect$$rtentry$$00000002  c_w.l(__rtentry2.o)
    0x08000318   0x08000318   0x00000006   Code   RO         7235    .ARM.Collect$$rtentry$$00000004  c_w.l(__rtentry4.o)
    0x0800031e   0x0800031e   0x00000000   Code   RO         7225    .ARM.Collect$$rtentry$$00000009  c_w.l(__rtentry2.o)
    0x0800031e   0x0800031e   0x00000004   Code   RO         7226    .ARM.Collect$$rtentry$$0000000A  c_w.l(__rtentry2.o)
    0x08000322   0x08000322   0x00000000   Code   RO         7228    .ARM.Collect$$rtentry$$0000000C  c_w.l(__rtentry2.o)
    0x08000322   0x08000322   0x00000008   Code   RO         7229    .ARM.Collect$$rtentry$$0000000D  c_w.l(__rtentry2.o)
    0x0800032a   0x0800032a   0x00000002   Code   RO         7368    .ARM.Collect$$rtexit$$00000000  c_w.l(rtexit.o)
    0x0800032c   0x0800032c   0x00000000   Code   RO         7384    .ARM.Collect$$rtexit$$00000002  c_w.l(rtexit2.o)
    0x0800032c   0x0800032c   0x00000004   Code   RO         7385    .ARM.Collect$$rtexit$$00000003  c_w.l(rtexit2.o)
    0x08000330   0x08000330   0x00000006   Code   RO         7386    .ARM.Collect$$rtexit$$00000004  c_w.l(rtexit2.o)
    0x08000336   0x08000336   0x00000002   PAD
    0x08000338   0x08000338   0x000000be   Code   RO         3608    .emb_text           port.o
    0x080003f6   0x080003f6   0x00000002   PAD
    0x080003f8   0x080003f8   0x00000040   Code   RO          719    .text               startup_stm32f427xx.o
    0x08000438   0x08000438   0x000024f0   Code   RO         6528    .text               libmpllib.lib(compass_vec_cal.o)
    0x08002928   0x08002928   0x00000a18   Code   RO         6618    .text               libmpllib.lib(fast_no_motion.o)
    0x08003340   0x08003340   0x000006b0   Code   RO         6651    .text               libmpllib.lib(fusion_9axis.o)
    0x080039f0   0x080039f0   0x000004c4   Code   RO         6673    .text               libmpllib.lib(gyro_tc.o)
    0x08003eb4   0x08003eb4   0x000005c0   Code   RO         6691    .text               libmpllib.lib(mag_disturb.o)
    0x08004474   0x08004474   0x00000994   Code   RO         6713    .text               libmpllib.lib(quaternion_supervisor.o)
    0x08004e08   0x08004e08   0x00000c44   Code   RO         6731    .text               libmpllib.lib(accel_auto_cal.o)
    0x08005a4c   0x08005a4c   0x00000002   Code   RO         6762    .text               c_w.l(use_no_semi_2.o)
    0x08005a4e   0x08005a4e   0x00000026   Code   RO         6764    .text               c_w.l(llshl.o)
    0x08005a74   0x08005a74   0x00000026   Code   RO         6766    .text               c_w.l(llsshr.o)
    0x08005a9a   0x08005a9a   0x00000048   Code   RO         6768    .text               c_w.l(llsdiv.o)
    0x08005ae2   0x08005ae2   0x00000002   PAD
    0x08005ae4   0x08005ae4   0x00000024   Code   RO         6770    .text               c_w.l(vsprintf.o)
    0x08005b08   0x08005b08   0x00000018   Code   RO         6772    .text               c_w.l(__2printf.o)
    0x08005b20   0x08005b20   0x0000004e   Code   RO         6778    .text               c_w.l(_printf_pad.o)
    0x08005b6e   0x08005b6e   0x00000002   PAD
    0x08005b70   0x08005b70   0x00000078   Code   RO         6780    .text               c_w.l(_printf_dec.o)
    0x08005be8   0x08005be8   0x00000094   Code   RO         6800    .text               c_w.l(_printf_hex_int_ll_ptr.o)
    0x08005c7c   0x08005c7c   0x00000188   Code   RO         6820    .text               c_w.l(__printf_flags_ss_wp.o)
    0x08005e04   0x08005e04   0x00000058   Code   RO         6827    .text               c_w.l(memcmp.o)
    0x08005e5c   0x08005e5c   0x0000008a   Code   RO         6829    .text               c_w.l(rt_memcpy_v6.o)
    0x08005ee6   0x08005ee6   0x00000064   Code   RO         6831    .text               c_w.l(rt_memcpy_w.o)
    0x08005f4a   0x08005f4a   0x0000007a   Code   RO         6833    .text               c_w.l(rt_memmove_w.o)
    0x08005fc4   0x08005fc4   0x00000010   Code   RO         6835    .text               c_w.l(aeabi_memset.o)
    0x08005fd4   0x08005fd4   0x00000044   Code   RO         6837    .text               c_w.l(rt_memclr.o)
    0x08006018   0x08006018   0x0000004e   Code   RO         6839    .text               c_w.l(rt_memclr_w.o)
    0x08006066   0x08006066   0x00000006   Code   RO         6841    .text               c_w.l(heapauxi.o)
    0x0800606c   0x0800606c   0x00000002   Code   RO         7093    .text               c_w.l(use_no_semi.o)
    0x0800606e   0x0800606e   0x000000ee   Code   RO         7096    .text               c_w.l(lludivv7m.o)
    0x0800615c   0x0800615c   0x00000016   Code   RO         7098    .text               c_w.l(_rserrno.o)
    0x08006172   0x08006172   0x00000024   Code   RO         7100    .text               c_w.l(_printf_truncate.o)
    0x08006196   0x08006196   0x00000052   Code   RO         7102    .text               c_w.l(_printf_str.o)
    0x080061e8   0x080061e8   0x000000b2   Code   RO         7104    .text               c_w.l(_printf_intcommon.o)
    0x0800629a   0x0800629a   0x00000028   Code   RO         7106    .text               c_w.l(_printf_charcount.o)
    0x080062c2   0x080062c2   0x0000041e   Code   RO         7108    .text               c_w.l(_printf_fp_dec.o)
    0x080066e0   0x080066e0   0x00000030   Code   RO         7110    .text               c_w.l(_printf_char_common.o)
    0x08006710   0x08006710   0x0000000a   Code   RO         7112    .text               c_w.l(_sputc.o)
    0x0800671a   0x0800671a   0x00000002   PAD
    0x0800671c   0x0800671c   0x00000024   Code   RO         7114    .text               c_w.l(_printf_char_file.o)
    0x08006740   0x08006740   0x000000bc   Code   RO         7116    .text               c_w.l(_printf_wctomb.o)
    0x080067fc   0x080067fc   0x0000007c   Code   RO         7119    .text               c_w.l(_printf_longlong_dec.o)
    0x08006878   0x08006878   0x00000070   Code   RO         7125    .text               c_w.l(_printf_oct_int_ll.o)
    0x080068e8   0x080068e8   0x00000008   Code   RO         7244    .text               c_w.l(rt_locale_intlibspace.o)
    0x080068f0   0x080068f0   0x00000008   Code   RO         7249    .text               c_w.l(rt_errno_addr_intlibspace.o)
    0x080068f8   0x080068f8   0x0000008a   Code   RO         7251    .text               c_w.l(lludiv10.o)
    0x08006982   0x08006982   0x00000002   PAD
    0x08006984   0x08006984   0x000002fc   Code   RO         7253    .text               c_w.l(_printf_fp_hex.o)
    0x08006c80   0x08006c80   0x00000080   Code   RO         7256    .text               c_w.l(_printf_fp_infnan.o)
    0x08006d00   0x08006d00   0x0000002c   Code   RO         7260    .text               c_w.l(_printf_char.o)
    0x08006d2c   0x08006d2c   0x0000002c   Code   RO         7262    .text               c_w.l(_printf_wchar.o)
    0x08006d58   0x08006d58   0x000000e4   Code   RO         7264    .text               c_w.l(bigflt0.o)
    0x08006e3c   0x08006e3c   0x00000008   Code   RO         7289    .text               c_w.l(ferror.o)
    0x08006e44   0x08006e44   0x00000040   Code   RO         7293    .text               c_w.l(_wcrtomb.o)
    0x08006e84   0x08006e84   0x00000008   Code   RO         7302    .text               c_w.l(libspace.o)
    0x08006e8c   0x08006e8c   0x0000004a   Code   RO         7305    .text               c_w.l(sys_stackheap_outer.o)
    0x08006ed6   0x08006ed6   0x00000002   PAD
    0x08006ed8   0x08006ed8   0x00000010   Code   RO         7307    .text               c_w.l(rt_ctype_table.o)
    0x08006ee8   0x08006ee8   0x00000012   Code   RO         7311    .text               c_w.l(exit.o)
    0x08006efa   0x08006efa   0x00000002   PAD
    0x08006efc   0x08006efc   0x00000080   Code   RO         7313    .text               c_w.l(strcmpv7m.o)
    0x08006f7c   0x08006f7c   0x0000003e   Code   RO         7267    CL$$btod_d2e        c_w.l(btod.o)
    0x08006fba   0x08006fba   0x00000046   Code   RO         7269    CL$$btod_d2e_denorm_low  c_w.l(btod.o)
    0x08007000   0x08007000   0x00000060   Code   RO         7268    CL$$btod_d2e_norm_op1  c_w.l(btod.o)
    0x08007060   0x08007060   0x00000338   Code   RO         7277    CL$$btod_div_common  c_w.l(btod.o)
    0x08007398   0x08007398   0x000000dc   Code   RO         7274    CL$$btod_e2e        c_w.l(btod.o)
    0x08007474   0x08007474   0x0000002a   Code   RO         7271    CL$$btod_ediv       c_w.l(btod.o)
    0x0800749e   0x0800749e   0x0000002a   Code   RO         7270    CL$$btod_emul       c_w.l(btod.o)
    0x080074c8   0x080074c8   0x00000244   Code   RO         7276    CL$$btod_mult_common  c_w.l(btod.o)
    0x0800770c   0x0800770c   0x00000104   Code   RO         3784    i.BSP_CAN_Init      bsp_can.o
    0x08007810   0x08007810   0x00000148   Code   RO         3753    i.BSP_DMA_Init      bsp_dma.o
    0x08007958   0x08007958   0x00000234   Code   RO         3687    i.BSP_GPIO_Init     bsp_gpio.o
    0x08007b8c   0x08007b8c   0x0000007c   Code   RO         4056    i.BSP_IMU_Init      driver_imu.o
    0x08007c08   0x08007c08   0x000000e8   Code   RO         3730    i.BSP_NVIC_Init     bsp_nvic.o
    0x08007cf0   0x08007cf0   0x0000007c   Code   RO         3807    i.BSP_TIM_Init      bsp_tim.o
    0x08007d6c   0x08007d6c   0x000000a0   Code   RO         3707    i.BSP_UART_Init     bsp_uart.o
    0x08007e0c   0x08007e0c   0x00000004   Code   RO          243    i.BusFault_Handler  stm32f4xx_it.o
    0x08007e10   0x08007e10   0x0000019c   Code   RO          244    i.CAN1_RX0_IRQHandler  stm32f4xx_it.o
    0x08007fac   0x08007fac   0x0000001c   Code   RO          245    i.CAN1_TX_IRQHandler  stm32f4xx_it.o
    0x08007fc8   0x08007fc8   0x00000034   Code   RO          246    i.CAN2_RX1_IRQHandler  stm32f4xx_it.o
    0x08007ffc   0x08007ffc   0x000000a8   Code   RO         2009    i.CAN_ClearITPendingBit  stm32f4xx_can.o
    0x080080a4   0x080080a4   0x00000108   Code   RO         2013    i.CAN_FilterInit    stm32f4xx_can.o
    0x080081ac   0x080081ac   0x00000120   Code   RO         2015    i.CAN_GetITStatus   stm32f4xx_can.o
    0x080082cc   0x080082cc   0x00000012   Code   RO         2019    i.CAN_ITConfig      stm32f4xx_can.o
    0x080082de   0x080082de   0x00000114   Code   RO         2020    i.CAN_Init          stm32f4xx_can.o
    0x080083f2   0x080083f2   0x000000f0   Code   RO         2023    i.CAN_Receive       stm32f4xx_can.o
    0x080084e2   0x080084e2   0x00000126   Code   RO         2028    i.CAN_Transmit      stm32f4xx_can.o
    0x08008608   0x08008608   0x00000128   Code   RO         4387    i.Chebyshev50HzLPF  driver_filter.o
    0x08008730   0x08008730   0x00000012   Code   RO         2031    i.CheckITStatus     stm32f4xx_can.o
    0x08008742   0x08008742   0x00000002   PAD
    0x08008744   0x08008744   0x00000130   Code   RO          247    i.DMA2_Stream5_IRQHandler  stm32f4xx_it.o
    0x08008874   0x08008874   0x00000020   Code   RO          248    i.DMA2_Stream7_IRQHandler  stm32f4xx_it.o
    0x08008894   0x08008894   0x00000034   Code   RO         2170    i.DMA_ClearFlag     stm32f4xx_dma.o
    0x080088c8   0x080088c8   0x00000034   Code   RO         2171    i.DMA_ClearITPendingBit  stm32f4xx_dma.o
    0x080088fc   0x080088fc   0x00000016   Code   RO         2172    i.DMA_Cmd           stm32f4xx_dma.o
    0x08008912   0x08008912   0x00000002   PAD
    0x08008914   0x08008914   0x00000158   Code   RO         2173    i.DMA_DeInit        stm32f4xx_dma.o
    0x08008a6c   0x08008a6c   0x00000014   Code   RO         2177    i.DMA_GetCmdStatus  stm32f4xx_dma.o
    0x08008a80   0x08008a80   0x00000008   Code   RO         2178    i.DMA_GetCurrDataCounter  stm32f4xx_dma.o
    0x08008a88   0x08008a88   0x00000044   Code   RO         2181    i.DMA_GetFlagStatus  stm32f4xx_dma.o
    0x08008acc   0x08008acc   0x00000064   Code   RO         2182    i.DMA_GetITStatus   stm32f4xx_dma.o
    0x08008b30   0x08008b30   0x0000003a   Code   RO         2183    i.DMA_ITConfig      stm32f4xx_dma.o
    0x08008b6a   0x08008b6a   0x00000002   PAD
    0x08008b6c   0x08008b6c   0x00000058   Code   RO         2184    i.DMA_Init          stm32f4xx_dma.o
    0x08008bc4   0x08008bc4   0x00000004   Code   RO         2187    i.DMA_SetCurrDataCounter  stm32f4xx_dma.o
    0x08008bc8   0x08008bc8   0x00000002   Code   RO          249    i.DebugMon_Handler  stm32f4xx_it.o
    0x08008bca   0x08008bca   0x00000090   Code   RO          770    i.GPIO_Init         stm32f4xx_gpio.o
    0x08008c5a   0x08008c5a   0x00000046   Code   RO          771    i.GPIO_PinAFConfig  stm32f4xx_gpio.o
    0x08008ca0   0x08008ca0   0x00000004   Code   RO          777    i.GPIO_ResetBits    stm32f4xx_gpio.o
    0x08008ca4   0x08008ca4   0x00000004   Code   RO          778    i.GPIO_SetBits      stm32f4xx_gpio.o
    0x08008ca8   0x08008ca8   0x00000004   Code   RO          250    i.HardFault_Handler  stm32f4xx_it.o
    0x08008cac   0x08008cac   0x00000050   Code   RO         4407    i.IIC_Ack           driver_iic.o
    0x08008cfc   0x08008cfc   0x00000050   Code   RO         4409    i.IIC_NAck          driver_iic.o
    0x08008d4c   0x08008d4c   0x0000006c   Code   RO         4410    i.IIC_Read_Byte     driver_iic.o
    0x08008db8   0x08008db8   0x00000068   Code   RO         4411    i.IIC_Send_Byte     driver_iic.o
    0x08008e20   0x08008e20   0x0000004c   Code   RO         4412    i.IIC_Start         driver_iic.o
    0x08008e6c   0x08008e6c   0x0000004c   Code   RO         4413    i.IIC_Stop          driver_iic.o
    0x08008eb8   0x08008eb8   0x00000060   Code   RO         4414    i.IIC_Wait_Ack      driver_iic.o
    0x08008f18   0x08008f18   0x00000050   Code   RO         4058    i.MPU_Get_Gyroscope  driver_imu.o
    0x08008f68   0x08008f68   0x0000003a   Code   RO         4060    i.MPU_Read_Byte     driver_imu.o
    0x08008fa2   0x08008fa2   0x00000074   Code   RO         4061    i.MPU_Read_Len      driver_imu.o
    0x08009016   0x08009016   0x00000010   Code   RO         4062    i.MPU_Set_Accel_Fsr  driver_imu.o
    0x08009026   0x08009026   0x00000010   Code   RO         4063    i.MPU_Set_Gyro_Fsr  driver_imu.o
    0x08009036   0x08009036   0x0000003a   Code   RO         4064    i.MPU_Set_LPF       driver_imu.o
    0x08009070   0x08009070   0x0000003a   Code   RO         4065    i.MPU_Set_Rate      driver_imu.o
    0x080090aa   0x080090aa   0x00000044   Code   RO         4066    i.MPU_Write_Byte    driver_imu.o
    0x080090ee   0x080090ee   0x00000060   Code   RO         4067    i.MPU_Write_Len     driver_imu.o
    0x0800914e   0x0800914e   0x00000004   Code   RO          251    i.MemManage_Handler  stm32f4xx_it.o
    0x08009152   0x08009152   0x00000002   Code   RO          252    i.NMI_Handler       stm32f4xx_it.o
    0x08009154   0x08009154   0x00000078   Code   RO          725    i.NVIC_Init         misc.o
    0x080091cc   0x080091cc   0x00000014   Code   RO          726    i.NVIC_PriorityGroupConfig  misc.o
    0x080091e0   0x080091e0   0x00000020   Code   RO          867    i.RCC_AHB1PeriphClockCmd  stm32f4xx_rcc.o
    0x08009200   0x08009200   0x00000020   Code   RO          876    i.RCC_APB1PeriphClockCmd  stm32f4xx_rcc.o
    0x08009220   0x08009220   0x00000020   Code   RO          879    i.RCC_APB2PeriphClockCmd  stm32f4xx_rcc.o
    0x08009240   0x08009240   0x000000e8   Code   RO          888    i.RCC_GetClocksFreq  stm32f4xx_rcc.o
    0x08009328   0x08009328   0x00000120   Code   RO          400    i.SetSysClock       system_stm32f4xx.o
    0x08009448   0x08009448   0x00000028   Code   RO          729    i.SysTick_CLKSourceConfig  misc.o
    0x08009470   0x08009470   0x00000010   Code   RO          540    i.SysTick_Handler   delay.o
    0x08009480   0x08009480   0x00000068   Code   RO          402    i.SystemInit        system_stm32f4xx.o
    0x080094e8   0x080094e8   0x00000018   Code   RO         1461    i.TIM_Cmd           stm32f4xx_tim.o
    0x08009500   0x08009500   0x0000007c   Code   RO         1490    i.TIM_OC1Init       stm32f4xx_tim.o
    0x0800957c   0x0800957c   0x00000012   Code   RO         1493    i.TIM_OC1PreloadConfig  stm32f4xx_tim.o
    0x0800958e   0x0800958e   0x00000002   PAD
    0x08009590   0x08009590   0x000000a4   Code   RO         1495    i.TIM_OC2Init       stm32f4xx_tim.o
    0x08009634   0x08009634   0x0000001a   Code   RO         1498    i.TIM_OC2PreloadConfig  stm32f4xx_tim.o
    0x0800964e   0x0800964e   0x00000004   Code   RO         1523    i.TIM_SetCompare1   stm32f4xx_tim.o
    0x08009652   0x08009652   0x00000004   Code   RO         1524    i.TIM_SetCompare2   stm32f4xx_tim.o
    0x08009656   0x08009656   0x00000002   PAD
    0x08009658   0x08009658   0x00000084   Code   RO         1533    i.TIM_TimeBaseInit  stm32f4xx_tim.o
    0x080096dc   0x080096dc   0x00000088   Code   RO          663    i.USART3_IRQHandler  usart.o
    0x08009764   0x08009764   0x00000038   Code   RO          253    i.USART6_DMA_SendData  stm32f4xx_it.o
    0x0800979c   0x0800979c   0x000000ac   Code   RO          254    i.USART6_IRQHandler  stm32f4xx_it.o
    0x08009848   0x08009848   0x00000018   Code   RO         1261    i.USART_Cmd         stm32f4xx_usart.o
    0x08009860   0x08009860   0x00000012   Code   RO         1262    i.USART_DMACmd      stm32f4xx_usart.o
    0x08009872   0x08009872   0x00000054   Code   RO         1265    i.USART_GetITStatus  stm32f4xx_usart.o
    0x080098c6   0x080098c6   0x0000004a   Code   RO         1267    i.USART_ITConfig    stm32f4xx_usart.o
    0x08009910   0x08009910   0x000000d4   Code   RO         1268    i.USART_Init        stm32f4xx_usart.o
    0x080099e4   0x080099e4   0x0000000a   Code   RO         1275    i.USART_ReceiveData  stm32f4xx_usart.o
    0x080099ee   0x080099ee   0x00000004   Code   RO          255    i.UsageFault_Handler  stm32f4xx_it.o
    0x080099f2   0x080099f2   0x000000ca   Code   RO         5128    i._MLPrintLog       log_stm32.o
    0x08009abc   0x08009abc   0x00000030   Code   RO         7187    i.__ARM_fpclassify  m_wm.l(fpclassify.o)
    0x08009aec   0x08009aec   0x00000026   Code   RO         7189    i.__ARM_fpclassifyf  m_wm.l(fpclassifyf.o)
    0x08009b12   0x08009b12   0x00000002   PAD
    0x08009b14   0x08009b14   0x00000118   Code   RO         6899    i.__hardfp_acosf    m_wm.l(acosf.o)
    0x08009c2c   0x08009c2c   0x00000004   PAD
    0x08009c30   0x08009c30   0x00000360   Code   RO         6911    i.__hardfp_asin     m_wm.l(asin.o)
    0x08009f90   0x08009f90   0x000002d8   Code   RO         6937    i.__hardfp_atan     m_wm.l(atan.o)
    0x0800a268   0x0800a268   0x000001f0   Code   RO         6951    i.__hardfp_atan2    m_wm.l(atan2.o)
    0x0800a458   0x0800a458   0x00000250   Code   RO         6963    i.__hardfp_atan2f   m_wm.l(atan2f.o)
    0x0800a6a8   0x0800a6a8   0x000000c8   Code   RO         6981    i.__hardfp_cos      m_wm.l(cos.o)
    0x0800a770   0x0800a770   0x00000150   Code   RO         6993    i.__hardfp_cosf     m_wm.l(cosf.o)
    0x0800a8c0   0x0800a8c0   0x00000014   Code   RO         7005    i.__hardfp_fabs     m_wm.l(fabs.o)
    0x0800a8d4   0x0800a8d4   0x00000004   PAD
    0x0800a8d8   0x0800a8d8   0x000003c4   Code   RO         7017    i.__hardfp_log      m_wm.l(log.o)
    0x0800ac9c   0x0800ac9c   0x00000190   Code   RO         7057    i.__hardfp_sinf     m_wm.l(sinf.o)
    0x0800ae2c   0x0800ae2c   0x0000007a   Code   RO         7069    i.__hardfp_sqrt     m_wm.l(sqrt.o)
    0x0800aea6   0x0800aea6   0x0000003a   Code   RO         7081    i.__hardfp_sqrtf    m_wm.l(sqrtf.o)
    0x0800aee0   0x0800aee0   0x00000438   Code   RO         7208    i.__ieee754_rem_pio2  m_wm.l(rred.o)
    0x0800b318   0x0800b318   0x00000170   Code   RO         7170    i.__kernel_cos      m_wm.l(cos_i.o)
    0x0800b488   0x0800b488   0x000000f8   Code   RO         7205    i.__kernel_poly     m_wm.l(poly.o)
    0x0800b580   0x0800b580   0x00000130   Code   RO         7216    i.__kernel_sin      m_wm.l(sin_i.o)
    0x0800b6b0   0x0800b6b0   0x00000030   Code   RO         7173    i.__mathlib_dbl_divzero  m_wm.l(dunder.o)
    0x0800b6e0   0x0800b6e0   0x00000014   Code   RO         7174    i.__mathlib_dbl_infnan  m_wm.l(dunder.o)
    0x0800b6f4   0x0800b6f4   0x00000014   Code   RO         7175    i.__mathlib_dbl_infnan2  m_wm.l(dunder.o)
    0x0800b708   0x0800b708   0x00000020   Code   RO         7176    i.__mathlib_dbl_invalid  m_wm.l(dunder.o)
    0x0800b728   0x0800b728   0x00000020   Code   RO         7179    i.__mathlib_dbl_underflow  m_wm.l(dunder.o)
    0x0800b748   0x0800b748   0x00000006   Code   RO         7192    i.__mathlib_flt_infnan  m_wm.l(funder.o)
    0x0800b74e   0x0800b74e   0x00000006   Code   RO         7193    i.__mathlib_flt_infnan2  m_wm.l(funder.o)
    0x0800b754   0x0800b754   0x00000010   Code   RO         7194    i.__mathlib_flt_invalid  m_wm.l(funder.o)
    0x0800b764   0x0800b764   0x00000010   Code   RO         7197    i.__mathlib_flt_underflow  m_wm.l(funder.o)
    0x0800b774   0x0800b774   0x00000154   Code   RO         7213    i.__mathlib_rredf2  m_wm.l(rredf.o)
    0x0800b8c8   0x0800b8c8   0x00000034   Code   RO         6180    i.__print_result_location  mpl.o
    0x0800b8fc   0x0800b8fc   0x0000000e   Code   RO         6813    i._is_digit         c_w.l(__printf_wp.o)
    0x0800b90a   0x0800b90a   0x00000004   Code   RO          664    i._sys_exit         usart.o
    0x0800b90e   0x0800b90e   0x0000002e   Code   RO         4302    i.abs_limit         driver_control.o
    0x0800b93c   0x0800b93c   0x00000614   Code   RO         4469    i.accel_6500_self_test  inv_mpu.o
    0x0800bf50   0x0800bf50   0x00000010   Code   RO         6939    i.atan              m_wm.l(atan.o)
    0x0800bf60   0x0800bf60   0x00000064   Code   RO         3997    i.control_gimbal_motor  task_gimbal.o
    0x0800bfc4   0x0800bfc4   0x00000064   Code   RO         4938    i.decode_gesture    inv_mpu_dmp_motion_driver.o
    0x0800c028   0x0800c028   0x00000044   Code   RO          541    i.delay_init        delay.o
    0x0800c06c   0x0800c06c   0x00000040   Code   RO          542    i.delay_ms          delay.o
    0x0800c0ac   0x0800c0ac   0x00000048   Code   RO          543    i.delay_us          delay.o
    0x0800c0f4   0x0800c0f4   0x00000050   Code   RO         4151    i.dial_init         driver_dial.o
    0x0800c144   0x0800c144   0x00000068   Code   RO         4152    i.dial_pid_calculate  driver_dial.o
    0x0800c1ac   0x0800c1ac   0x0000003c   Code   RO         4939    i.dmp_enable_6x_lp_quat  inv_mpu_dmp_motion_driver.o
    0x0800c1e8   0x0800c1e8   0x0000021c   Code   RO         4940    i.dmp_enable_feature  inv_mpu_dmp_motion_driver.o
    0x0800c404   0x0800c404   0x00000058   Code   RO         4941    i.dmp_enable_gyro_cal  inv_mpu_dmp_motion_driver.o
    0x0800c45c   0x0800c45c   0x0000003c   Code   RO         4942    i.dmp_enable_lp_quat  inv_mpu_dmp_motion_driver.o
    0x0800c498   0x0800c498   0x00000018   Code   RO         4947    i.dmp_load_motion_driver_firmware  inv_mpu_dmp_motion_driver.o
    0x0800c4b0   0x0800c4b0   0x000001cc   Code   RO         4948    i.dmp_read_fifo     inv_mpu_dmp_motion_driver.o
    0x0800c67c   0x0800c67c   0x00000130   Code   RO         4951    i.dmp_set_accel_bias  inv_mpu_dmp_motion_driver.o
    0x0800c7ac   0x0800c7ac   0x00000070   Code   RO         4952    i.dmp_set_fifo_rate  inv_mpu_dmp_motion_driver.o
    0x0800c81c   0x0800c81c   0x00000130   Code   RO         4953    i.dmp_set_gyro_bias  inv_mpu_dmp_motion_driver.o
    0x0800c94c   0x0800c94c   0x00000138   Code   RO         4955    i.dmp_set_orientation  inv_mpu_dmp_motion_driver.o
    0x0800ca84   0x0800ca84   0x00000038   Code   RO         4958    i.dmp_set_shake_reject_thresh  inv_mpu_dmp_motion_driver.o
    0x0800cabc   0x0800cabc   0x00000026   Code   RO         4959    i.dmp_set_shake_reject_time  inv_mpu_dmp_motion_driver.o
    0x0800cae2   0x0800cae2   0x00000026   Code   RO         4960    i.dmp_set_shake_reject_timeout  inv_mpu_dmp_motion_driver.o
    0x0800cb08   0x0800cb08   0x00000046   Code   RO         4961    i.dmp_set_tap_axes  inv_mpu_dmp_motion_driver.o
    0x0800cb4e   0x0800cb4e   0x00000026   Code   RO         4962    i.dmp_set_tap_count  inv_mpu_dmp_motion_driver.o
    0x0800cb74   0x0800cb74   0x000001c0   Code   RO         4963    i.dmp_set_tap_thresh  inv_mpu_dmp_motion_driver.o
    0x0800cd34   0x0800cd34   0x00000026   Code   RO         4964    i.dmp_set_tap_time  inv_mpu_dmp_motion_driver.o
    0x0800cd5a   0x0800cd5a   0x00000026   Code   RO         4965    i.dmp_set_tap_time_multi  inv_mpu_dmp_motion_driver.o
    0x0800cd80   0x0800cd80   0x000000b8   Code   RO         4369    i.encoder_data_handler  driver_edcoder.o
    0x0800ce38   0x0800ce38   0x00000018   Code   RO         7007    i.fabs              m_wm.l(fabs.o)
    0x0800ce50   0x0800ce50   0x0000001c   Code   RO          665    i.fputc             usart.o
    0x0800ce6c   0x0800ce6c   0x0000001c   Code   RO         4219    i.fricmotor_on      driver_fricmotor.o
    0x0800ce88   0x0800ce88   0x00000670   Code   RO         4470    i.get_st_6500_biases  inv_mpu.o
    0x0800d4f8   0x0800d4f8   0x0000009c   Code   RO         3998    i.gimbal_init       task_gimbal.o
    0x0800d594   0x0800d594   0x00000148   Code   RO         3999    i.gimbal_pid_calculate  task_gimbal.o
    0x0800d6dc   0x0800d6dc   0x00000068   Code   RO         4000    i.gimbal_task       task_gimbal.o
    0x0800d744   0x0800d744   0x00000022   Code   RO         4001    i.gimbal_update     task_gimbal.o
    0x0800d766   0x0800d766   0x00000002   PAD
    0x0800d768   0x0800d768   0x000005bc   Code   RO         4472    i.gyro_6500_self_test  inv_mpu.o
    0x0800dd24   0x0800dd24   0x000000e8   Code   RO         3896    i.imu_task          task_imu.o
    0x0800de0c   0x0800de0c   0x0000006a   Code   RO         5247    i.inv_apply_calibration  data_builder.o
    0x0800de76   0x0800de76   0x00000002   PAD
    0x0800de78   0x0800de78   0x000000b0   Code   RO         5823    i.inv_compass_angle  ml_math_func.o
    0x0800df28   0x0800df28   0x00000072   Code   RO         5825    i.inv_convert_to_body_with_scale  ml_math_func.o
    0x0800df9a   0x0800df9a   0x00000002   PAD
    0x0800df9c   0x0800df9c   0x00000050   Code   RO         5254    i.inv_db_load_func  data_builder.o
    0x0800dfec   0x0800dfec   0x00000018   Code   RO         5255    i.inv_db_save_func  data_builder.o
    0x0800e004   0x0800e004   0x00000010   Code   RO         5256    i.inv_disable_compass_soft_iron_matrix  data_builder.o
    0x0800e014   0x0800e014   0x0000001c   Code   RO         5159    i.inv_enable_eMPL_outputs  empl_outputs.o
    0x0800e030   0x0800e030   0x00000020   Code   RO         6218    i.inv_enable_results_holder  results_holder.o
    0x0800e050   0x0800e050   0x0000002c   Code   RO         6453    i.inv_execute_mpl_start_notification  start_manager.o
    0x0800e07c   0x0800e07c   0x000000f0   Code   RO         5160    i.inv_generate_eMPL_outputs  empl_outputs.o
    0x0800e16c   0x0800e16c   0x00000010   Code   RO         6219    i.inv_generate_results  results_holder.o
    0x0800e17c   0x0800e17c   0x00000018   Code   RO         6220    i.inv_get_6axis_quaternion  results_holder.o
    0x0800e194   0x0800e194   0x0000000c   Code   RO         6221    i.inv_get_acc_state  results_holder.o
    0x0800e1a0   0x0800e1a0   0x0000000c   Code   RO         5259    i.inv_get_accel_accuracy  data_builder.o
    0x0800e1ac   0x0800e1ac   0x00000010   Code   RO         5261    i.inv_get_accel_on  data_builder.o
    0x0800e1bc   0x0800e1bc   0x0000002c   Code   RO         5265    i.inv_get_accel_set  data_builder.o
    0x0800e1e8   0x0800e1e8   0x00000018   Code   RO         5266    i.inv_get_compass_bias  data_builder.o
    0x0800e200   0x0800e200   0x00000018   Code   RO         6225    i.inv_get_compass_correction  results_holder.o
    0x0800e218   0x0800e218   0x00000010   Code   RO         5268    i.inv_get_compass_on  data_builder.o
    0x0800e228   0x0800e228   0x0000000c   Code   RO         6226    i.inv_get_compass_state  results_holder.o
    0x0800e234   0x0800e234   0x00000060   Code   RO         6227    i.inv_get_gravity   results_holder.o
    0x0800e294   0x0800e294   0x00000010   Code   RO         5276    i.inv_get_gyro      data_builder.o
    0x0800e2a4   0x0800e2a4   0x0000000c   Code   RO         5277    i.inv_get_gyro_accuracy  data_builder.o
    0x0800e2b0   0x0800e2b0   0x00000024   Code   RO         5278    i.inv_get_gyro_bias  data_builder.o
    0x0800e2d4   0x0800e2d4   0x00000020   Code   RO         5279    i.inv_get_gyro_bias_tc_set  data_builder.o
    0x0800e2f4   0x0800e2f4   0x00000010   Code   RO         5280    i.inv_get_gyro_on   data_builder.o
    0x0800e304   0x0800e304   0x0000001c   Code   RO         5829    i.inv_get_gyro_sum_of_sqr  ml_math_func.o
    0x0800e320   0x0800e320   0x0000000c   Code   RO         6230    i.inv_get_large_mag_field  results_holder.o
    0x0800e32c   0x0800e32c   0x00000068   Code   RO         5286    i.inv_get_last_timestamp  data_builder.o
    0x0800e394   0x0800e394   0x0000003c   Code   RO         6231    i.inv_get_linear_accel  results_holder.o
    0x0800e3d0   0x0800e3d0   0x00000044   Code   RO         6232    i.inv_get_linear_accel_float  results_holder.o
    0x0800e414   0x0800e414   0x00000010   Code   RO         6233    i.inv_get_local_field  results_holder.o
    0x0800e424   0x0800e424   0x0000001c   Code   RO         5287    i.inv_get_mag_accuracy  data_builder.o
    0x0800e440   0x0800e440   0x00000014   Code   RO         6235    i.inv_get_motion_state  results_holder.o
    0x0800e454   0x0800e454   0x0000003c   Code   RO         6236    i.inv_get_quaternion  results_holder.o
    0x0800e490   0x0800e490   0x00000044   Code   RO         6238    i.inv_get_quaternion_set  results_holder.o
    0x0800e4d4   0x0800e4d4   0x00000070   Code   RO         5699    i.inv_get_sensor_type_gravity  hal_outputs.o
    0x0800e544   0x0800e544   0x0000000c   Code   RO         6240    i.inv_got_compass_bias  results_holder.o
    0x0800e550   0x0800e550   0x0000003c   Code   RO         5290    i.inv_init_data_builder  data_builder.o
    0x0800e58c   0x0800e58c   0x00000014   Code   RO         5168    i.inv_init_eMPL_outputs  empl_outputs.o
    0x0800e5a0   0x0800e5a0   0x00000084   Code   RO         6182    i.inv_init_mpl      mpl.o
    0x0800e624   0x0800e624   0x0000003c   Code   RO         6241    i.inv_init_results_holder  results_holder.o
    0x0800e660   0x0800e660   0x00000014   Code   RO         6454    i.inv_init_start_manager  start_manager.o
    0x0800e674   0x0800e674   0x00000018   Code   RO         6487    i.inv_init_storage_manager  storage_manager.o
    0x0800e68c   0x0800e68c   0x00000028   Code   RO         5838    i.inv_orientation_matrix_to_scalar  ml_math_func.o
    0x0800e6b4   0x0800e6b4   0x00000012   Code   RO         5839    i.inv_q29_mult      ml_math_func.o
    0x0800e6c6   0x0800e6c6   0x00000012   Code   RO         5841    i.inv_q30_mult      ml_math_func.o
    0x0800e6d8   0x0800e6d8   0x00000018   Code   RO         5843    i.inv_q30_to_float  ml_math_func.o
    0x0800e6f0   0x0800e6f0   0x00000024   Code   RO         5844    i.inv_q_add         ml_math_func.o
    0x0800e714   0x0800e714   0x00000042   Code   RO         5845    i.inv_q_addf        ml_math_func.o
    0x0800e756   0x0800e756   0x00000018   Code   RO         5846    i.inv_q_invert      ml_math_func.o
    0x0800e76e   0x0800e76e   0x0000002e   Code   RO         5847    i.inv_q_invertf     ml_math_func.o
    0x0800e79c   0x0800e79c   0x000000b2   Code   RO         5848    i.inv_q_mult        ml_math_func.o
    0x0800e84e   0x0800e84e   0x000000d2   Code   RO         5849    i.inv_q_multf       ml_math_func.o
    0x0800e920   0x0800e920   0x000000a8   Code   RO         5850    i.inv_q_norm4       ml_math_func.o
    0x0800e9c8   0x0800e9c8   0x00000134   Code   RO         5852    i.inv_q_normalizef  ml_math_func.o
    0x0800eafc   0x0800eafc   0x00000042   Code   RO         5853    i.inv_q_rotate      ml_math_func.o
    0x0800eb3e   0x0800eb3e   0x000000da   Code   RO         5855    i.inv_quaternion_to_rotation  ml_math_func.o
    0x0800ec18   0x0800ec18   0x000000f8   Code   RO         5293    i.inv_register_data_cb  data_builder.o
    0x0800ed10   0x0800ed10   0x00000090   Code   RO         6489    i.inv_register_load_store  storage_manager.o
    0x0800eda0   0x0800eda0   0x0000002c   Code   RO         6455    i.inv_register_mpl_start_notification  start_manager.o
    0x0800edcc   0x0800edcc   0x00000058   Code   RO         5294    i.inv_reset_compass_soft_iron_matrix  data_builder.o
    0x0800ee24   0x0800ee24   0x0000004e   Code   RO         5857    i.inv_row_2_scale   ml_math_func.o
    0x0800ee72   0x0800ee72   0x00000002   PAD
    0x0800ee74   0x0800ee74   0x00000024   Code   RO         5295    i.inv_set_accel_accuracy  data_builder.o
    0x0800ee98   0x0800ee98   0x0000000c   Code   RO         6244    i.inv_set_accel_bias_found  results_holder.o
    0x0800eea4   0x0800eea4   0x00000060   Code   RO         5298    i.inv_set_accel_bias_mask  data_builder.o
    0x0800ef04   0x0800ef04   0x00000018   Code   RO         5299    i.inv_set_accel_orientation_and_scale  data_builder.o
    0x0800ef1c   0x0800ef1c   0x0000002c   Code   RO         5300    i.inv_set_accel_sample_rate  data_builder.o
    0x0800ef48   0x0800ef48   0x0000004c   Code   RO         5302    i.inv_set_compass_bias  data_builder.o
    0x0800ef94   0x0800ef94   0x00000014   Code   RO         6245    i.inv_set_compass_bias_error  results_holder.o
    0x0800efa8   0x0800efa8   0x0000000c   Code   RO         6246    i.inv_set_compass_bias_found  results_holder.o
    0x0800efb4   0x0800efb4   0x00000024   Code   RO         6247    i.inv_set_compass_correction  results_holder.o
    0x0800efd8   0x0800efd8   0x0000000c   Code   RO         5303    i.inv_set_compass_disturbance  data_builder.o
    0x0800efe4   0x0800efe4   0x0000000c   Code   RO         6248    i.inv_set_compass_state  results_holder.o
    0x0800eff0   0x0800eff0   0x00000074   Code   RO         5311    i.inv_set_gyro_bias  data_builder.o
    0x0800f064   0x0800f064   0x00000018   Code   RO         5312    i.inv_set_gyro_orientation_and_scale  data_builder.o
    0x0800f07c   0x0800f07c   0x00000028   Code   RO         5313    i.inv_set_gyro_sample_rate  data_builder.o
    0x0800f0a4   0x0800f0a4   0x0000001c   Code   RO         5798    i.inv_set_message   message_layer.o
    0x0800f0c0   0x0800f0c0   0x00000050   Code   RO         6253    i.inv_set_motion_state  results_holder.o
    0x0800f110   0x0800f110   0x00000014   Code   RO         5169    i.inv_start_eMPL_outputs  empl_outputs.o
    0x0800f124   0x0800f124   0x00000040   Code   RO         6183    i.inv_start_mpl     mpl.o
    0x0800f164   0x0800f164   0x00000018   Code   RO         6254    i.inv_start_results_holder  results_holder.o
    0x0800f17c   0x0800f17c   0x00000024   Code   RO         6255    i.inv_store_gaming_quaternion  results_holder.o
    0x0800f1a0   0x0800f1a0   0x00000064   Code   RO         5316    i.inv_unregister_data_cb  data_builder.o
    0x0800f204   0x0800f204   0x00000060   Code   RO         6456    i.inv_unregister_mpl_start_notification  start_manager.o
    0x0800f264   0x0800f264   0x0000003c   Code   RO            3    i.main              main.o
    0x0800f2a0   0x0800f2a0   0x00000002   Code   RO         4474    i.mget_ms           inv_mpu.o
    0x0800f2a2   0x0800f2a2   0x00000002   PAD
    0x0800f2a4   0x0800f2a4   0x00000070   Code   RO         4475    i.mpu_configure_fifo  inv_mpu.o
    0x0800f314   0x0800f314   0x00000218   Code   RO         4476    i.mpu_dmp_get_data  inv_mpu.o
    0x0800f52c   0x0800f52c   0x00000134   Code   RO         4477    i.mpu_dmp_init      inv_mpu.o
    0x0800f660   0x0800f660   0x0000004c   Code   RO         4478    i.mpu_get_accel_fsr  inv_mpu.o
    0x0800f6ac   0x0800f6ac   0x00000054   Code   RO         4480    i.mpu_get_accel_sens  inv_mpu.o
    0x0800f700   0x0800f700   0x00000010   Code   RO         4485    i.mpu_get_fifo_config  inv_mpu.o
    0x0800f710   0x0800f710   0x00000044   Code   RO         4486    i.mpu_get_gyro_fsr  inv_mpu.o
    0x0800f754   0x0800f754   0x00000060   Code   RO         4488    i.mpu_get_gyro_sens  inv_mpu.o
    0x0800f7b4   0x0800f7b4   0x00000050   Code   RO         4490    i.mpu_get_lpf       inv_mpu.o
    0x0800f804   0x0800f804   0x00000020   Code   RO         4492    i.mpu_get_sample_rate  inv_mpu.o
    0x0800f824   0x0800f824   0x00000120   Code   RO         4494    i.mpu_init          inv_mpu.o
    0x0800f944   0x0800f944   0x000000b8   Code   RO         4495    i.mpu_load_firmware  inv_mpu.o
    0x0800f9fc   0x0800f9fc   0x0000011c   Code   RO         4496    i.mpu_lp_accel_mode  inv_mpu.o
    0x0800fb18   0x0800fb18   0x000000c0   Code   RO         4503    i.mpu_read_fifo_stream  inv_mpu.o
    0x0800fbd8   0x0800fbd8   0x00000080   Code   RO         4504    i.mpu_read_mem      inv_mpu.o
    0x0800fc58   0x0800fc58   0x000001c8   Code   RO         4507    i.mpu_reset_fifo    inv_mpu.o
    0x0800fe20   0x0800fe20   0x00000264   Code   RO         4508    i.mpu_run_6500_self_test  inv_mpu.o
    0x08010084   0x08010084   0x00000084   Code   RO         4512    i.mpu_set_accel_fsr  inv_mpu.o
    0x08010108   0x08010108   0x0000014c   Code   RO         4513    i.mpu_set_bypass    inv_mpu.o
    0x08010254   0x08010254   0x00000090   Code   RO         4515    i.mpu_set_dmp_state  inv_mpu.o
    0x080102e4   0x080102e4   0x00000088   Code   RO         4517    i.mpu_set_gyro_fsr  inv_mpu.o
    0x0801036c   0x0801036c   0x0000006c   Code   RO         4518    i.mpu_set_int_latched  inv_mpu.o
    0x080103d8   0x080103d8   0x00000084   Code   RO         4520    i.mpu_set_lpf       inv_mpu.o
    0x0801045c   0x0801045c   0x0000009c   Code   RO         4521    i.mpu_set_sample_rate  inv_mpu.o
    0x080104f8   0x080104f8   0x000000d0   Code   RO         4522    i.mpu_set_sensors   inv_mpu.o
    0x080105c8   0x080105c8   0x00000080   Code   RO         4523    i.mpu_write_mem     inv_mpu.o
    0x08010648   0x08010648   0x000004a4   Code   RO         4306    i.pid_calculate     driver_control.o
    0x08010aec   0x08010aec   0x00000002   Code   RO         4307    i.pid_init_all      driver_control.o
    0x08010aee   0x08010aee   0x0000001a   Code   RO         4308    i.pid_param_init    driver_control.o
    0x08010b08   0x08010b08   0x0000000e   Code   RO         4309    i.pid_reset         driver_control.o
    0x08010b16   0x08010b16   0x00000002   PAD
    0x08010b18   0x08010b18   0x0000005c   Code   RO         4310    i.pid_struct_init   driver_control.o
    0x08010b74   0x08010b74   0x00000098   Code   RO         3059    i.prvAddCurrentTaskToDelayedList  tasks.o
    0x08010c0c   0x08010c0c   0x000000b8   Code   RO         3060    i.prvAddNewTaskToReadyList  tasks.o
    0x08010cc4   0x08010cc4   0x00000064   Code   RO         3411    i.prvCheckForValidListAndQueue  timers.o
    0x08010d28   0x08010d28   0x00000048   Code   RO         3061    i.prvCheckTasksWaitingTermination  tasks.o
    0x08010d70   0x08010d70   0x0000002a   Code   RO         2841    i.prvCopyDataFromQueue  queue.o
    0x08010d9a   0x08010d9a   0x0000007e   Code   RO         2842    i.prvCopyDataToQueue  queue.o
    0x08010e18   0x08010e18   0x00000012   Code   RO         3062    i.prvDeleteTCB      tasks.o
    0x08010e2a   0x08010e2a   0x00000002   PAD
    0x08010e2c   0x08010e2c   0x00000028   Code   RO         3412    i.prvGetNextExpireTime  timers.o
    0x08010e54   0x08010e54   0x0000007c   Code   RO         3559    i.prvHeapInit       heap_4.o
    0x08010ed0   0x08010ed0   0x00000028   Code   RO         3063    i.prvIdleTask       tasks.o
    0x08010ef8   0x08010ef8   0x0000002a   Code   RO         2845    i.prvInitialiseNewQueue  queue.o
    0x08010f22   0x08010f22   0x000000cc   Code   RO         3064    i.prvInitialiseNewTask  tasks.o
    0x08010fee   0x08010fee   0x00000002   PAD
    0x08010ff0   0x08010ff0   0x00000068   Code   RO         3065    i.prvInitialiseTaskLists  tasks.o
    0x08011058   0x08011058   0x00000068   Code   RO         3560    i.prvInsertBlockIntoFreeList  heap_4.o
    0x080110c0   0x080110c0   0x00000058   Code   RO         3414    i.prvInsertTimerInActiveList  timers.o
    0x08011118   0x08011118   0x0000001a   Code   RO         2846    i.prvIsQueueEmpty   queue.o
    0x08011132   0x08011132   0x0000001e   Code   RO         2847    i.prvIsQueueFull    queue.o
    0x08011150   0x08011150   0x00000064   Code   RO         3415    i.prvProcessExpiredTimer  timers.o
    0x080111b4   0x080111b4   0x000000f4   Code   RO         3416    i.prvProcessReceivedCommands  timers.o
    0x080112a8   0x080112a8   0x00000074   Code   RO         3417    i.prvProcessTimerOrBlockTask  timers.o
    0x0801131c   0x0801131c   0x00000034   Code   RO         3067    i.prvResetNextTaskUnblockTime  tasks.o
    0x08011350   0x08011350   0x0000002c   Code   RO         3418    i.prvSampleTimeNow  timers.o
    0x0801137c   0x0801137c   0x000000a0   Code   RO         3419    i.prvSwitchTimerLists  timers.o
    0x0801141c   0x0801141c   0x00000040   Code   RO         3609    i.prvTaskExitError  port.o
    0x0801145c   0x0801145c   0x0000001a   Code   RO         3420    i.prvTimerTask      timers.o
    0x08011476   0x08011476   0x0000007e   Code   RO         2848    i.prvUnlockQueue    queue.o
    0x080114f4   0x080114f4   0x0000013c   Code   RO         3561    i.pvPortMalloc      heap_4.o
    0x08011630   0x08011630   0x0000002c   Code   RO         3610    i.pxPortInitialiseStack  port.o
    0x0801165c   0x0801165c   0x00000050   Code   RO         4220    i.ramp_calculate    driver_fricmotor.o
    0x080116ac   0x080116ac   0x00000020   Code   RO         4221    i.ramp_init         driver_fricmotor.o
    0x080116cc   0x080116cc   0x0000009c   Code   RO         4524    i.run_self_test     inv_mpu.o
    0x08011768   0x08011768   0x00000090   Code   RO         4525    i.set_int_enable    inv_mpu.o
    0x080117f8   0x080117f8   0x00000006   Code   RO         5317    i.set_sensor_orientation_and_scale  data_builder.o
    0x080117fe   0x080117fe   0x00000002   PAD
    0x08011800   0x08011800   0x00000060   Code   RO         4188    i.shoot_control     driver_shoot.o
    0x08011860   0x08011860   0x00000040   Code   RO         4189    i.shoot_init        driver_shoot.o
    0x080118a0   0x080118a0   0x00000060   Code   RO         4153    i.singel_shoot      driver_dial.o
    0x08011900   0x08011900   0x0000006e   Code   RO         7071    i.sqrt              m_wm.l(sqrt.o)
    0x0801196e   0x0801196e   0x0000003e   Code   RO         7083    i.sqrtf             m_wm.l(sqrtf.o)
    0x080119ac   0x080119ac   0x00000064   Code   RO            4    i.start_task        main.o
    0x08011a10   0x08011a10   0x0000003c   Code   RO         3827    i.system_init       task_sysinit.o
    0x08011a4c   0x08011a4c   0x00000028   Code   RO         2801    i.uxListRemove      list.o
    0x08011a74   0x08011a74   0x0000001a   Code   RO         2802    i.vListInitialise   list.o
    0x08011a8e   0x08011a8e   0x00000006   Code   RO         2803    i.vListInitialiseItem  list.o
    0x08011a94   0x08011a94   0x00000034   Code   RO         2804    i.vListInsert       list.o
    0x08011ac8   0x08011ac8   0x00000018   Code   RO         2805    i.vListInsertEnd    list.o
    0x08011ae0   0x08011ae0   0x00000054   Code   RO         3612    i.vPortEnterCritical  port.o
    0x08011b34   0x08011b34   0x0000003c   Code   RO         3613    i.vPortExitCritical  port.o
    0x08011b70   0x08011b70   0x00000094   Code   RO         3562    i.vPortFree         heap_4.o
    0x08011c04   0x08011c04   0x00000028   Code   RO         3614    i.vPortSetupTimerInterrupt  port.o
    0x08011c2c   0x08011c2c   0x00000078   Code   RO         3615    i.vPortValidateInterruptPriority  port.o
    0x08011ca4   0x08011ca4   0x0000002c   Code   RO         2854    i.vQueueAddToRegistry  queue.o
    0x08011cd0   0x08011cd0   0x0000004a   Code   RO         2858    i.vQueueWaitForMessageRestricted  queue.o
    0x08011d1a   0x08011d1a   0x00000002   PAD
    0x08011d1c   0x08011d1c   0x0000005c   Code   RO         3078    i.vTaskDelay        tasks.o
    0x08011d78   0x08011d78   0x000000f4   Code   RO         3080    i.vTaskDelete       tasks.o
    0x08011e6c   0x08011e6c   0x00000018   Code   RO         3083    i.vTaskInternalSetTimeOutState  tasks.o
    0x08011e84   0x08011e84   0x0000000c   Code   RO         3084    i.vTaskMissedYield  tasks.o
    0x08011e90   0x08011e90   0x00000038   Code   RO         3086    i.vTaskPlaceOnEventList  tasks.o
    0x08011ec8   0x08011ec8   0x00000040   Code   RO         3087    i.vTaskPlaceOnEventListRestricted  tasks.o
    0x08011f08   0x08011f08   0x00000094   Code   RO         3095    i.vTaskStartScheduler  tasks.o
    0x08011f9c   0x08011f9c   0x00000010   Code   RO         3097    i.vTaskSuspendAll   tasks.o
    0x08011fac   0x08011fac   0x0000008c   Code   RO         3098    i.vTaskSwitchContext  tasks.o
    0x08012038   0x08012038   0x00000168   Code   RO         3616    i.xPortStartScheduler  port.o
    0x080121a0   0x080121a0   0x00000034   Code   RO         3617    i.xPortSysTickHandler  port.o
    0x080121d4   0x080121d4   0x0000005a   Code   RO         2861    i.xQueueGenericCreate  queue.o
    0x0801222e   0x0801222e   0x00000002   PAD
    0x08012230   0x08012230   0x00000098   Code   RO         2862    i.xQueueGenericReset  queue.o
    0x080122c8   0x080122c8   0x000001a8   Code   RO         2863    i.xQueueGenericSend  queue.o
    0x08012470   0x08012470   0x000000f8   Code   RO         2864    i.xQueueGenericSendFromISR  queue.o
    0x08012568   0x08012568   0x00000168   Code   RO         2871    i.xQueueReceive     queue.o
    0x080126d0   0x080126d0   0x0000008c   Code   RO         3099    i.xTaskCheckForTimeOut  tasks.o
    0x0801275c   0x0801275c   0x00000060   Code   RO         3100    i.xTaskCreate       tasks.o
    0x080127bc   0x080127bc   0x00000020   Code   RO         3104    i.xTaskGetSchedulerState  tasks.o
    0x080127dc   0x080127dc   0x0000000c   Code   RO         3105    i.xTaskGetTickCount  tasks.o
    0x080127e8   0x080127e8   0x00000148   Code   RO         3107    i.xTaskIncrementTick  tasks.o
    0x08012930   0x08012930   0x000000c8   Code   RO         3110    i.xTaskPriorityDisinherit  tasks.o
    0x080129f8   0x080129f8   0x00000098   Code   RO         3112    i.xTaskRemoveFromEventList  tasks.o
    0x08012a90   0x08012a90   0x00000104   Code   RO         3113    i.xTaskResumeAll    tasks.o
    0x08012b94   0x08012b94   0x00000058   Code   RO         3426    i.xTimerCreateTimerTask  timers.o
    0x08012bec   0x08012bec   0x00000084   Code   RO         3427    i.xTimerGenericCommand  timers.o
    0x08012c70   0x08012c70   0x0000002c   Code   RO         7296    locale$$code        c_w.l(lc_numeric_c.o)
    0x08012c9c   0x08012c9c   0x0000002c   Code   RO         7371    locale$$code        c_w.l(lc_ctype_c.o)
    0x08012cc8   0x08012cc8   0x00000018   Code   RO         7147    x$fpl$basic         fz_wm.l(basic.o)
    0x08012ce0   0x08012ce0   0x00000062   Code   RO         6845    x$fpl$d2f           fz_wm.l(d2f.o)
    0x08012d42   0x08012d42   0x00000002   PAD
    0x08012d44   0x08012d44   0x00000150   Code   RO         6847    x$fpl$dadd          fz_wm.l(daddsub_clz.o)
    0x08012e94   0x08012e94   0x00000018   Code   RO         7149    x$fpl$dcmpinf       fz_wm.l(dcmpi.o)
    0x08012eac   0x08012eac   0x000002b0   Code   RO         6854    x$fpl$ddiv          fz_wm.l(ddiv.o)
    0x0801315c   0x0801315c   0x00000078   Code   RO         6857    x$fpl$deqf          fz_wm.l(deqf.o)
    0x080131d4   0x080131d4   0x0000005e   Code   RO         6859    x$fpl$dfix          fz_wm.l(dfix.o)
    0x08013232   0x08013232   0x0000002e   Code   RO         6864    x$fpl$dflt          fz_wm.l(dflt_clz.o)
    0x08013260   0x08013260   0x00000026   Code   RO         6863    x$fpl$dfltu         fz_wm.l(dflt_clz.o)
    0x08013286   0x08013286   0x00000002   PAD
    0x08013288   0x08013288   0x00000078   Code   RO         6869    x$fpl$dleqf         fz_wm.l(dleqf.o)
    0x08013300   0x08013300   0x00000154   Code   RO         6871    x$fpl$dmul          fz_wm.l(dmul.o)
    0x08013454   0x08013454   0x0000009c   Code   RO         7151    x$fpl$dnaninf       fz_wm.l(dnaninf.o)
    0x080134f0   0x080134f0   0x0000000c   Code   RO         7153    x$fpl$dretinf       fz_wm.l(dretinf.o)
    0x080134fc   0x080134fc   0x0000006c   Code   RO         6873    x$fpl$drleqf        fz_wm.l(drleqf.o)
    0x08013568   0x08013568   0x00000016   Code   RO         6848    x$fpl$drsb          fz_wm.l(daddsub_clz.o)
    0x0801357e   0x0801357e   0x00000002   PAD
    0x08013580   0x08013580   0x00000198   Code   RO         7155    x$fpl$dsqrt         fz_wm.l(dsqrt_umaal.o)
    0x08013718   0x08013718   0x000001d4   Code   RO         6849    x$fpl$dsub          fz_wm.l(daddsub_clz.o)
    0x080138ec   0x080138ec   0x00000056   Code   RO         6875    x$fpl$f2d           fz_wm.l(f2d.o)
    0x08013942   0x08013942   0x00000060   Code   RO         6881    x$fpl$ffltll        fz_wm.l(ffltll_clz.o)
    0x080139a2   0x080139a2   0x0000008c   Code   RO         7157    x$fpl$fnaninf       fz_wm.l(fnaninf.o)
    0x08013a2e   0x08013a2e   0x0000000a   Code   RO         7379    x$fpl$fpinit        fz_wm.l(fpinit.o)
    0x08013a38   0x08013a38   0x0000000a   Code   RO         7159    x$fpl$fretinf       fz_wm.l(fretinf.o)
    0x08013a42   0x08013a42   0x00000002   PAD
    0x08013a44   0x08013a44   0x00000086   Code   RO         6877    x$fpl$llsfromf      fz_wm.l(ffixll.o)
    0x08013aca   0x08013aca   0x00000004   Code   RO         6883    x$fpl$printf1       fz_wm.l(printf1.o)
    0x08013ace   0x08013ace   0x00000004   Code   RO         7161    x$fpl$printf2       fz_wm.l(printf2.o)
    0x08013ad2   0x08013ad2   0x00000000   Code   RO         7169    x$fpl$usenofp       fz_wm.l(usenofp.o)
    0x08013ad2   0x08013ad2   0x00000004   Data   RO         3755    .constdata          bsp_dma.o
    0x08013ad6   0x08013ad6   0x00000002   PAD
    0x08013ad8   0x08013ad8   0x0000025c   Data   RO         4526    .constdata          inv_mpu.o
    0x08013d34   0x08013d34   0x00000bf6   Data   RO         4967    .constdata          inv_mpu_dmp_motion_driver.o
    0x0801492a   0x0801492a   0x0000002f   Data   RO         6184    .constdata          mpl.o
    0x08014959   0x08014959   0x00000028   Data   RO         6801    .constdata          c_w.l(_printf_hex_int_ll_ptr.o)
    0x08014981   0x08014981   0x00000011   Data   RO         6821    .constdata          c_w.l(__printf_flags_ss_wp.o)
    0x08014992   0x08014992   0x00000006   PAD
    0x08014998   0x08014998   0x00000050   Data   RO         6914    .constdata          m_wm.l(asin.o)
    0x080149e8   0x080149e8   0x00000098   Data   RO         6940    .constdata          m_wm.l(atan.o)
    0x08014a80   0x08014a80   0x00000038   Data   RO         7020    .constdata          m_wm.l(log.o)
    0x08014ab8   0x08014ab8   0x00000008   Data   RO         7117    .constdata          c_w.l(_printf_wctomb.o)
    0x08014ac0   0x08014ac0   0x00000030   Data   RO         7171    .constdata          m_wm.l(cos_i.o)
    0x08014af0   0x08014af0   0x00000008   Data   RO         7207    .constdata          m_wm.l(qnan.o)
    0x08014af8   0x08014af8   0x000000c8   Data   RO         7210    .constdata          m_wm.l(rred.o)
    0x08014bc0   0x08014bc0   0x00000020   Data   RO         7214    .constdata          m_wm.l(rredf.o)
    0x08014be0   0x08014be0   0x00000028   Data   RO         7217    .constdata          m_wm.l(sin_i.o)
    0x08014c08   0x08014c08   0x00000026   Data   RO         7254    .constdata          c_w.l(_printf_fp_hex.o)
    0x08014c2e   0x08014c2e   0x00000002   PAD
    0x08014c30   0x08014c30   0x00000094   Data   RO         7265    .constdata          c_w.l(bigflt0.o)
    0x08014cc4   0x08014cc4   0x00000009   Data   RO         4527    .conststring        inv_mpu.o
    0x08014ccd   0x08014ccd   0x00000003   PAD
    0x08014cd0   0x08014cd0   0x00000044   Data   RO         5319    .conststring        data_builder.o
    0x08014d14   0x08014d14   0x00000020   Data   RO         7452    Region$$Table       anon$$obj.o
    0x08014d34   0x08014d34   0x0000001c   Data   RO         7295    locale$$data        c_w.l(lc_numeric_c.o)
    0x08014d50   0x08014d50   0x00000110   Data   RO         7370    locale$$data        c_w.l(lc_ctype_c.o)


    Execution Region RW_IRAM1 (Exec base: 0x20000000, Load base: 0x08014e60, Size: 0x00016c40, Max: 0x00030000, ABSOLUTE, COMPRESSED[0x00000130])

    Exec Addr    Load Addr    Size         Type   Attr      Idx    E Section Name        Object

    0x20000000   COMPRESSED   0x00000004   Data   RW            5    .data               main.o
    0x20000004   COMPRESSED   0x00000002   Data   RW          257    .data               stm32f4xx_it.o
    0x20000006   COMPRESSED   0x00000002   PAD
    0x20000008   COMPRESSED   0x00000014   Data   RW          403    .data               system_stm32f4xx.o
    0x2000001c   COMPRESSED   0x00000004   Data   RW          545    .data               delay.o
    0x20000020   COMPRESSED   0x00000006   Data   RW          668    .data               usart.o
    0x20000026   COMPRESSED   0x00000010   Data   RW          920    .data               stm32f4xx_rcc.o
    0x20000036   COMPRESSED   0x00000002   PAD
    0x20000038   COMPRESSED   0x0000003c   Data   RW         3116    .data               tasks.o
    0x20000074   COMPRESSED   0x00000014   Data   RW         3433    .data               timers.o
    0x20000088   COMPRESSED   0x00000018   Data   RW         3567    .data               heap_4.o
    0x200000a0   COMPRESSED   0x0000000c   Data   RW         3618    .data               port.o
    0x200000ac   COMPRESSED   0x00000004   PAD
    0x200000b0   COMPRESSED   0x00000120   Data   RW         4388    .data               driver_filter.o
    0x200001d0   COMPRESSED   0x00000042   Data   RW         4528    .data               inv_mpu.o
    0x20000212   COMPRESSED   0x00000002   PAD
    0x20000214   COMPRESSED   0x00000004   Data   RW         5799    .data               message_layer.o
    0x20000218   COMPRESSED   0x00000010   Data   RW         6530    .data               libmpllib.lib(compass_vec_cal.o)
    0x20000228        -       0x00000154   Zero   RW          256    .bss                stm32f4xx_it.o
    0x2000037c        -       0x000000c8   Zero   RW          667    .bss                usart.o
    0x20000444        -       0x00000040   Zero   RW         2875    .bss                queue.o
    0x20000484        -       0x000000c8   Zero   RW         3115    .bss                tasks.o
    0x2000054c        -       0x00000028   Zero   RW         3432    .bss                timers.o
    0x20000574        -       0x00012c00   Zero   RW         3566    .bss                heap_4.o
    0x20013174        -       0x000007d0   Zero   RW         3754    .bss                bsp_dma.o
    0x20013944   COMPRESSED   0x00000004   PAD
    0x20013948        -       0x00000158   Zero   RW         3897    .bss                task_imu.o
    0x20013aa0        -       0x000003b0   Zero   RW         3933    .bss                task_chassis.o
    0x20013e50        -       0x00000210   Zero   RW         4002    .bss                task_gimbal.o
    0x20014060        -       0x00000108   Zero   RW         4154    .bss                driver_dial.o
    0x20014168        -       0x00000028   Zero   RW         4190    .bss                driver_shoot.o
    0x20014190        -       0x0000002e   Zero   RW         4272    .bss                driver_dbus.o
    0x200141be   COMPRESSED   0x00000002   PAD
    0x200141c0        -       0x00000010   Zero   RW         4966    .bss                inv_mpu_dmp_motion_driver.o
    0x200141d0        -       0x00000028   Zero   RW         5171    .bss                empl_outputs.o
    0x200141f8        -       0x000002d8   Zero   RW         5318    .bss                data_builder.o
    0x200144d0        -       0x000000c4   Zero   RW         5709    .bss                hal_outputs.o
    0x20014594        -       0x00000088   Zero   RW         6256    .bss                results_holder.o
    0x2001461c        -       0x00000054   Zero   RW         6457    .bss                start_manager.o
    0x20014670        -       0x00000198   Zero   RW         6491    .bss                storage_manager.o
    0x20014808        -       0x00000460   Zero   RW         6529    .bss                libmpllib.lib(compass_vec_cal.o)
    0x20014c68        -       0x000002a0   Zero   RW         6619    .bss                libmpllib.lib(fast_no_motion.o)
    0x20014f08        -       0x00000138   Zero   RW         6652    .bss                libmpllib.lib(fusion_9axis.o)
    0x20015040        -       0x000001c4   Zero   RW         6674    .bss                libmpllib.lib(gyro_tc.o)
    0x20015204        -       0x000000b8   Zero   RW         6692    .bss                libmpllib.lib(mag_disturb.o)
    0x200152bc        -       0x0000006c   Zero   RW         6714    .bss                libmpllib.lib(quaternion_supervisor.o)
    0x20015328        -       0x000004b8   Zero   RW         6732    .bss                libmpllib.lib(accel_auto_cal.o)
    0x200157e0        -       0x00000060   Zero   RW         7303    .bss                c_w.l(libspace.o)
    0x20015840        -       0x00001000   Zero   RW          717    HEAP                startup_stm32f427xx.o
    0x20016840        -       0x00000400   Zero   RW          716    STACK               startup_stm32f427xx.o


==============================================================================

Image component sizes


      Code (inc. data)   RO Data    RW Data    ZI Data      Debug   Object Name

       260         10          0          0          0        731   bsp_can.o
       328         26          4          0       2000       1383   bsp_dma.o
       564         26          0          0          0        828   bsp_gpio.o
       232         16          0          0          0        608   bsp_nvic.o
       124          6          0          0          0        651   bsp_tim.o
       160         12          0          0          0        572   bsp_uart.o
      1552        208         68          0        728      19001   data_builder.o
       220         18          0          4          0     253393   delay.o
      1368         14          0          0          0       4925   driver_control.o
         0          0          0          0         46       1098   driver_dbus.o
       280         44          0          0        264       3045   driver_dial.o
       184          6          0          0          0        979   driver_edcoder.o
       296         10          0        288          0       1617   driver_filter.o
       140         10          0          0          0       2288   driver_fricmotor.o
       620         96          0          0          0       3895   driver_iic.o
       690          0          0          0          0       6991   driver_imu.o
       160         32          0          0         40       1369   driver_shoot.o
       308         20          0          0         40       5918   empl_outputs.o
         0          0          0          0          0       9364   event_groups.o
       112          8          0          0        196       1962   hal_outputs.o
       692         62          0         24      76800       4267   heap_4.o
     10002       1458        613         66          0      39192   inv_mpu.o
      3128        138       3062          0         16      20818   inv_mpu_dmp_motion_driver.o
       148          0          0          0          0       3094   list.o
       202         10          0          0          0       1130   log_stm32.o
       160         56          0          4          0     284003   main.o
        28          4          0          4          0       1138   message_layer.o
       180         24          0          0          0       1985   misc.o
      1816         24          0          0          0      13016   ml_math_func.o
       248         76         47          0          0       2428   mpl.o
      1014         92          0         12          0      11241   port.o
      1784         20          0          0         64      15378   queue.o
       824        128          0          0        136      15165   results_holder.o
       204         20          0          0         84       3180   start_manager.o
        64         26        428          0       5120        816   startup_stm32f427xx.o
      1566         16          0          0          0       6226   stm32f4xx_can.o
       816         86          0          0          0       8036   stm32f4xx_dma.o
       222          0          0          0          0       2767   stm32f4xx_gpio.o
      1076        154          0          2        340     250732   stm32f4xx_it.o
       328         36          0         16          0       4487   stm32f4xx_rcc.o
       496         48          0          0          0       5419   stm32f4xx_tim.o
       422          8          0          0          0       4725   stm32f4xx_usart.o
       168         10          0          0        408       2365   storage_manager.o
       392         32          0         20          0      62229   system_stm32f4xx.o
         0          0          0          0        944       1701   task_chassis.o
       722         72          0          0        528       5612   task_gimbal.o
       232         20          0          0        344       1910   task_imu.o
        60         10          0          0          0        542   task_sysinit.o
      2842        390          0         60        200      24160   tasks.o
      1138        116          0         20         40      21655   timers.o
       168         18          0          6        200       3432   usart.o

    ----------------------------------------------------------------------
     38774       3716       4259        536      88544    1143467   Object Totals
         0          0         32          0          0          0   (incl. Generated)
        34          0          5         10          6          0   (incl. Padding)

    ----------------------------------------------------------------------

      Code (inc. data)   RO Data    RW Data    ZI Data      Debug   Library Member Name

        24          4          0          0          0         84   __2printf.o
        90          0          0          0          0          0   __dczerorl2.o
         8          0          0          0          0         68   __main.o
       392          4         17          0          0         92   __printf_flags_ss_wp.o
        14          0          0          0          0         68   __printf_wp.o
         0          0          0          0          0          0   __rtentry.o
        12          0          0          0          0          0   __rtentry2.o
         6          0          0          0          0          0   __rtentry4.o
        52          8          0          0          0          0   __scatter.o
        28          0          0          0          0          0   __scatter_zi.o
         6          0          0          0          0          0   _printf_a.o
         6          0          0          0          0          0   _printf_c.o
        44          0          0          0          0        108   _printf_char.o
        48          6          0          0          0         96   _printf_char_common.o
        36          4          0          0          0         80   _printf_char_file.o
        40          0          0          0          0         68   _printf_charcount.o
         6          0          0          0          0          0   _printf_d.o
       120         16          0          0          0         92   _printf_dec.o
         6          0          0          0          0          0   _printf_e.o
         6          0          0          0          0          0   _printf_f.o
      1054          0          0          0          0        216   _printf_fp_dec.o
       764          8         38          0          0        100   _printf_fp_hex.o
       128         16          0          0          0         84   _printf_fp_infnan.o
         6          0          0          0          0          0   _printf_g.o
       148          4         40          0          0        160   _printf_hex_int_ll_ptr.o
         6          0          0          0          0          0   _printf_i.o
       178          0          0          0          0         88   _printf_intcommon.o
        10          0          0          0          0          0   _printf_l.o
         6          0          0          0          0          0   _printf_lc.o
        10          0          0          0          0          0   _printf_ll.o
         6          0          0          0          0          0   _printf_lld.o
         6          0          0          0          0          0   _printf_lli.o
         6          0          0          0          0          0   _printf_llo.o
         6          0          0          0          0          0   _printf_llu.o
         6          0          0          0          0          0   _printf_llx.o
       124         16          0          0          0         92   _printf_longlong_dec.o
         6          0          0          0          0          0   _printf_ls.o
         6          0          0          0          0          0   _printf_n.o
         6          0          0          0          0          0   _printf_o.o
       112         10          0          0          0        124   _printf_oct_int_ll.o
         6          0          0          0          0          0   _printf_p.o
        78          0          0          0          0        108   _printf_pad.o
         0          0          0          0          0          0   _printf_percent.o
         4          0          0          0          0          0   _printf_percent_end.o
         6          0          0          0          0          0   _printf_s.o
        82          0          0          0          0         80   _printf_str.o
        36          0          0          0          0         84   _printf_truncate.o
         6          0          0          0          0          0   _printf_u.o
        44          0          0          0          0        108   _printf_wchar.o
       188          6          8          0          0         92   _printf_wctomb.o
         6          0          0          0          0          0   _printf_x.o
        22          0          0          0          0        100   _rserrno.o
        10          0          0          0          0         68   _sputc.o
        64          0          0          0          0         92   _wcrtomb.o
        16          0          0          0          0         68   aeabi_memset.o
       228          4        148          0          0         96   bigflt0.o
      1936        128          0          0          0        672   btod.o
        18          0          0          0          0         80   exit.o
         8          0          0          0          0         68   ferror.o
         6          0          0          0          0        152   heapauxi.o
        44         10        272          0          0         76   lc_ctype_c.o
        44         10         28          0          0         76   lc_numeric_c.o
         2          0          0          0          0          0   libinit.o
        34          0          0          0          0          0   libinit2.o
         2          0          0          0          0          0   libshutdown.o
         2          0          0          0          0          0   libshutdown2.o
         8          4          0          0         96         68   libspace.o
        72          0          0          0          0         76   llsdiv.o
        38          0          0          0          0         68   llshl.o
        38          0          0          0          0         68   llsshr.o
       138          0          0          0          0         80   lludiv10.o
       238          0          0          0          0        100   lludivv7m.o
        88          0          0          0          0         76   memcmp.o
        16          4          0          0          0         76   rt_ctype_table.o
         8          4          0          0          0         68   rt_errno_addr_intlibspace.o
         8          4          0          0          0         68   rt_locale_intlibspace.o
        68          0          0          0          0         68   rt_memclr.o
        78          0          0          0          0         80   rt_memclr_w.o
       138          0          0          0          0         68   rt_memcpy_v6.o
       100          0          0          0          0         80   rt_memcpy_w.o
       122          0          0          0          0         80   rt_memmove_w.o
         2          0          0          0          0          0   rtexit.o
        10          0          0          0          0          0   rtexit2.o
       128          0          0          0          0         68   strcmpv7m.o
        74          0          0          0          0         80   sys_stackheap_outer.o
         2          0          0          0          0         68   use_no_semi.o
         2          0          0          0          0         68   use_no_semi_2.o
        36          4          0          0          0         76   vsprintf.o
        24          0          0          0          0        164   basic.o
        98          4          0          0          0        140   d2f.o
       826         16          0          0          0        492   daddsub_clz.o
        24          0          0          0          0        116   dcmpi.o
       688        140          0          0          0        256   ddiv.o
       120          4          0          0          0        140   deqf.o
        94          4          0          0          0        140   dfix.o
        84          0          0          0          0        232   dflt_clz.o
       120          4          0          0          0        140   dleqf.o
       340         12          0          0          0        152   dmul.o
       156          4          0          0          0        140   dnaninf.o
        12          0          0          0          0        116   dretinf.o
       108          0          0          0          0        128   drleqf.o
       408         56          0          0          0        168   dsqrt_umaal.o
        86          4          0          0          0        132   f2d.o
       134          4          0          0          0        132   ffixll.o
        96          0          0          0          0        132   ffltll_clz.o
       140          4          0          0          0        132   fnaninf.o
        10          0          0          0          0        116   fpinit.o
        10          0          0          0          0        116   fretinf.o
         4          0          0          0          0        116   printf1.o
         4          0          0          0          0        116   printf2.o
         0          0          0          0          0          0   usenofp.o
      3140        190          0          0       1208       9672   accel_auto_cal.o
      9456        298          0         16       1120      19892   compass_vec_cal.o
      2584         42          0          0        672      13744   fast_no_motion.o
      1712         72          0          0        312       5636   fusion_9axis.o
      1220         32          0          0        452       5735   gyro_tc.o
      1472         48          0          0        184       7614   mag_disturb.o
      2452        130          0          0        108       5637   quaternion_supervisor.o
       280         46          0          0          0        176   acosf.o
       864         94         80          0          0        280   asin.o
       744        106        152          0          0        352   atan.o
       496         64          0          0          0        192   atan2.o
       592         90          0          0          0        184   atan2f.o
       200         20          0          0          0        164   cos.o
       368         46         48          0          0        200   cos_i.o
       336         56          0          0          0        136   cosf.o
       152         36          0          0          0        620   dunder.o
        44          0          0          0          0        248   fabs.o
        48          0          0          0          0        124   fpclassify.o
        38          0          0          0          0        116   fpclassifyf.o
        44         12          0          0          0        464   funder.o
       964         92         56          0          0        316   log.o
       248          0          0          0          0        152   poly.o
         0          0          8          0          0          0   qnan.o
      1080        142        200          0          0        188   rred.o
       340         24         32          0          0        160   rredf.o
       304         24         40          0          0        208   sin_i.o
       400         56          0          0          0        212   sinf.o
       232          0          0          0          0        296   sqrt.o
       120          0          0          0          0        272   sqrtf.o

    ----------------------------------------------------------------------
     41392       2254       1175         16       4152      81630   Library Totals
        34          4          8          0          0          0   (incl. Padding)

    ----------------------------------------------------------------------

      Code (inc. data)   RO Data    RW Data    ZI Data      Debug   Library Name

      7842        274        551          0         96       5124   c_w.l
      3586        256          0          0          0       3516   fz_wm.l
     22036        812          0         16       4056      67930   libmpllib.lib
      7894        908        616          0          0       5060   m_wm.l

    ----------------------------------------------------------------------
     41392       2254       1175         16       4152      81630   Library Totals

    ----------------------------------------------------------------------

==============================================================================


      Code (inc. data)   RO Data    RW Data    ZI Data      Debug   

     80166       5970       5434        552      92696    1183885   Grand Totals
     80166       5970       5434        304      92696    1183885   ELF Image Totals (compressed)
     80166       5970       5434        304          0          0   ROM Totals

==============================================================================

    Total RO  Size (Code + RO Data)                85600 (  83.59kB)
    Total RW  Size (RW Data + ZI Data)             93248 (  91.06kB)
    Total ROM Size (Code + RO Data + RW Data)      85904 (  83.89kB)

==============================================================================

